Archive member included to satisfy reference by file (symbol)

c:/st/stm32cubeide_1.6.0/stm32cubeide/plugins/com.st.stm32cube.ide.mcu.externaltools.gnu-tools-for-stm32.9-2020-q2-update.win32_1.5.0.202011040924/tools/bin/../lib/gcc/arm-none-eabi/9.3.1/../../../../arm-none-eabi/lib/thumb/v6-m/nofp\libc_nano.a(lib_a-errno.o)
                              Src/APP/syscalls.o (__errno)
c:/st/stm32cubeide_1.6.0/stm32cubeide/plugins/com.st.stm32cube.ide.mcu.externaltools.gnu-tools-for-stm32.9-2020-q2-update.win32_1.5.0.202011040924/tools/bin/../lib/gcc/arm-none-eabi/9.3.1/../../../../arm-none-eabi/lib/thumb/v6-m/nofp\libc_nano.a(lib_a-exit.o)
                              c:/st/stm32cubeide_1.6.0/stm32cubeide/plugins/com.st.stm32cube.ide.mcu.externaltools.gnu-tools-for-stm32.9-2020-q2-update.win32_1.5.0.202011040924/tools/bin/../lib/gcc/arm-none-eabi/9.3.1/../../../../arm-none-eabi/lib/thumb/v6-m/nofp/crt0.o (exit)
c:/st/stm32cubeide_1.6.0/stm32cubeide/plugins/com.st.stm32cube.ide.mcu.externaltools.gnu-tools-for-stm32.9-2020-q2-update.win32_1.5.0.202011040924/tools/bin/../lib/gcc/arm-none-eabi/9.3.1/../../../../arm-none-eabi/lib/thumb/v6-m/nofp\libc_nano.a(lib_a-impure.o)
                              c:/st/stm32cubeide_1.6.0/stm32cubeide/plugins/com.st.stm32cube.ide.mcu.externaltools.gnu-tools-for-stm32.9-2020-q2-update.win32_1.5.0.202011040924/tools/bin/../lib/gcc/arm-none-eabi/9.3.1/../../../../arm-none-eabi/lib/thumb/v6-m/nofp\libc_nano.a(lib_a-exit.o) (_global_impure_ptr)
c:/st/stm32cubeide_1.6.0/stm32cubeide/plugins/com.st.stm32cube.ide.mcu.externaltools.gnu-tools-for-stm32.9-2020-q2-update.win32_1.5.0.202011040924/tools/bin/../lib/gcc/arm-none-eabi/9.3.1/../../../../arm-none-eabi/lib/thumb/v6-m/nofp\libc_nano.a(lib_a-init.o)
                              c:/st/stm32cubeide_1.6.0/stm32cubeide/plugins/com.st.stm32cube.ide.mcu.externaltools.gnu-tools-for-stm32.9-2020-q2-update.win32_1.5.0.202011040924/tools/bin/../lib/gcc/arm-none-eabi/9.3.1/../../../../arm-none-eabi/lib/thumb/v6-m/nofp/crt0.o (__libc_init_array)
c:/st/stm32cubeide_1.6.0/stm32cubeide/plugins/com.st.stm32cube.ide.mcu.externaltools.gnu-tools-for-stm32.9-2020-q2-update.win32_1.5.0.202011040924/tools/bin/../lib/gcc/arm-none-eabi/9.3.1/../../../../arm-none-eabi/lib/thumb/v6-m/nofp\libc_nano.a(lib_a-memset.o)
                              c:/st/stm32cubeide_1.6.0/stm32cubeide/plugins/com.st.stm32cube.ide.mcu.externaltools.gnu-tools-for-stm32.9-2020-q2-update.win32_1.5.0.202011040924/tools/bin/../lib/gcc/arm-none-eabi/9.3.1/../../../../arm-none-eabi/lib/thumb/v6-m/nofp/crt0.o (memset)
c:/st/stm32cubeide_1.6.0/stm32cubeide/plugins/com.st.stm32cube.ide.mcu.externaltools.gnu-tools-for-stm32.9-2020-q2-update.win32_1.5.0.202011040924/tools/bin/../lib/gcc/arm-none-eabi/9.3.1/thumb/v6-m/nofp\libgcc.a(_udivsi3.o)
                              Src/HAL/LED.o (__aeabi_uidiv)
c:/st/stm32cubeide_1.6.0/stm32cubeide/plugins/com.st.stm32cube.ide.mcu.externaltools.gnu-tools-for-stm32.9-2020-q2-update.win32_1.5.0.202011040924/tools/bin/../lib/gcc/arm-none-eabi/9.3.1/thumb/v6-m/nofp\libgcc.a(_dvmd_tls.o)
                              c:/st/stm32cubeide_1.6.0/stm32cubeide/plugins/com.st.stm32cube.ide.mcu.externaltools.gnu-tools-for-stm32.9-2020-q2-update.win32_1.5.0.202011040924/tools/bin/../lib/gcc/arm-none-eabi/9.3.1/thumb/v6-m/nofp\libgcc.a(_udivsi3.o) (__aeabi_idiv0)

Allocating common symbols
Common symbol       size              file

LED                 0x10              Src/HAL/LED.o

Discarded input sections

 .text          0x0000000000000000        0x0 c:/st/stm32cubeide_1.6.0/stm32cubeide/plugins/com.st.stm32cube.ide.mcu.externaltools.gnu-tools-for-stm32.9-2020-q2-update.win32_1.5.0.202011040924/tools/bin/../lib/gcc/arm-none-eabi/9.3.1/thumb/v6-m/nofp/crti.o
 .data          0x0000000000000000        0x0 c:/st/stm32cubeide_1.6.0/stm32cubeide/plugins/com.st.stm32cube.ide.mcu.externaltools.gnu-tools-for-stm32.9-2020-q2-update.win32_1.5.0.202011040924/tools/bin/../lib/gcc/arm-none-eabi/9.3.1/thumb/v6-m/nofp/crti.o
 .bss           0x0000000000000000        0x0 c:/st/stm32cubeide_1.6.0/stm32cubeide/plugins/com.st.stm32cube.ide.mcu.externaltools.gnu-tools-for-stm32.9-2020-q2-update.win32_1.5.0.202011040924/tools/bin/../lib/gcc/arm-none-eabi/9.3.1/thumb/v6-m/nofp/crti.o
 .data          0x0000000000000000        0x4 c:/st/stm32cubeide_1.6.0/stm32cubeide/plugins/com.st.stm32cube.ide.mcu.externaltools.gnu-tools-for-stm32.9-2020-q2-update.win32_1.5.0.202011040924/tools/bin/../lib/gcc/arm-none-eabi/9.3.1/thumb/v6-m/nofp/crtbegin.o
 .text          0x0000000000000000       0x80 c:/st/stm32cubeide_1.6.0/stm32cubeide/plugins/com.st.stm32cube.ide.mcu.externaltools.gnu-tools-for-stm32.9-2020-q2-update.win32_1.5.0.202011040924/tools/bin/../lib/gcc/arm-none-eabi/9.3.1/../../../../arm-none-eabi/lib/thumb/v6-m/nofp/crt0.o
 .data          0x0000000000000000        0x0 c:/st/stm32cubeide_1.6.0/stm32cubeide/plugins/com.st.stm32cube.ide.mcu.externaltools.gnu-tools-for-stm32.9-2020-q2-update.win32_1.5.0.202011040924/tools/bin/../lib/gcc/arm-none-eabi/9.3.1/../../../../arm-none-eabi/lib/thumb/v6-m/nofp/crt0.o
 .bss           0x0000000000000000        0x0 c:/st/stm32cubeide_1.6.0/stm32cubeide/plugins/com.st.stm32cube.ide.mcu.externaltools.gnu-tools-for-stm32.9-2020-q2-update.win32_1.5.0.202011040924/tools/bin/../lib/gcc/arm-none-eabi/9.3.1/../../../../arm-none-eabi/lib/thumb/v6-m/nofp/crt0.o
 .ARM.extab     0x0000000000000000        0x0 c:/st/stm32cubeide_1.6.0/stm32cubeide/plugins/com.st.stm32cube.ide.mcu.externaltools.gnu-tools-for-stm32.9-2020-q2-update.win32_1.5.0.202011040924/tools/bin/../lib/gcc/arm-none-eabi/9.3.1/../../../../arm-none-eabi/lib/thumb/v6-m/nofp/crt0.o
 .ARM.exidx     0x0000000000000000       0x10 c:/st/stm32cubeide_1.6.0/stm32cubeide/plugins/com.st.stm32cube.ide.mcu.externaltools.gnu-tools-for-stm32.9-2020-q2-update.win32_1.5.0.202011040924/tools/bin/../lib/gcc/arm-none-eabi/9.3.1/../../../../arm-none-eabi/lib/thumb/v6-m/nofp/crt0.o
 .ARM.attributes
                0x0000000000000000       0x1b c:/st/stm32cubeide_1.6.0/stm32cubeide/plugins/com.st.stm32cube.ide.mcu.externaltools.gnu-tools-for-stm32.9-2020-q2-update.win32_1.5.0.202011040924/tools/bin/../lib/gcc/arm-none-eabi/9.3.1/../../../../arm-none-eabi/lib/thumb/v6-m/nofp/crt0.o
 .group         0x0000000000000000        0xc Src/APP/main.o
 .group         0x0000000000000000        0xc Src/APP/main.o
 .group         0x0000000000000000        0xc Src/APP/main.o
 .group         0x0000000000000000        0xc Src/APP/main.o
 .group         0x0000000000000000        0xc Src/APP/main.o
 .group         0x0000000000000000        0xc Src/APP/main.o
 .group         0x0000000000000000        0xc Src/APP/main.o
 .group         0x0000000000000000        0xc Src/APP/main.o
 .group         0x0000000000000000        0xc Src/APP/main.o
 .group         0x0000000000000000        0xc Src/APP/main.o
 .text          0x0000000000000000        0x0 Src/APP/main.o
 .data          0x0000000000000000        0x0 Src/APP/main.o
 .bss           0x0000000000000000        0x0 Src/APP/main.o
 .text.BTN_Controls
                0x0000000000000000       0x60 Src/APP/main.o
 .text.BTN_0_Led_ON
                0x0000000000000000       0x38 Src/APP/main.o
 .text.BTN_1_Led_ON
                0x0000000000000000       0x36 Src/APP/main.o
 .group         0x0000000000000000        0xc Src/APP/syscalls.o
 .group         0x0000000000000000        0xc Src/APP/syscalls.o
 .group         0x0000000000000000        0xc Src/APP/syscalls.o
 .group         0x0000000000000000        0xc Src/APP/syscalls.o
 .group         0x0000000000000000        0xc Src/APP/syscalls.o
 .group         0x0000000000000000        0xc Src/APP/syscalls.o
 .group         0x0000000000000000        0xc Src/APP/syscalls.o
 .group         0x0000000000000000        0xc Src/APP/syscalls.o
 .group         0x0000000000000000        0xc Src/APP/syscalls.o
 .group         0x0000000000000000        0xc Src/APP/syscalls.o
 .group         0x0000000000000000        0xc Src/APP/syscalls.o
 .group         0x0000000000000000        0xc Src/APP/syscalls.o
 .group         0x0000000000000000        0xc Src/APP/syscalls.o
 .group         0x0000000000000000        0xc Src/APP/syscalls.o
 .group         0x0000000000000000        0xc Src/APP/syscalls.o
 .group         0x0000000000000000        0xc Src/APP/syscalls.o
 .group         0x0000000000000000        0xc Src/APP/syscalls.o
 .group         0x0000000000000000        0xc Src/APP/syscalls.o
 .group         0x0000000000000000        0xc Src/APP/syscalls.o
 .group         0x0000000000000000        0xc Src/APP/syscalls.o
 .group         0x0000000000000000        0xc Src/APP/syscalls.o
 .group         0x0000000000000000        0xc Src/APP/syscalls.o
 .group         0x0000000000000000        0xc Src/APP/syscalls.o
 .group         0x0000000000000000        0xc Src/APP/syscalls.o
 .group         0x0000000000000000        0xc Src/APP/syscalls.o
 .group         0x0000000000000000        0xc Src/APP/syscalls.o
 .group         0x0000000000000000        0xc Src/APP/syscalls.o
 .group         0x0000000000000000        0xc Src/APP/syscalls.o
 .group         0x0000000000000000        0xc Src/APP/syscalls.o
 .group         0x0000000000000000        0xc Src/APP/syscalls.o
 .group         0x0000000000000000        0xc Src/APP/syscalls.o
 .group         0x0000000000000000        0xc Src/APP/syscalls.o
 .group         0x0000000000000000        0xc Src/APP/syscalls.o
 .group         0x0000000000000000        0xc Src/APP/syscalls.o
 .group         0x0000000000000000        0xc Src/APP/syscalls.o
 .group         0x0000000000000000        0xc Src/APP/syscalls.o
 .group         0x0000000000000000        0xc Src/APP/syscalls.o
 .group         0x0000000000000000        0xc Src/APP/syscalls.o
 .group         0x0000000000000000        0xc Src/APP/syscalls.o
 .group         0x0000000000000000        0xc Src/APP/syscalls.o
 .group         0x0000000000000000        0xc Src/APP/syscalls.o
 .group         0x0000000000000000        0xc Src/APP/syscalls.o
 .group         0x0000000000000000        0xc Src/APP/syscalls.o
 .group         0x0000000000000000        0xc Src/APP/syscalls.o
 .group         0x0000000000000000        0xc Src/APP/syscalls.o
 .group         0x0000000000000000        0xc Src/APP/syscalls.o
 .group         0x0000000000000000        0xc Src/APP/syscalls.o
 .text          0x0000000000000000        0x0 Src/APP/syscalls.o
 .data          0x0000000000000000        0x0 Src/APP/syscalls.o
 .bss           0x0000000000000000        0x0 Src/APP/syscalls.o
 .bss.__env     0x0000000000000000        0x4 Src/APP/syscalls.o
 .data.environ  0x0000000000000000        0x4 Src/APP/syscalls.o
 .text.initialise_monitor_handles
                0x0000000000000000        0xa Src/APP/syscalls.o
 .text._getpid  0x0000000000000000        0xc Src/APP/syscalls.o
 .text._kill    0x0000000000000000       0x20 Src/APP/syscalls.o
 .text._exit    0x0000000000000000       0x18 Src/APP/syscalls.o
 .text._read    0x0000000000000000       0x3a Src/APP/syscalls.o
 .text._write   0x0000000000000000       0x38 Src/APP/syscalls.o
 .text._close   0x0000000000000000       0x14 Src/APP/syscalls.o
 .text._fstat   0x0000000000000000       0x1c Src/APP/syscalls.o
 .text._isatty  0x0000000000000000       0x12 Src/APP/syscalls.o
 .text._lseek   0x0000000000000000       0x16 Src/APP/syscalls.o
 .text._open    0x0000000000000000       0x1c Src/APP/syscalls.o
 .text._wait    0x0000000000000000       0x1e Src/APP/syscalls.o
 .text._unlink  0x0000000000000000       0x1e Src/APP/syscalls.o
 .text._times   0x0000000000000000       0x14 Src/APP/syscalls.o
 .text._stat    0x0000000000000000       0x1c Src/APP/syscalls.o
 .text._link    0x0000000000000000       0x20 Src/APP/syscalls.o
 .text._fork    0x0000000000000000       0x18 Src/APP/syscalls.o
 .text._execve  0x0000000000000000       0x22 Src/APP/syscalls.o
 .debug_info    0x0000000000000000      0xfa8 Src/APP/syscalls.o
 .debug_abbrev  0x0000000000000000      0x286 Src/APP/syscalls.o
 .debug_aranges
                0x0000000000000000       0xa8 Src/APP/syscalls.o
 .debug_ranges  0x0000000000000000       0x98 Src/APP/syscalls.o
 .debug_macro   0x0000000000000000      0x24c Src/APP/syscalls.o
 .debug_macro   0x0000000000000000      0xa8a Src/APP/syscalls.o
 .debug_macro   0x0000000000000000       0x22 Src/APP/syscalls.o
 .debug_macro   0x0000000000000000       0x4c Src/APP/syscalls.o
 .debug_macro   0x0000000000000000       0x18 Src/APP/syscalls.o
 .debug_macro   0x0000000000000000       0x94 Src/APP/syscalls.o
 .debug_macro   0x0000000000000000       0x3c Src/APP/syscalls.o
 .debug_macro   0x0000000000000000       0x34 Src/APP/syscalls.o
 .debug_macro   0x0000000000000000       0x57 Src/APP/syscalls.o
 .debug_macro   0x0000000000000000      0x174 Src/APP/syscalls.o
 .debug_macro   0x0000000000000000      0x339 Src/APP/syscalls.o
 .debug_macro   0x0000000000000000       0x16 Src/APP/syscalls.o
 .debug_macro   0x0000000000000000       0x43 Src/APP/syscalls.o
 .debug_macro   0x0000000000000000       0x34 Src/APP/syscalls.o
 .debug_macro   0x0000000000000000       0x10 Src/APP/syscalls.o
 .debug_macro   0x0000000000000000       0x58 Src/APP/syscalls.o
 .debug_macro   0x0000000000000000       0x71 Src/APP/syscalls.o
 .debug_macro   0x0000000000000000       0x1c Src/APP/syscalls.o
 .debug_macro   0x0000000000000000      0x12a Src/APP/syscalls.o
 .debug_macro   0x0000000000000000       0x10 Src/APP/syscalls.o
 .debug_macro   0x0000000000000000       0x35 Src/APP/syscalls.o
 .debug_macro   0x0000000000000000       0x10 Src/APP/syscalls.o
 .debug_macro   0x0000000000000000       0x10 Src/APP/syscalls.o
 .debug_macro   0x0000000000000000       0x10 Src/APP/syscalls.o
 .debug_macro   0x0000000000000000       0x6a Src/APP/syscalls.o
 .debug_macro   0x0000000000000000       0x1c Src/APP/syscalls.o
 .debug_macro   0x0000000000000000       0x52 Src/APP/syscalls.o
 .debug_macro   0x0000000000000000       0x22 Src/APP/syscalls.o
 .debug_macro   0x0000000000000000       0x10 Src/APP/syscalls.o
 .debug_macro   0x0000000000000000       0x40 Src/APP/syscalls.o
 .debug_macro   0x0000000000000000       0xd5 Src/APP/syscalls.o
 .debug_macro   0x0000000000000000       0x1c Src/APP/syscalls.o
 .debug_macro   0x0000000000000000       0x3d Src/APP/syscalls.o
 .debug_macro   0x0000000000000000       0x35 Src/APP/syscalls.o
 .debug_macro   0x0000000000000000      0x12c Src/APP/syscalls.o
 .debug_macro   0x0000000000000000       0x16 Src/APP/syscalls.o
 .debug_macro   0x0000000000000000       0x16 Src/APP/syscalls.o
 .debug_macro   0x0000000000000000       0x29 Src/APP/syscalls.o
 .debug_macro   0x0000000000000000       0x10 Src/APP/syscalls.o
 .debug_macro   0x0000000000000000      0x241 Src/APP/syscalls.o
 .debug_macro   0x0000000000000000       0x1c Src/APP/syscalls.o
 .debug_macro   0x0000000000000000       0x10 Src/APP/syscalls.o
 .debug_macro   0x0000000000000000       0x10 Src/APP/syscalls.o
 .debug_macro   0x0000000000000000       0x16 Src/APP/syscalls.o
 .debug_macro   0x0000000000000000      0x145 Src/APP/syscalls.o
 .debug_macro   0x0000000000000000      0x189 Src/APP/syscalls.o
 .debug_macro   0x0000000000000000       0x16 Src/APP/syscalls.o
 .debug_macro   0x0000000000000000       0xce Src/APP/syscalls.o
 .debug_line    0x0000000000000000      0x801 Src/APP/syscalls.o
 .debug_str     0x0000000000000000     0x8e26 Src/APP/syscalls.o
 .comment       0x0000000000000000       0x54 Src/APP/syscalls.o
 .debug_frame   0x0000000000000000      0x244 Src/APP/syscalls.o
 .ARM.attributes
                0x0000000000000000       0x2c Src/APP/syscalls.o
 .group         0x0000000000000000        0xc Src/APP/sysmem.o
 .group         0x0000000000000000        0xc Src/APP/sysmem.o
 .group         0x0000000000000000        0xc Src/APP/sysmem.o
 .group         0x0000000000000000        0xc Src/APP/sysmem.o
 .group         0x0000000000000000        0xc Src/APP/sysmem.o
 .group         0x0000000000000000        0xc Src/APP/sysmem.o
 .group         0x0000000000000000        0xc Src/APP/sysmem.o
 .group         0x0000000000000000        0xc Src/APP/sysmem.o
 .group         0x0000000000000000        0xc Src/APP/sysmem.o
 .group         0x0000000000000000        0xc Src/APP/sysmem.o
 .group         0x0000000000000000        0xc Src/APP/sysmem.o
 .group         0x0000000000000000        0xc Src/APP/sysmem.o
 .group         0x0000000000000000        0xc Src/APP/sysmem.o
 .group         0x0000000000000000        0xc Src/APP/sysmem.o
 .group         0x0000000000000000        0xc Src/APP/sysmem.o
 .group         0x0000000000000000        0xc Src/APP/sysmem.o
 .group         0x0000000000000000        0xc Src/APP/sysmem.o
 .group         0x0000000000000000        0xc Src/APP/sysmem.o
 .group         0x0000000000000000        0xc Src/APP/sysmem.o
 .group         0x0000000000000000        0xc Src/APP/sysmem.o
 .group         0x0000000000000000        0xc Src/APP/sysmem.o
 .group         0x0000000000000000        0xc Src/APP/sysmem.o
 .text          0x0000000000000000        0x0 Src/APP/sysmem.o
 .data          0x0000000000000000        0x0 Src/APP/sysmem.o
 .bss           0x0000000000000000        0x0 Src/APP/sysmem.o
 .bss.__sbrk_heap_end
                0x0000000000000000        0x4 Src/APP/sysmem.o
 .text._sbrk    0x0000000000000000       0x6c Src/APP/sysmem.o
 .debug_info    0x0000000000000000      0xa25 Src/APP/sysmem.o
 .debug_abbrev  0x0000000000000000      0x1bf Src/APP/sysmem.o
 .debug_aranges
                0x0000000000000000       0x20 Src/APP/sysmem.o
 .debug_ranges  0x0000000000000000       0x10 Src/APP/sysmem.o
 .debug_macro   0x0000000000000000       0xff Src/APP/sysmem.o
 .debug_macro   0x0000000000000000      0xa8a Src/APP/sysmem.o
 .debug_macro   0x0000000000000000       0x10 Src/APP/sysmem.o
 .debug_macro   0x0000000000000000       0x22 Src/APP/sysmem.o
 .debug_macro   0x0000000000000000       0x4c Src/APP/sysmem.o
 .debug_macro   0x0000000000000000       0x18 Src/APP/sysmem.o
 .debug_macro   0x0000000000000000       0x94 Src/APP/sysmem.o
 .debug_macro   0x0000000000000000       0x3c Src/APP/sysmem.o
 .debug_macro   0x0000000000000000       0x34 Src/APP/sysmem.o
 .debug_macro   0x0000000000000000      0x174 Src/APP/sysmem.o
 .debug_macro   0x0000000000000000       0x16 Src/APP/sysmem.o
 .debug_macro   0x0000000000000000       0x43 Src/APP/sysmem.o
 .debug_macro   0x0000000000000000       0x57 Src/APP/sysmem.o
 .debug_macro   0x0000000000000000       0x34 Src/APP/sysmem.o
 .debug_macro   0x0000000000000000       0x10 Src/APP/sysmem.o
 .debug_macro   0x0000000000000000       0x58 Src/APP/sysmem.o
 .debug_macro   0x0000000000000000       0x71 Src/APP/sysmem.o
 .debug_macro   0x0000000000000000       0x1c Src/APP/sysmem.o
 .debug_macro   0x0000000000000000      0x12a Src/APP/sysmem.o
 .debug_macro   0x0000000000000000      0x23b Src/APP/sysmem.o
 .debug_macro   0x0000000000000000      0x103 Src/APP/sysmem.o
 .debug_macro   0x0000000000000000       0x6a Src/APP/sysmem.o
 .debug_macro   0x0000000000000000      0x1df Src/APP/sysmem.o
 .debug_line    0x0000000000000000      0x4f7 Src/APP/sysmem.o
 .debug_str     0x0000000000000000     0x61f9 Src/APP/sysmem.o
 .comment       0x0000000000000000       0x54 Src/APP/sysmem.o
 .debug_frame   0x0000000000000000       0x30 Src/APP/sysmem.o
 .ARM.attributes
                0x0000000000000000       0x2c Src/APP/sysmem.o
 .group         0x0000000000000000        0xc Src/HAL/ANALOG.o
 .group         0x0000000000000000        0xc Src/HAL/ANALOG.o
 .group         0x0000000000000000        0xc Src/HAL/ANALOG.o
 .group         0x0000000000000000        0xc Src/HAL/ANALOG.o
 .group         0x0000000000000000        0xc Src/HAL/ANALOG.o
 .group         0x0000000000000000        0xc Src/HAL/ANALOG.o
 .group         0x0000000000000000        0xc Src/HAL/ANALOG.o
 .group         0x0000000000000000        0xc Src/HAL/ANALOG.o
 .group         0x0000000000000000        0xc Src/HAL/ANALOG.o
 .group         0x0000000000000000        0xc Src/HAL/ANALOG.o
 .group         0x0000000000000000        0xc Src/HAL/ANALOG.o
 .group         0x0000000000000000        0xc Src/HAL/ANALOG.o
 .group         0x0000000000000000        0xc Src/HAL/ANALOG.o
 .group         0x0000000000000000        0xc Src/HAL/ANALOG.o
 .text          0x0000000000000000        0x0 Src/HAL/ANALOG.o
 .data          0x0000000000000000        0x0 Src/HAL/ANALOG.o
 .bss           0x0000000000000000        0x0 Src/HAL/ANALOG.o
 .text.ANALOG_Set
                0x0000000000000000        0xa Src/HAL/ANALOG.o
 .text.ANALOG_Get
                0x0000000000000000        0xa Src/HAL/ANALOG.o
 .debug_macro   0x0000000000000000      0xa8a Src/HAL/ANALOG.o
 .debug_macro   0x0000000000000000       0x22 Src/HAL/ANALOG.o
 .debug_macro   0x0000000000000000       0x8e Src/HAL/ANALOG.o
 .debug_macro   0x0000000000000000       0x51 Src/HAL/ANALOG.o
 .debug_macro   0x0000000000000000      0x103 Src/HAL/ANALOG.o
 .debug_macro   0x0000000000000000       0x6a Src/HAL/ANALOG.o
 .debug_macro   0x0000000000000000      0x1df Src/HAL/ANALOG.o
 .debug_macro   0x0000000000000000       0x16 Src/HAL/ANALOG.o
 .debug_macro   0x0000000000000000       0x22 Src/HAL/ANALOG.o
 .debug_macro   0x0000000000000000       0x10 Src/HAL/ANALOG.o
 .group         0x0000000000000000        0xc Src/HAL/BUZZ.o
 .group         0x0000000000000000        0xc Src/HAL/BUZZ.o
 .group         0x0000000000000000        0xc Src/HAL/BUZZ.o
 .group         0x0000000000000000        0xc Src/HAL/BUZZ.o
 .group         0x0000000000000000        0xc Src/HAL/BUZZ.o
 .group         0x0000000000000000        0xc Src/HAL/BUZZ.o
 .group         0x0000000000000000        0xc Src/HAL/BUZZ.o
 .group         0x0000000000000000        0xc Src/HAL/BUZZ.o
 .group         0x0000000000000000        0xc Src/HAL/BUZZ.o
 .group         0x0000000000000000        0xc Src/HAL/BUZZ.o
 .group         0x0000000000000000        0xc Src/HAL/BUZZ.o
 .group         0x0000000000000000        0xc Src/HAL/BUZZ.o
 .group         0x0000000000000000        0xc Src/HAL/BUZZ.o
 .group         0x0000000000000000        0xc Src/HAL/BUZZ.o
 .text          0x0000000000000000        0x0 Src/HAL/BUZZ.o
 .data          0x0000000000000000        0x0 Src/HAL/BUZZ.o
 .bss           0x0000000000000000        0x0 Src/HAL/BUZZ.o
 .text.BUZZ_Set
                0x0000000000000000        0xa Src/HAL/BUZZ.o
 .text.BUZZ_Get
                0x0000000000000000        0xa Src/HAL/BUZZ.o
 .debug_macro   0x0000000000000000      0xa8a Src/HAL/BUZZ.o
 .debug_macro   0x0000000000000000       0x22 Src/HAL/BUZZ.o
 .debug_macro   0x0000000000000000       0x8e Src/HAL/BUZZ.o
 .debug_macro   0x0000000000000000       0x51 Src/HAL/BUZZ.o
 .debug_macro   0x0000000000000000      0x103 Src/HAL/BUZZ.o
 .debug_macro   0x0000000000000000       0x6a Src/HAL/BUZZ.o
 .debug_macro   0x0000000000000000      0x1df Src/HAL/BUZZ.o
 .debug_macro   0x0000000000000000       0x16 Src/HAL/BUZZ.o
 .debug_macro   0x0000000000000000       0x3a Src/HAL/BUZZ.o
 .debug_macro   0x0000000000000000       0x34 Src/HAL/BUZZ.o
 .debug_macro   0x0000000000000000       0x22 Src/HAL/BUZZ.o
 .debug_macro   0x0000000000000000       0x10 Src/HAL/BUZZ.o
 .debug_macro   0x0000000000000000       0x9a Src/HAL/BUZZ.o
 .debug_macro   0x0000000000000000      0xdc5 Src/HAL/BUZZ.o
 .group         0x0000000000000000        0xc Src/HAL/CAN.o
 .group         0x0000000000000000        0xc Src/HAL/CAN.o
 .group         0x0000000000000000        0xc Src/HAL/CAN.o
 .group         0x0000000000000000        0xc Src/HAL/CAN.o
 .group         0x0000000000000000        0xc Src/HAL/CAN.o
 .group         0x0000000000000000        0xc Src/HAL/CAN.o
 .group         0x0000000000000000        0xc Src/HAL/CAN.o
 .group         0x0000000000000000        0xc Src/HAL/CAN.o
 .group         0x0000000000000000        0xc Src/HAL/CAN.o
 .group         0x0000000000000000        0xc Src/HAL/CAN.o
 .group         0x0000000000000000        0xc Src/HAL/CAN.o
 .group         0x0000000000000000        0xc Src/HAL/CAN.o
 .group         0x0000000000000000        0xc Src/HAL/CAN.o
 .group         0x0000000000000000        0xc Src/HAL/CAN.o
 .text          0x0000000000000000        0x0 Src/HAL/CAN.o
 .data          0x0000000000000000        0x0 Src/HAL/CAN.o
 .bss           0x0000000000000000        0x0 Src/HAL/CAN.o
 .text.CAN_Set  0x0000000000000000        0xa Src/HAL/CAN.o
 .text.CAN_Get  0x0000000000000000        0xa Src/HAL/CAN.o
 .debug_macro   0x0000000000000000      0xa8a Src/HAL/CAN.o
 .debug_macro   0x0000000000000000       0x22 Src/HAL/CAN.o
 .debug_macro   0x0000000000000000       0x8e Src/HAL/CAN.o
 .debug_macro   0x0000000000000000       0x51 Src/HAL/CAN.o
 .debug_macro   0x0000000000000000      0x103 Src/HAL/CAN.o
 .debug_macro   0x0000000000000000       0x6a Src/HAL/CAN.o
 .debug_macro   0x0000000000000000      0x1df Src/HAL/CAN.o
 .debug_macro   0x0000000000000000       0x16 Src/HAL/CAN.o
 .debug_macro   0x0000000000000000       0x3a Src/HAL/CAN.o
 .debug_macro   0x0000000000000000       0x34 Src/HAL/CAN.o
 .debug_macro   0x0000000000000000       0x22 Src/HAL/CAN.o
 .debug_macro   0x0000000000000000       0x10 Src/HAL/CAN.o
 .debug_macro   0x0000000000000000       0x9a Src/HAL/CAN.o
 .debug_macro   0x0000000000000000      0xdc5 Src/HAL/CAN.o
 .group         0x0000000000000000        0xc Src/HAL/I2C.o
 .group         0x0000000000000000        0xc Src/HAL/I2C.o
 .group         0x0000000000000000        0xc Src/HAL/I2C.o
 .group         0x0000000000000000        0xc Src/HAL/I2C.o
 .group         0x0000000000000000        0xc Src/HAL/I2C.o
 .group         0x0000000000000000        0xc Src/HAL/I2C.o
 .group         0x0000000000000000        0xc Src/HAL/I2C.o
 .group         0x0000000000000000        0xc Src/HAL/I2C.o
 .group         0x0000000000000000        0xc Src/HAL/I2C.o
 .group         0x0000000000000000        0xc Src/HAL/I2C.o
 .group         0x0000000000000000        0xc Src/HAL/I2C.o
 .group         0x0000000000000000        0xc Src/HAL/I2C.o
 .group         0x0000000000000000        0xc Src/HAL/I2C.o
 .group         0x0000000000000000        0xc Src/HAL/I2C.o
 .text          0x0000000000000000        0x0 Src/HAL/I2C.o
 .data          0x0000000000000000        0x0 Src/HAL/I2C.o
 .bss           0x0000000000000000        0x0 Src/HAL/I2C.o
 .text.I2C_Set  0x0000000000000000        0xa Src/HAL/I2C.o
 .text.I2C_Get  0x0000000000000000        0xa Src/HAL/I2C.o
 .debug_macro   0x0000000000000000      0xa8a Src/HAL/I2C.o
 .debug_macro   0x0000000000000000       0x22 Src/HAL/I2C.o
 .debug_macro   0x0000000000000000       0x8e Src/HAL/I2C.o
 .debug_macro   0x0000000000000000       0x51 Src/HAL/I2C.o
 .debug_macro   0x0000000000000000      0x103 Src/HAL/I2C.o
 .debug_macro   0x0000000000000000       0x6a Src/HAL/I2C.o
 .debug_macro   0x0000000000000000      0x1df Src/HAL/I2C.o
 .debug_macro   0x0000000000000000       0x16 Src/HAL/I2C.o
 .debug_macro   0x0000000000000000       0x3a Src/HAL/I2C.o
 .debug_macro   0x0000000000000000       0x34 Src/HAL/I2C.o
 .debug_macro   0x0000000000000000       0x22 Src/HAL/I2C.o
 .debug_macro   0x0000000000000000       0x10 Src/HAL/I2C.o
 .debug_macro   0x0000000000000000       0x9a Src/HAL/I2C.o
 .debug_macro   0x0000000000000000      0xdc5 Src/HAL/I2C.o
 .group         0x0000000000000000        0xc Src/HAL/LED.o
 .group         0x0000000000000000        0xc Src/HAL/LED.o
 .group         0x0000000000000000        0xc Src/HAL/LED.o
 .group         0x0000000000000000        0xc Src/HAL/LED.o
 .group         0x0000000000000000        0xc Src/HAL/LED.o
 .group         0x0000000000000000        0xc Src/HAL/LED.o
 .group         0x0000000000000000        0xc Src/HAL/LED.o
 .group         0x0000000000000000        0xc Src/HAL/LED.o
 .group         0x0000000000000000        0xc Src/HAL/LED.o
 .group         0x0000000000000000        0xc Src/HAL/LED.o
 .group         0x0000000000000000        0xc Src/HAL/LED.o
 .group         0x0000000000000000        0xc Src/HAL/LED.o
 .text          0x0000000000000000        0x0 Src/HAL/LED.o
 .data          0x0000000000000000        0x0 Src/HAL/LED.o
 .bss           0x0000000000000000        0x0 Src/HAL/LED.o
 .text.LED_Get  0x0000000000000000        0xa Src/HAL/LED.o
 .debug_macro   0x0000000000000000      0xa8a Src/HAL/LED.o
 .debug_macro   0x0000000000000000       0x22 Src/HAL/LED.o
 .debug_macro   0x0000000000000000       0x8e Src/HAL/LED.o
 .debug_macro   0x0000000000000000       0x51 Src/HAL/LED.o
 .debug_macro   0x0000000000000000      0x103 Src/HAL/LED.o
 .debug_macro   0x0000000000000000       0x6a Src/HAL/LED.o
 .debug_macro   0x0000000000000000      0x1df Src/HAL/LED.o
 .debug_macro   0x0000000000000000       0x16 Src/HAL/LED.o
 .debug_macro   0x0000000000000000       0x3a Src/HAL/LED.o
 .debug_macro   0x0000000000000000       0x34 Src/HAL/LED.o
 .debug_macro   0x0000000000000000       0x9a Src/HAL/LED.o
 .debug_macro   0x0000000000000000      0xdc5 Src/HAL/LED.o
 .group         0x0000000000000000        0xc Src/HAL/SERIE.o
 .group         0x0000000000000000        0xc Src/HAL/SERIE.o
 .group         0x0000000000000000        0xc Src/HAL/SERIE.o
 .group         0x0000000000000000        0xc Src/HAL/SERIE.o
 .group         0x0000000000000000        0xc Src/HAL/SERIE.o
 .group         0x0000000000000000        0xc Src/HAL/SERIE.o
 .group         0x0000000000000000        0xc Src/HAL/SERIE.o
 .group         0x0000000000000000        0xc Src/HAL/SERIE.o
 .group         0x0000000000000000        0xc Src/HAL/SERIE.o
 .group         0x0000000000000000        0xc Src/HAL/SERIE.o
 .group         0x0000000000000000        0xc Src/HAL/SERIE.o
 .group         0x0000000000000000        0xc Src/HAL/SERIE.o
 .group         0x0000000000000000        0xc Src/HAL/SERIE.o
 .group         0x0000000000000000        0xc Src/HAL/SERIE.o
 .text          0x0000000000000000        0x0 Src/HAL/SERIE.o
 .data          0x0000000000000000        0x0 Src/HAL/SERIE.o
 .bss           0x0000000000000000        0x0 Src/HAL/SERIE.o
 .text.SERIE_Set
                0x0000000000000000        0xa Src/HAL/SERIE.o
 .text.SERIE_Get
                0x0000000000000000        0xa Src/HAL/SERIE.o
 .debug_macro   0x0000000000000000      0xa8a Src/HAL/SERIE.o
 .debug_macro   0x0000000000000000       0x22 Src/HAL/SERIE.o
 .debug_macro   0x0000000000000000       0x8e Src/HAL/SERIE.o
 .debug_macro   0x0000000000000000       0x51 Src/HAL/SERIE.o
 .debug_macro   0x0000000000000000      0x103 Src/HAL/SERIE.o
 .debug_macro   0x0000000000000000       0x6a Src/HAL/SERIE.o
 .debug_macro   0x0000000000000000      0x1df Src/HAL/SERIE.o
 .debug_macro   0x0000000000000000       0x16 Src/HAL/SERIE.o
 .debug_macro   0x0000000000000000       0x3a Src/HAL/SERIE.o
 .debug_macro   0x0000000000000000       0x34 Src/HAL/SERIE.o
 .debug_macro   0x0000000000000000       0x22 Src/HAL/SERIE.o
 .debug_macro   0x0000000000000000       0x10 Src/HAL/SERIE.o
 .debug_macro   0x0000000000000000       0x9a Src/HAL/SERIE.o
 .debug_macro   0x0000000000000000      0xdc5 Src/HAL/SERIE.o
 .group         0x0000000000000000        0xc Src/HAL/SWITCH.o
 .group         0x0000000000000000        0xc Src/HAL/SWITCH.o
 .group         0x0000000000000000        0xc Src/HAL/SWITCH.o
 .group         0x0000000000000000        0xc Src/HAL/SWITCH.o
 .group         0x0000000000000000        0xc Src/HAL/SWITCH.o
 .group         0x0000000000000000        0xc Src/HAL/SWITCH.o
 .group         0x0000000000000000        0xc Src/HAL/SWITCH.o
 .group         0x0000000000000000        0xc Src/HAL/SWITCH.o
 .group         0x0000000000000000        0xc Src/HAL/SWITCH.o
 .group         0x0000000000000000        0xc Src/HAL/SWITCH.o
 .group         0x0000000000000000        0xc Src/HAL/SWITCH.o
 .group         0x0000000000000000        0xc Src/HAL/SWITCH.o
 .text          0x0000000000000000        0x0 Src/HAL/SWITCH.o
 .data          0x0000000000000000        0x0 Src/HAL/SWITCH.o
 .bss           0x0000000000000000        0x0 Src/HAL/SWITCH.o
 .text.SWITCH_Get_AutoRepeat_2
                0x0000000000000000       0x14 Src/HAL/SWITCH.o
 .text.SWITCH_Get_BeforeState_2
                0x0000000000000000       0x14 Src/HAL/SWITCH.o
 .debug_macro   0x0000000000000000      0xa8a Src/HAL/SWITCH.o
 .debug_macro   0x0000000000000000       0x22 Src/HAL/SWITCH.o
 .debug_macro   0x0000000000000000       0x22 Src/HAL/SWITCH.o
 .debug_macro   0x0000000000000000       0x8e Src/HAL/SWITCH.o
 .debug_macro   0x0000000000000000       0x51 Src/HAL/SWITCH.o
 .debug_macro   0x0000000000000000      0x103 Src/HAL/SWITCH.o
 .debug_macro   0x0000000000000000       0x6a Src/HAL/SWITCH.o
 .debug_macro   0x0000000000000000      0x1df Src/HAL/SWITCH.o
 .debug_macro   0x0000000000000000       0x16 Src/HAL/SWITCH.o
 .debug_macro   0x0000000000000000       0x9a Src/HAL/SWITCH.o
 .debug_macro   0x0000000000000000      0xdc5 Src/HAL/SWITCH.o
 .group         0x0000000000000000        0xc Src/SHA/CLOCK.o
 .group         0x0000000000000000        0xc Src/SHA/CLOCK.o
 .group         0x0000000000000000        0xc Src/SHA/CLOCK.o
 .group         0x0000000000000000        0xc Src/SHA/CLOCK.o
 .group         0x0000000000000000        0xc Src/SHA/CLOCK.o
 .group         0x0000000000000000        0xc Src/SHA/CLOCK.o
 .group         0x0000000000000000        0xc Src/SHA/CLOCK.o
 .group         0x0000000000000000        0xc Src/SHA/CLOCK.o
 .group         0x0000000000000000        0xc Src/SHA/CLOCK.o
 .group         0x0000000000000000        0xc Src/SHA/CLOCK.o
 .group         0x0000000000000000        0xc Src/SHA/CLOCK.o
 .group         0x0000000000000000        0xc Src/SHA/CLOCK.o
 .group         0x0000000000000000        0xc Src/SHA/CLOCK.o
 .group         0x0000000000000000        0xc Src/SHA/CLOCK.o
 .text          0x0000000000000000        0x0 Src/SHA/CLOCK.o
 .data          0x0000000000000000        0x0 Src/SHA/CLOCK.o
 .bss           0x0000000000000000        0x0 Src/SHA/CLOCK.o
 .text.CLOCK_Set
                0x0000000000000000        0xa Src/SHA/CLOCK.o
 .text.CLOCK_Get
                0x0000000000000000        0xa Src/SHA/CLOCK.o
 .debug_macro   0x0000000000000000      0xa8a Src/SHA/CLOCK.o
 .debug_macro   0x0000000000000000       0x22 Src/SHA/CLOCK.o
 .debug_macro   0x0000000000000000       0x8e Src/SHA/CLOCK.o
 .debug_macro   0x0000000000000000       0x51 Src/SHA/CLOCK.o
 .debug_macro   0x0000000000000000      0x103 Src/SHA/CLOCK.o
 .debug_macro   0x0000000000000000       0x6a Src/SHA/CLOCK.o
 .debug_macro   0x0000000000000000      0x1df Src/SHA/CLOCK.o
 .debug_macro   0x0000000000000000       0x16 Src/SHA/CLOCK.o
 .debug_macro   0x0000000000000000       0x3a Src/SHA/CLOCK.o
 .debug_macro   0x0000000000000000       0x34 Src/SHA/CLOCK.o
 .debug_macro   0x0000000000000000       0x22 Src/SHA/CLOCK.o
 .debug_macro   0x0000000000000000       0x10 Src/SHA/CLOCK.o
 .debug_macro   0x0000000000000000       0x9a Src/SHA/CLOCK.o
 .debug_macro   0x0000000000000000      0xdc5 Src/SHA/CLOCK.o
 .group         0x0000000000000000        0xc Src/SYS/SYSTEM.o
 .group         0x0000000000000000        0xc Src/SYS/SYSTEM.o
 .group         0x0000000000000000        0xc Src/SYS/SYSTEM.o
 .group         0x0000000000000000        0xc Src/SYS/SYSTEM.o
 .group         0x0000000000000000        0xc Src/SYS/SYSTEM.o
 .group         0x0000000000000000        0xc Src/SYS/SYSTEM.o
 .group         0x0000000000000000        0xc Src/SYS/SYSTEM.o
 .group         0x0000000000000000        0xc Src/SYS/SYSTEM.o
 .group         0x0000000000000000        0xc Src/SYS/SYSTEM.o
 .group         0x0000000000000000        0xc Src/SYS/SYSTEM.o
 .group         0x0000000000000000        0xc Src/SYS/SYSTEM.o
 .group         0x0000000000000000        0xc Src/SYS/SYSTEM.o
 .group         0x0000000000000000        0xc Src/SYS/SYSTEM.o
 .group         0x0000000000000000        0xc Src/SYS/SYSTEM.o
 .text          0x0000000000000000        0x0 Src/SYS/SYSTEM.o
 .data          0x0000000000000000        0x0 Src/SYS/SYSTEM.o
 .bss           0x0000000000000000        0x0 Src/SYS/SYSTEM.o
 .text.SYSTEM_GetTiempoON
                0x0000000000000000       0x14 Src/SYS/SYSTEM.o
 .debug_macro   0x0000000000000000      0xa8a Src/SYS/SYSTEM.o
 .debug_macro   0x0000000000000000       0x22 Src/SYS/SYSTEM.o
 .debug_macro   0x0000000000000000       0x8e Src/SYS/SYSTEM.o
 .debug_macro   0x0000000000000000       0x51 Src/SYS/SYSTEM.o
 .debug_macro   0x0000000000000000      0x103 Src/SYS/SYSTEM.o
 .debug_macro   0x0000000000000000       0x6a Src/SYS/SYSTEM.o
 .debug_macro   0x0000000000000000      0x1df Src/SYS/SYSTEM.o
 .debug_macro   0x0000000000000000       0x16 Src/SYS/SYSTEM.o
 .debug_macro   0x0000000000000000       0x3a Src/SYS/SYSTEM.o
 .debug_macro   0x0000000000000000       0x34 Src/SYS/SYSTEM.o
 .debug_macro   0x0000000000000000       0x22 Src/SYS/SYSTEM.o
 .debug_macro   0x0000000000000000       0x10 Src/SYS/SYSTEM.o
 .debug_macro   0x0000000000000000       0x9a Src/SYS/SYSTEM.o
 .debug_macro   0x0000000000000000      0xdc5 Src/SYS/SYSTEM.o
 .text          0x0000000000000000       0x14 Startup/startup_stm32f042k6tx.o
 .data          0x0000000000000000        0x0 Startup/startup_stm32f042k6tx.o
 .bss           0x0000000000000000        0x0 Startup/startup_stm32f042k6tx.o
 .text          0x0000000000000000        0x0 c:/st/stm32cubeide_1.6.0/stm32cubeide/plugins/com.st.stm32cube.ide.mcu.externaltools.gnu-tools-for-stm32.9-2020-q2-update.win32_1.5.0.202011040924/tools/bin/../lib/gcc/arm-none-eabi/9.3.1/../../../../arm-none-eabi/lib/thumb/v6-m/nofp\libc_nano.a(lib_a-errno.o)
 .data          0x0000000000000000        0x0 c:/st/stm32cubeide_1.6.0/stm32cubeide/plugins/com.st.stm32cube.ide.mcu.externaltools.gnu-tools-for-stm32.9-2020-q2-update.win32_1.5.0.202011040924/tools/bin/../lib/gcc/arm-none-eabi/9.3.1/../../../../arm-none-eabi/lib/thumb/v6-m/nofp\libc_nano.a(lib_a-errno.o)
 .bss           0x0000000000000000        0x0 c:/st/stm32cubeide_1.6.0/stm32cubeide/plugins/com.st.stm32cube.ide.mcu.externaltools.gnu-tools-for-stm32.9-2020-q2-update.win32_1.5.0.202011040924/tools/bin/../lib/gcc/arm-none-eabi/9.3.1/../../../../arm-none-eabi/lib/thumb/v6-m/nofp\libc_nano.a(lib_a-errno.o)
 .text.__errno  0x0000000000000000        0xc c:/st/stm32cubeide_1.6.0/stm32cubeide/plugins/com.st.stm32cube.ide.mcu.externaltools.gnu-tools-for-stm32.9-2020-q2-update.win32_1.5.0.202011040924/tools/bin/../lib/gcc/arm-none-eabi/9.3.1/../../../../arm-none-eabi/lib/thumb/v6-m/nofp\libc_nano.a(lib_a-errno.o)
 .debug_frame   0x0000000000000000       0x20 c:/st/stm32cubeide_1.6.0/stm32cubeide/plugins/com.st.stm32cube.ide.mcu.externaltools.gnu-tools-for-stm32.9-2020-q2-update.win32_1.5.0.202011040924/tools/bin/../lib/gcc/arm-none-eabi/9.3.1/../../../../arm-none-eabi/lib/thumb/v6-m/nofp\libc_nano.a(lib_a-errno.o)
 .ARM.attributes
                0x0000000000000000       0x2c c:/st/stm32cubeide_1.6.0/stm32cubeide/plugins/com.st.stm32cube.ide.mcu.externaltools.gnu-tools-for-stm32.9-2020-q2-update.win32_1.5.0.202011040924/tools/bin/../lib/gcc/arm-none-eabi/9.3.1/../../../../arm-none-eabi/lib/thumb/v6-m/nofp\libc_nano.a(lib_a-errno.o)
 .text          0x0000000000000000        0x0 c:/st/stm32cubeide_1.6.0/stm32cubeide/plugins/com.st.stm32cube.ide.mcu.externaltools.gnu-tools-for-stm32.9-2020-q2-update.win32_1.5.0.202011040924/tools/bin/../lib/gcc/arm-none-eabi/9.3.1/../../../../arm-none-eabi/lib/thumb/v6-m/nofp\libc_nano.a(lib_a-exit.o)
 .data          0x0000000000000000        0x0 c:/st/stm32cubeide_1.6.0/stm32cubeide/plugins/com.st.stm32cube.ide.mcu.externaltools.gnu-tools-for-stm32.9-2020-q2-update.win32_1.5.0.202011040924/tools/bin/../lib/gcc/arm-none-eabi/9.3.1/../../../../arm-none-eabi/lib/thumb/v6-m/nofp\libc_nano.a(lib_a-exit.o)
 .bss           0x0000000000000000        0x0 c:/st/stm32cubeide_1.6.0/stm32cubeide/plugins/com.st.stm32cube.ide.mcu.externaltools.gnu-tools-for-stm32.9-2020-q2-update.win32_1.5.0.202011040924/tools/bin/../lib/gcc/arm-none-eabi/9.3.1/../../../../arm-none-eabi/lib/thumb/v6-m/nofp\libc_nano.a(lib_a-exit.o)
 .text.exit     0x0000000000000000       0x2c c:/st/stm32cubeide_1.6.0/stm32cubeide/plugins/com.st.stm32cube.ide.mcu.externaltools.gnu-tools-for-stm32.9-2020-q2-update.win32_1.5.0.202011040924/tools/bin/../lib/gcc/arm-none-eabi/9.3.1/../../../../arm-none-eabi/lib/thumb/v6-m/nofp\libc_nano.a(lib_a-exit.o)
 .debug_frame   0x0000000000000000       0x28 c:/st/stm32cubeide_1.6.0/stm32cubeide/plugins/com.st.stm32cube.ide.mcu.externaltools.gnu-tools-for-stm32.9-2020-q2-update.win32_1.5.0.202011040924/tools/bin/../lib/gcc/arm-none-eabi/9.3.1/../../../../arm-none-eabi/lib/thumb/v6-m/nofp\libc_nano.a(lib_a-exit.o)
 .ARM.attributes
                0x0000000000000000       0x2c c:/st/stm32cubeide_1.6.0/stm32cubeide/plugins/com.st.stm32cube.ide.mcu.externaltools.gnu-tools-for-stm32.9-2020-q2-update.win32_1.5.0.202011040924/tools/bin/../lib/gcc/arm-none-eabi/9.3.1/../../../../arm-none-eabi/lib/thumb/v6-m/nofp\libc_nano.a(lib_a-exit.o)
 .text          0x0000000000000000        0x0 c:/st/stm32cubeide_1.6.0/stm32cubeide/plugins/com.st.stm32cube.ide.mcu.externaltools.gnu-tools-for-stm32.9-2020-q2-update.win32_1.5.0.202011040924/tools/bin/../lib/gcc/arm-none-eabi/9.3.1/../../../../arm-none-eabi/lib/thumb/v6-m/nofp\libc_nano.a(lib_a-impure.o)
 .data          0x0000000000000000        0x0 c:/st/stm32cubeide_1.6.0/stm32cubeide/plugins/com.st.stm32cube.ide.mcu.externaltools.gnu-tools-for-stm32.9-2020-q2-update.win32_1.5.0.202011040924/tools/bin/../lib/gcc/arm-none-eabi/9.3.1/../../../../arm-none-eabi/lib/thumb/v6-m/nofp\libc_nano.a(lib_a-impure.o)
 .bss           0x0000000000000000        0x0 c:/st/stm32cubeide_1.6.0/stm32cubeide/plugins/com.st.stm32cube.ide.mcu.externaltools.gnu-tools-for-stm32.9-2020-q2-update.win32_1.5.0.202011040924/tools/bin/../lib/gcc/arm-none-eabi/9.3.1/../../../../arm-none-eabi/lib/thumb/v6-m/nofp\libc_nano.a(lib_a-impure.o)
 .data._impure_ptr
                0x0000000000000000        0x4 c:/st/stm32cubeide_1.6.0/stm32cubeide/plugins/com.st.stm32cube.ide.mcu.externaltools.gnu-tools-for-stm32.9-2020-q2-update.win32_1.5.0.202011040924/tools/bin/../lib/gcc/arm-none-eabi/9.3.1/../../../../arm-none-eabi/lib/thumb/v6-m/nofp\libc_nano.a(lib_a-impure.o)
 .data.impure_data
                0x0000000000000000       0x60 c:/st/stm32cubeide_1.6.0/stm32cubeide/plugins/com.st.stm32cube.ide.mcu.externaltools.gnu-tools-for-stm32.9-2020-q2-update.win32_1.5.0.202011040924/tools/bin/../lib/gcc/arm-none-eabi/9.3.1/../../../../arm-none-eabi/lib/thumb/v6-m/nofp\libc_nano.a(lib_a-impure.o)
 .rodata._global_impure_ptr
                0x0000000000000000        0x4 c:/st/stm32cubeide_1.6.0/stm32cubeide/plugins/com.st.stm32cube.ide.mcu.externaltools.gnu-tools-for-stm32.9-2020-q2-update.win32_1.5.0.202011040924/tools/bin/../lib/gcc/arm-none-eabi/9.3.1/../../../../arm-none-eabi/lib/thumb/v6-m/nofp\libc_nano.a(lib_a-impure.o)
 .ARM.attributes
                0x0000000000000000       0x2c c:/st/stm32cubeide_1.6.0/stm32cubeide/plugins/com.st.stm32cube.ide.mcu.externaltools.gnu-tools-for-stm32.9-2020-q2-update.win32_1.5.0.202011040924/tools/bin/../lib/gcc/arm-none-eabi/9.3.1/../../../../arm-none-eabi/lib/thumb/v6-m/nofp\libc_nano.a(lib_a-impure.o)
 .text          0x0000000000000000        0x0 c:/st/stm32cubeide_1.6.0/stm32cubeide/plugins/com.st.stm32cube.ide.mcu.externaltools.gnu-tools-for-stm32.9-2020-q2-update.win32_1.5.0.202011040924/tools/bin/../lib/gcc/arm-none-eabi/9.3.1/../../../../arm-none-eabi/lib/thumb/v6-m/nofp\libc_nano.a(lib_a-init.o)
 .data          0x0000000000000000        0x0 c:/st/stm32cubeide_1.6.0/stm32cubeide/plugins/com.st.stm32cube.ide.mcu.externaltools.gnu-tools-for-stm32.9-2020-q2-update.win32_1.5.0.202011040924/tools/bin/../lib/gcc/arm-none-eabi/9.3.1/../../../../arm-none-eabi/lib/thumb/v6-m/nofp\libc_nano.a(lib_a-init.o)
 .bss           0x0000000000000000        0x0 c:/st/stm32cubeide_1.6.0/stm32cubeide/plugins/com.st.stm32cube.ide.mcu.externaltools.gnu-tools-for-stm32.9-2020-q2-update.win32_1.5.0.202011040924/tools/bin/../lib/gcc/arm-none-eabi/9.3.1/../../../../arm-none-eabi/lib/thumb/v6-m/nofp\libc_nano.a(lib_a-init.o)
 .text          0x0000000000000000        0x0 c:/st/stm32cubeide_1.6.0/stm32cubeide/plugins/com.st.stm32cube.ide.mcu.externaltools.gnu-tools-for-stm32.9-2020-q2-update.win32_1.5.0.202011040924/tools/bin/../lib/gcc/arm-none-eabi/9.3.1/../../../../arm-none-eabi/lib/thumb/v6-m/nofp\libc_nano.a(lib_a-memset.o)
 .data          0x0000000000000000        0x0 c:/st/stm32cubeide_1.6.0/stm32cubeide/plugins/com.st.stm32cube.ide.mcu.externaltools.gnu-tools-for-stm32.9-2020-q2-update.win32_1.5.0.202011040924/tools/bin/../lib/gcc/arm-none-eabi/9.3.1/../../../../arm-none-eabi/lib/thumb/v6-m/nofp\libc_nano.a(lib_a-memset.o)
 .bss           0x0000000000000000        0x0 c:/st/stm32cubeide_1.6.0/stm32cubeide/plugins/com.st.stm32cube.ide.mcu.externaltools.gnu-tools-for-stm32.9-2020-q2-update.win32_1.5.0.202011040924/tools/bin/../lib/gcc/arm-none-eabi/9.3.1/../../../../arm-none-eabi/lib/thumb/v6-m/nofp\libc_nano.a(lib_a-memset.o)
 .text.memset   0x0000000000000000       0x10 c:/st/stm32cubeide_1.6.0/stm32cubeide/plugins/com.st.stm32cube.ide.mcu.externaltools.gnu-tools-for-stm32.9-2020-q2-update.win32_1.5.0.202011040924/tools/bin/../lib/gcc/arm-none-eabi/9.3.1/../../../../arm-none-eabi/lib/thumb/v6-m/nofp\libc_nano.a(lib_a-memset.o)
 .debug_frame   0x0000000000000000       0x20 c:/st/stm32cubeide_1.6.0/stm32cubeide/plugins/com.st.stm32cube.ide.mcu.externaltools.gnu-tools-for-stm32.9-2020-q2-update.win32_1.5.0.202011040924/tools/bin/../lib/gcc/arm-none-eabi/9.3.1/../../../../arm-none-eabi/lib/thumb/v6-m/nofp\libc_nano.a(lib_a-memset.o)
 .ARM.attributes
                0x0000000000000000       0x2c c:/st/stm32cubeide_1.6.0/stm32cubeide/plugins/com.st.stm32cube.ide.mcu.externaltools.gnu-tools-for-stm32.9-2020-q2-update.win32_1.5.0.202011040924/tools/bin/../lib/gcc/arm-none-eabi/9.3.1/../../../../arm-none-eabi/lib/thumb/v6-m/nofp\libc_nano.a(lib_a-memset.o)
 .data          0x0000000000000000        0x0 c:/st/stm32cubeide_1.6.0/stm32cubeide/plugins/com.st.stm32cube.ide.mcu.externaltools.gnu-tools-for-stm32.9-2020-q2-update.win32_1.5.0.202011040924/tools/bin/../lib/gcc/arm-none-eabi/9.3.1/thumb/v6-m/nofp\libgcc.a(_udivsi3.o)
 .bss           0x0000000000000000        0x0 c:/st/stm32cubeide_1.6.0/stm32cubeide/plugins/com.st.stm32cube.ide.mcu.externaltools.gnu-tools-for-stm32.9-2020-q2-update.win32_1.5.0.202011040924/tools/bin/../lib/gcc/arm-none-eabi/9.3.1/thumb/v6-m/nofp\libgcc.a(_udivsi3.o)
 .data          0x0000000000000000        0x0 c:/st/stm32cubeide_1.6.0/stm32cubeide/plugins/com.st.stm32cube.ide.mcu.externaltools.gnu-tools-for-stm32.9-2020-q2-update.win32_1.5.0.202011040924/tools/bin/../lib/gcc/arm-none-eabi/9.3.1/thumb/v6-m/nofp\libgcc.a(_dvmd_tls.o)
 .bss           0x0000000000000000        0x0 c:/st/stm32cubeide_1.6.0/stm32cubeide/plugins/com.st.stm32cube.ide.mcu.externaltools.gnu-tools-for-stm32.9-2020-q2-update.win32_1.5.0.202011040924/tools/bin/../lib/gcc/arm-none-eabi/9.3.1/thumb/v6-m/nofp\libgcc.a(_dvmd_tls.o)
 .text          0x0000000000000000        0x0 c:/st/stm32cubeide_1.6.0/stm32cubeide/plugins/com.st.stm32cube.ide.mcu.externaltools.gnu-tools-for-stm32.9-2020-q2-update.win32_1.5.0.202011040924/tools/bin/../lib/gcc/arm-none-eabi/9.3.1/thumb/v6-m/nofp/crtend.o
 .data          0x0000000000000000        0x0 c:/st/stm32cubeide_1.6.0/stm32cubeide/plugins/com.st.stm32cube.ide.mcu.externaltools.gnu-tools-for-stm32.9-2020-q2-update.win32_1.5.0.202011040924/tools/bin/../lib/gcc/arm-none-eabi/9.3.1/thumb/v6-m/nofp/crtend.o
 .bss           0x0000000000000000        0x0 c:/st/stm32cubeide_1.6.0/stm32cubeide/plugins/com.st.stm32cube.ide.mcu.externaltools.gnu-tools-for-stm32.9-2020-q2-update.win32_1.5.0.202011040924/tools/bin/../lib/gcc/arm-none-eabi/9.3.1/thumb/v6-m/nofp/crtend.o
 .eh_frame      0x0000000000000000        0x4 c:/st/stm32cubeide_1.6.0/stm32cubeide/plugins/com.st.stm32cube.ide.mcu.externaltools.gnu-tools-for-stm32.9-2020-q2-update.win32_1.5.0.202011040924/tools/bin/../lib/gcc/arm-none-eabi/9.3.1/thumb/v6-m/nofp/crtend.o
 .ARM.attributes
                0x0000000000000000       0x2c c:/st/stm32cubeide_1.6.0/stm32cubeide/plugins/com.st.stm32cube.ide.mcu.externaltools.gnu-tools-for-stm32.9-2020-q2-update.win32_1.5.0.202011040924/tools/bin/../lib/gcc/arm-none-eabi/9.3.1/thumb/v6-m/nofp/crtend.o
 .text          0x0000000000000000        0x0 c:/st/stm32cubeide_1.6.0/stm32cubeide/plugins/com.st.stm32cube.ide.mcu.externaltools.gnu-tools-for-stm32.9-2020-q2-update.win32_1.5.0.202011040924/tools/bin/../lib/gcc/arm-none-eabi/9.3.1/thumb/v6-m/nofp/crtn.o
 .data          0x0000000000000000        0x0 c:/st/stm32cubeide_1.6.0/stm32cubeide/plugins/com.st.stm32cube.ide.mcu.externaltools.gnu-tools-for-stm32.9-2020-q2-update.win32_1.5.0.202011040924/tools/bin/../lib/gcc/arm-none-eabi/9.3.1/thumb/v6-m/nofp/crtn.o
 .bss           0x0000000000000000        0x0 c:/st/stm32cubeide_1.6.0/stm32cubeide/plugins/com.st.stm32cube.ide.mcu.externaltools.gnu-tools-for-stm32.9-2020-q2-update.win32_1.5.0.202011040924/tools/bin/../lib/gcc/arm-none-eabi/9.3.1/thumb/v6-m/nofp/crtn.o

Memory Configuration

Name             Origin             Length             Attributes
RAM              0x0000000020000000 0x0000000000001800 xrw
FLASH            0x0000000008000000 0x0000000000008000 xr
*default*        0x0000000000000000 0xffffffffffffffff

Linker script and memory map

LOAD c:/st/stm32cubeide_1.6.0/stm32cubeide/plugins/com.st.stm32cube.ide.mcu.externaltools.gnu-tools-for-stm32.9-2020-q2-update.win32_1.5.0.202011040924/tools/bin/../lib/gcc/arm-none-eabi/9.3.1/thumb/v6-m/nofp/crti.o
LOAD c:/st/stm32cubeide_1.6.0/stm32cubeide/plugins/com.st.stm32cube.ide.mcu.externaltools.gnu-tools-for-stm32.9-2020-q2-update.win32_1.5.0.202011040924/tools/bin/../lib/gcc/arm-none-eabi/9.3.1/thumb/v6-m/nofp/crtbegin.o
LOAD c:/st/stm32cubeide_1.6.0/stm32cubeide/plugins/com.st.stm32cube.ide.mcu.externaltools.gnu-tools-for-stm32.9-2020-q2-update.win32_1.5.0.202011040924/tools/bin/../lib/gcc/arm-none-eabi/9.3.1/../../../../arm-none-eabi/lib/thumb/v6-m/nofp/crt0.o
LOAD Src/APP/main.o
LOAD Src/APP/syscalls.o
LOAD Src/APP/sysmem.o
LOAD Src/HAL/ANALOG.o
LOAD Src/HAL/BUZZ.o
LOAD Src/HAL/CAN.o
LOAD Src/HAL/I2C.o
LOAD Src/HAL/LED.o
LOAD Src/HAL/SERIE.o
LOAD Src/HAL/SWITCH.o
LOAD Src/SHA/CLOCK.o
LOAD Src/SYS/SYSTEM.o
LOAD Startup/startup_stm32f042k6tx.o
START GROUP
LOAD c:/st/stm32cubeide_1.6.0/stm32cubeide/plugins/com.st.stm32cube.ide.mcu.externaltools.gnu-tools-for-stm32.9-2020-q2-update.win32_1.5.0.202011040924/tools/bin/../lib/gcc/arm-none-eabi/9.3.1/../../../../arm-none-eabi/lib/thumb/v6-m/nofp\libc_nano.a
LOAD c:/st/stm32cubeide_1.6.0/stm32cubeide/plugins/com.st.stm32cube.ide.mcu.externaltools.gnu-tools-for-stm32.9-2020-q2-update.win32_1.5.0.202011040924/tools/bin/../lib/gcc/arm-none-eabi/9.3.1/../../../../arm-none-eabi/lib/thumb/v6-m/nofp\libm.a
END GROUP
START GROUP
LOAD c:/st/stm32cubeide_1.6.0/stm32cubeide/plugins/com.st.stm32cube.ide.mcu.externaltools.gnu-tools-for-stm32.9-2020-q2-update.win32_1.5.0.202011040924/tools/bin/../lib/gcc/arm-none-eabi/9.3.1/thumb/v6-m/nofp\libgcc.a
LOAD c:/st/stm32cubeide_1.6.0/stm32cubeide/plugins/com.st.stm32cube.ide.mcu.externaltools.gnu-tools-for-stm32.9-2020-q2-update.win32_1.5.0.202011040924/tools/bin/../lib/gcc/arm-none-eabi/9.3.1/../../../../arm-none-eabi/lib/thumb/v6-m/nofp\libc_nano.a
END GROUP
START GROUP
LOAD c:/st/stm32cubeide_1.6.0/stm32cubeide/plugins/com.st.stm32cube.ide.mcu.externaltools.gnu-tools-for-stm32.9-2020-q2-update.win32_1.5.0.202011040924/tools/bin/../lib/gcc/arm-none-eabi/9.3.1/thumb/v6-m/nofp\libgcc.a
LOAD c:/st/stm32cubeide_1.6.0/stm32cubeide/plugins/com.st.stm32cube.ide.mcu.externaltools.gnu-tools-for-stm32.9-2020-q2-update.win32_1.5.0.202011040924/tools/bin/../lib/gcc/arm-none-eabi/9.3.1/../../../../arm-none-eabi/lib/thumb/v6-m/nofp\libc_nano.a
LOAD c:/st/stm32cubeide_1.6.0/stm32cubeide/plugins/com.st.stm32cube.ide.mcu.externaltools.gnu-tools-for-stm32.9-2020-q2-update.win32_1.5.0.202011040924/tools/bin/../lib/gcc/arm-none-eabi/9.3.1/../../../../arm-none-eabi/lib/thumb/v6-m/nofp\libnosys.a
END GROUP
START GROUP
LOAD c:/st/stm32cubeide_1.6.0/stm32cubeide/plugins/com.st.stm32cube.ide.mcu.externaltools.gnu-tools-for-stm32.9-2020-q2-update.win32_1.5.0.202011040924/tools/bin/../lib/gcc/arm-none-eabi/9.3.1/thumb/v6-m/nofp\libgcc.a
LOAD c:/st/stm32cubeide_1.6.0/stm32cubeide/plugins/com.st.stm32cube.ide.mcu.externaltools.gnu-tools-for-stm32.9-2020-q2-update.win32_1.5.0.202011040924/tools/bin/../lib/gcc/arm-none-eabi/9.3.1/../../../../arm-none-eabi/lib/thumb/v6-m/nofp\libc_nano.a
LOAD c:/st/stm32cubeide_1.6.0/stm32cubeide/plugins/com.st.stm32cube.ide.mcu.externaltools.gnu-tools-for-stm32.9-2020-q2-update.win32_1.5.0.202011040924/tools/bin/../lib/gcc/arm-none-eabi/9.3.1/../../../../arm-none-eabi/lib/thumb/v6-m/nofp\libnosys.a
END GROUP
LOAD c:/st/stm32cubeide_1.6.0/stm32cubeide/plugins/com.st.stm32cube.ide.mcu.externaltools.gnu-tools-for-stm32.9-2020-q2-update.win32_1.5.0.202011040924/tools/bin/../lib/gcc/arm-none-eabi/9.3.1/thumb/v6-m/nofp/crtend.o
LOAD c:/st/stm32cubeide_1.6.0/stm32cubeide/plugins/com.st.stm32cube.ide.mcu.externaltools.gnu-tools-for-stm32.9-2020-q2-update.win32_1.5.0.202011040924/tools/bin/../lib/gcc/arm-none-eabi/9.3.1/thumb/v6-m/nofp/crtn.o
                0x0000000020001800                _estack = (ORIGIN (RAM) + LENGTH (RAM))
                0x0000000000000200                _Min_Heap_Size = 0x200
                0x0000000000000400                _Min_Stack_Size = 0x400

.isr_vector     0x0000000008000000       0xc0
                0x0000000008000000                . = ALIGN (0x4)
 *(.isr_vector)
 .isr_vector    0x0000000008000000       0xc0 Startup/startup_stm32f042k6tx.o
                0x0000000008000000                g_pfnVectors
                0x00000000080000c0                . = ALIGN (0x4)

.text           0x00000000080000c0      0x768
                0x00000000080000c0                . = ALIGN (0x4)
 *(.text)
 .text          0x00000000080000c0       0x48 c:/st/stm32cubeide_1.6.0/stm32cubeide/plugins/com.st.stm32cube.ide.mcu.externaltools.gnu-tools-for-stm32.9-2020-q2-update.win32_1.5.0.202011040924/tools/bin/../lib/gcc/arm-none-eabi/9.3.1/thumb/v6-m/nofp/crtbegin.o
 .text          0x0000000008000108      0x114 c:/st/stm32cubeide_1.6.0/stm32cubeide/plugins/com.st.stm32cube.ide.mcu.externaltools.gnu-tools-for-stm32.9-2020-q2-update.win32_1.5.0.202011040924/tools/bin/../lib/gcc/arm-none-eabi/9.3.1/thumb/v6-m/nofp\libgcc.a(_udivsi3.o)
                0x0000000008000108                __aeabi_uidiv
                0x0000000008000108                __udivsi3
                0x0000000008000214                __aeabi_uidivmod
 .text          0x000000000800021c        0x4 c:/st/stm32cubeide_1.6.0/stm32cubeide/plugins/com.st.stm32cube.ide.mcu.externaltools.gnu-tools-for-stm32.9-2020-q2-update.win32_1.5.0.202011040924/tools/bin/../lib/gcc/arm-none-eabi/9.3.1/thumb/v6-m/nofp\libgcc.a(_dvmd_tls.o)
                0x000000000800021c                __aeabi_idiv0
                0x000000000800021c                __aeabi_ldiv0
 *(.text*)
 .text.main     0x0000000008000220       0x8c Src/APP/main.o
                0x0000000008000220                main
 .text.BTN_Diming
                0x00000000080002ac       0x34 Src/APP/main.o
                0x00000000080002ac                BTN_Diming
 .text.ANALOG_Ini
                0x00000000080002e0        0xa Src/HAL/ANALOG.o
                0x00000000080002e0                ANALOG_Ini
 .text.BUZZ_Ini
                0x00000000080002ea        0xa Src/HAL/BUZZ.o
                0x00000000080002ea                BUZZ_Ini
 .text.CAN_Ini  0x00000000080002f4        0xa Src/HAL/CAN.o
                0x00000000080002f4                CAN_Ini
 .text.I2C_Ini  0x00000000080002fe        0xa Src/HAL/I2C.o
                0x00000000080002fe                I2C_Ini
 .text.LED_Ini  0x0000000008000308       0x50 Src/HAL/LED.o
                0x0000000008000308                LED_Ini
 .text.LED_per  0x0000000008000358       0x64 Src/HAL/LED.o
                0x0000000008000358                LED_per
 .text.LED_Set  0x00000000080003bc       0x1c Src/HAL/LED.o
                0x00000000080003bc                LED_Set
 .text.SERIE_Ini
                0x00000000080003d8        0xa Src/HAL/SERIE.o
                0x00000000080003d8                SERIE_Ini
 *fill*         0x00000000080003e2        0x2 
 .text.SWITCH_Ini
                0x00000000080003e4       0xa4 Src/HAL/SWITCH.o
                0x00000000080003e4                SWITCH_Ini
 .text.SWITCH_per
                0x0000000008000488      0x114 Src/HAL/SWITCH.o
                0x0000000008000488                SWITCH_per
 .text.SWITCH_Get_AutoRepeat_1
                0x000000000800059c       0x14 Src/HAL/SWITCH.o
                0x000000000800059c                SWITCH_Get_AutoRepeat_1
 .text.SWITCH_Get_BeforeState_1
                0x00000000080005b0       0x14 Src/HAL/SWITCH.o
                0x00000000080005b0                SWITCH_Get_BeforeState_1
 .text.SWITCH_Get_BTN_0
                0x00000000080005c4       0x14 Src/HAL/SWITCH.o
                0x00000000080005c4                SWITCH_Get_BTN_0
 .text.SWITCH_Get_BTN_1
                0x00000000080005d8       0x14 Src/HAL/SWITCH.o
                0x00000000080005d8                SWITCH_Get_BTN_1
 .text.CLOCK_Set_Timer_1ms
                0x00000000080005ec       0x74 Src/SHA/CLOCK.o
                0x00000000080005ec                CLOCK_Set_Timer_1ms
 .text.SYSTEM_Ini
                0x0000000008000660       0x4c Src/SYS/SYSTEM.o
                0x0000000008000660                SYSTEM_Ini
 .text.SysTick_Handler
                0x00000000080006ac       0x4c Src/SYS/SYSTEM.o
                0x00000000080006ac                SysTick_Handler
 .text.SISTEM_GetTimer
                0x00000000080006f8       0x38 Src/SYS/SYSTEM.o
                0x00000000080006f8                SISTEM_GetTimer
 .text.SISTEM_SetTimer
                0x0000000008000730       0x44 Src/SYS/SYSTEM.o
                0x0000000008000730                SISTEM_SetTimer
 .text.Reset_Handler
                0x0000000008000774       0x50 Startup/startup_stm32f042k6tx.o
                0x0000000008000774                Reset_Handler
 .text.Default_Handler
                0x00000000080007c4        0x2 Startup/startup_stm32f042k6tx.o
                0x00000000080007c4                TIM1_CC_IRQHandler
                0x00000000080007c4                TSC_IRQHandler
                0x00000000080007c4                HardFault_Handler
                0x00000000080007c4                PVD_IRQHandler
                0x00000000080007c4                PendSV_Handler
                0x00000000080007c4                NMI_Handler
                0x00000000080007c4                I2C1_IRQHandler
                0x00000000080007c4                RCC_CRS_IRQHandler
                0x00000000080007c4                SPI1_IRQHandler
                0x00000000080007c4                TIM6_DAC_IRQHandler
                0x00000000080007c4                USART3_4_IRQHandler
                0x00000000080007c4                EXTI2_3_IRQHandler
                0x00000000080007c4                I2C2_IRQHandler
                0x00000000080007c4                TIM17_IRQHandler
                0x00000000080007c4                CEC_CAN_IRQHandler
                0x00000000080007c4                RTC_IRQHandler
                0x00000000080007c4                TIM16_IRQHandler
                0x00000000080007c4                TIM3_IRQHandler
                0x00000000080007c4                EXTI4_15_IRQHandler
                0x00000000080007c4                Default_Handler
                0x00000000080007c4                TIM14_IRQHandler
                0x00000000080007c4                TIM7_IRQHandler
                0x00000000080007c4                TIM15_IRQHandler
                0x00000000080007c4                EXTI0_1_IRQHandler
                0x00000000080007c4                USB_IRQHandler
                0x00000000080007c4                SPI2_IRQHandler
                0x00000000080007c4                DMA1_CH1_IRQHandler
                0x00000000080007c4                SVC_Handler
                0x00000000080007c4                WWDG_IRQHandler
                0x00000000080007c4                TIM2_IRQHandler
                0x00000000080007c4                ADC_COMP_IRQHandler
                0x00000000080007c4                USART2_IRQHandler
                0x00000000080007c4                FLASH_IRQHandler
                0x00000000080007c4                USART1_IRQHandler
                0x00000000080007c4                TIM1_BRK_UP_TRG_COM_IRQHandler
 *fill*         0x00000000080007c6        0x2 
 .text.__libc_init_array
                0x00000000080007c8       0x48 c:/st/stm32cubeide_1.6.0/stm32cubeide/plugins/com.st.stm32cube.ide.mcu.externaltools.gnu-tools-for-stm32.9-2020-q2-update.win32_1.5.0.202011040924/tools/bin/../lib/gcc/arm-none-eabi/9.3.1/../../../../arm-none-eabi/lib/thumb/v6-m/nofp\libc_nano.a(lib_a-init.o)
                0x00000000080007c8                __libc_init_array
 *(.glue_7)
 .glue_7        0x0000000008000810        0x0 linker stubs
 *(.glue_7t)
 .glue_7t       0x0000000008000810        0x0 linker stubs
 *(.eh_frame)
 .eh_frame      0x0000000008000810        0x0 c:/st/stm32cubeide_1.6.0/stm32cubeide/plugins/com.st.stm32cube.ide.mcu.externaltools.gnu-tools-for-stm32.9-2020-q2-update.win32_1.5.0.202011040924/tools/bin/../lib/gcc/arm-none-eabi/9.3.1/thumb/v6-m/nofp/crtbegin.o
 *(.init)
 .init          0x0000000008000810        0x4 c:/st/stm32cubeide_1.6.0/stm32cubeide/plugins/com.st.stm32cube.ide.mcu.externaltools.gnu-tools-for-stm32.9-2020-q2-update.win32_1.5.0.202011040924/tools/bin/../lib/gcc/arm-none-eabi/9.3.1/thumb/v6-m/nofp/crti.o
                0x0000000008000810                _init
 .init          0x0000000008000814        0x8 c:/st/stm32cubeide_1.6.0/stm32cubeide/plugins/com.st.stm32cube.ide.mcu.externaltools.gnu-tools-for-stm32.9-2020-q2-update.win32_1.5.0.202011040924/tools/bin/../lib/gcc/arm-none-eabi/9.3.1/thumb/v6-m/nofp/crtn.o
 *(.fini)
 .fini          0x000000000800081c        0x4 c:/st/stm32cubeide_1.6.0/stm32cubeide/plugins/com.st.stm32cube.ide.mcu.externaltools.gnu-tools-for-stm32.9-2020-q2-update.win32_1.5.0.202011040924/tools/bin/../lib/gcc/arm-none-eabi/9.3.1/thumb/v6-m/nofp/crti.o
                0x000000000800081c                _fini
 .fini          0x0000000008000820        0x8 c:/st/stm32cubeide_1.6.0/stm32cubeide/plugins/com.st.stm32cube.ide.mcu.externaltools.gnu-tools-for-stm32.9-2020-q2-update.win32_1.5.0.202011040924/tools/bin/../lib/gcc/arm-none-eabi/9.3.1/thumb/v6-m/nofp/crtn.o
                0x0000000008000828                . = ALIGN (0x4)
                0x0000000008000828                _etext = .

.vfp11_veneer   0x0000000008000828        0x0
 .vfp11_veneer  0x0000000008000828        0x0 linker stubs

.v4_bx          0x0000000008000828        0x0
 .v4_bx         0x0000000008000828        0x0 linker stubs

.iplt           0x0000000008000828        0x0
 .iplt          0x0000000008000828        0x0 c:/st/stm32cubeide_1.6.0/stm32cubeide/plugins/com.st.stm32cube.ide.mcu.externaltools.gnu-tools-for-stm32.9-2020-q2-update.win32_1.5.0.202011040924/tools/bin/../lib/gcc/arm-none-eabi/9.3.1/thumb/v6-m/nofp/crtbegin.o

.rel.dyn        0x0000000008000828        0x0
 .rel.iplt      0x0000000008000828        0x0 c:/st/stm32cubeide_1.6.0/stm32cubeide/plugins/com.st.stm32cube.ide.mcu.externaltools.gnu-tools-for-stm32.9-2020-q2-update.win32_1.5.0.202011040924/tools/bin/../lib/gcc/arm-none-eabi/9.3.1/thumb/v6-m/nofp/crtbegin.o

.rodata         0x0000000008000828        0x0
                0x0000000008000828                . = ALIGN (0x4)
 *(.rodata)
 *(.rodata*)
                0x0000000008000828                . = ALIGN (0x4)

.ARM.extab      0x0000000008000828        0x0
                0x0000000008000828                . = ALIGN (0x4)
 *(.ARM.extab* .gnu.linkonce.armextab.*)
                0x0000000008000828                . = ALIGN (0x4)

.ARM            0x0000000008000828        0x0
                0x0000000008000828                . = ALIGN (0x4)
                0x0000000008000828                __exidx_start = .
 *(.ARM.exidx*)
                0x0000000008000828                __exidx_end = .
                0x0000000008000828                . = ALIGN (0x4)

.preinit_array  0x0000000008000828        0x0
                0x0000000008000828                . = ALIGN (0x4)
                0x0000000008000828                PROVIDE (__preinit_array_start = .)
 *(.preinit_array*)
                0x0000000008000828                PROVIDE (__preinit_array_end = .)
                0x0000000008000828                . = ALIGN (0x4)

.init_array     0x0000000008000828        0x4
                0x0000000008000828                . = ALIGN (0x4)
                0x0000000008000828                PROVIDE (__init_array_start = .)
 *(SORT_BY_NAME(.init_array.*))
 *(.init_array*)
 .init_array    0x0000000008000828        0x4 c:/st/stm32cubeide_1.6.0/stm32cubeide/plugins/com.st.stm32cube.ide.mcu.externaltools.gnu-tools-for-stm32.9-2020-q2-update.win32_1.5.0.202011040924/tools/bin/../lib/gcc/arm-none-eabi/9.3.1/thumb/v6-m/nofp/crtbegin.o
                0x000000000800082c                PROVIDE (__init_array_end = .)
                0x000000000800082c                . = ALIGN (0x4)

.fini_array     0x000000000800082c        0x4
                0x000000000800082c                . = ALIGN (0x4)
                [!provide]                        PROVIDE (__fini_array_start = .)
 *(SORT_BY_NAME(.fini_array.*))
 *(.fini_array*)
 .fini_array    0x000000000800082c        0x4 c:/st/stm32cubeide_1.6.0/stm32cubeide/plugins/com.st.stm32cube.ide.mcu.externaltools.gnu-tools-for-stm32.9-2020-q2-update.win32_1.5.0.202011040924/tools/bin/../lib/gcc/arm-none-eabi/9.3.1/thumb/v6-m/nofp/crtbegin.o
                [!provide]                        PROVIDE (__fini_array_end = .)
                0x0000000008000830                . = ALIGN (0x4)
                0x0000000008000830                _sidata = LOADADDR (.data)

.data           0x0000000020000000        0x4 load address 0x0000000008000830
                0x0000000020000000                . = ALIGN (0x4)
                0x0000000020000000                _sdata = .
 *(.data)
 *(.data*)
 .data.flag.4239
                0x0000000020000000        0x4 Src/APP/main.o
 *(.RamFunc)
 *(.RamFunc*)
                0x0000000020000004                . = ALIGN (0x4)
                0x0000000020000004                _edata = .

.igot.plt       0x0000000020000004        0x0 load address 0x0000000008000834
 .igot.plt      0x0000000020000004        0x0 c:/st/stm32cubeide_1.6.0/stm32cubeide/plugins/com.st.stm32cube.ide.mcu.externaltools.gnu-tools-for-stm32.9-2020-q2-update.win32_1.5.0.202011040924/tools/bin/../lib/gcc/arm-none-eabi/9.3.1/thumb/v6-m/nofp/crtbegin.o
                0x0000000020000004                . = ALIGN (0x4)

.bss            0x0000000020000004       0x74 load address 0x0000000008000834
                0x0000000020000004                _sbss = .
                0x0000000020000004                __bss_start__ = _sbss
 *(.bss)
 .bss           0x0000000020000004       0x1c c:/st/stm32cubeide_1.6.0/stm32cubeide/plugins/com.st.stm32cube.ide.mcu.externaltools.gnu-tools-for-stm32.9-2020-q2-update.win32_1.5.0.202011040924/tools/bin/../lib/gcc/arm-none-eabi/9.3.1/thumb/v6-m/nofp/crtbegin.o
 *(.bss*)
 .bss.state_0   0x0000000020000020        0x4 Src/APP/main.o
 .bss.state_1   0x0000000020000024        0x4 Src/APP/main.o
 .bss.state_2   0x0000000020000028        0x4 Src/APP/main.o
 .bss.state_3   0x000000002000002c        0x4 Src/APP/main.o
 .bss.time_1.4243
                0x0000000020000030        0x4 Src/APP/main.o
 .bss.ImageLED  0x0000000020000034        0x4 Src/HAL/LED.o
 .bss.phase.4208
                0x0000000020000038        0x4 Src/HAL/LED.o
 .bss.switch1Input
                0x000000002000003c        0x4 Src/HAL/SWITCH.o
 .bss.switch2Input
                0x0000000020000040        0x4 Src/HAL/SWITCH.o
 .bss.switch1Stat
                0x0000000020000044        0x4 Src/HAL/SWITCH.o
 .bss.switch2Stat
                0x0000000020000048        0x4 Src/HAL/SWITCH.o
 .bss.switch1beforestate
                0x000000002000004c        0x4 Src/HAL/SWITCH.o
 .bss.switch2beforestate
                0x0000000020000050        0x4 Src/HAL/SWITCH.o
 .bss.switch1repeat
                0x0000000020000054        0x4 Src/HAL/SWITCH.o
 .bss.switch2repeat
                0x0000000020000058        0x4 Src/HAL/SWITCH.o
 .bss.tiempoon  0x000000002000005c        0x4 Src/SYS/SYSTEM.o
 .bss.tiempo1   0x0000000020000060        0x4 Src/SYS/SYSTEM.o
 .bss.tiempo2   0x0000000020000064        0x4 Src/SYS/SYSTEM.o
 *(COMMON)
 COMMON         0x0000000020000068       0x10 Src/HAL/LED.o
                0x0000000020000068                LED
                0x0000000020000078                . = ALIGN (0x4)
                0x0000000020000078                _ebss = .
                0x0000000020000078                __bss_end__ = _ebss

._user_heap_stack
                0x0000000020000078      0x600 load address 0x0000000008000834
                0x0000000020000078                . = ALIGN (0x8)
                [!provide]                        PROVIDE (end = .)
                0x0000000020000078                PROVIDE (_end = .)
                0x0000000020000278                . = (. + _Min_Heap_Size)
 *fill*         0x0000000020000078      0x200 
                0x0000000020000678                . = (. + _Min_Stack_Size)
 *fill*         0x0000000020000278      0x400 
                0x0000000020000678                . = ALIGN (0x8)

/DISCARD/
 libc.a(*)
 libm.a(*)
 libgcc.a(*)

.ARM.attributes
                0x0000000000000000       0x28
 *(.ARM.attributes)
 .ARM.attributes
                0x0000000000000000       0x1e c:/st/stm32cubeide_1.6.0/stm32cubeide/plugins/com.st.stm32cube.ide.mcu.externaltools.gnu-tools-for-stm32.9-2020-q2-update.win32_1.5.0.202011040924/tools/bin/../lib/gcc/arm-none-eabi/9.3.1/thumb/v6-m/nofp/crti.o
 .ARM.attributes
                0x000000000000001e       0x2c c:/st/stm32cubeide_1.6.0/stm32cubeide/plugins/com.st.stm32cube.ide.mcu.externaltools.gnu-tools-for-stm32.9-2020-q2-update.win32_1.5.0.202011040924/tools/bin/../lib/gcc/arm-none-eabi/9.3.1/thumb/v6-m/nofp/crtbegin.o
 .ARM.attributes
                0x000000000000004a       0x2c Src/APP/main.o
 .ARM.attributes
                0x0000000000000076       0x2c Src/HAL/ANALOG.o
 .ARM.attributes
                0x00000000000000a2       0x2c Src/HAL/BUZZ.o
 .ARM.attributes
                0x00000000000000ce       0x2c Src/HAL/CAN.o
 .ARM.attributes
                0x00000000000000fa       0x2c Src/HAL/I2C.o
 .ARM.attributes
                0x0000000000000126       0x2c Src/HAL/LED.o
 .ARM.attributes
                0x0000000000000152       0x2c Src/HAL/SERIE.o
 .ARM.attributes
                0x000000000000017e       0x2c Src/HAL/SWITCH.o
 .ARM.attributes
                0x00000000000001aa       0x2c Src/SHA/CLOCK.o
 .ARM.attributes
                0x00000000000001d6       0x2c Src/SYS/SYSTEM.o
 .ARM.attributes
                0x0000000000000202       0x21 Startup/startup_stm32f042k6tx.o
 .ARM.attributes
                0x0000000000000223       0x2c c:/st/stm32cubeide_1.6.0/stm32cubeide/plugins/com.st.stm32cube.ide.mcu.externaltools.gnu-tools-for-stm32.9-2020-q2-update.win32_1.5.0.202011040924/tools/bin/../lib/gcc/arm-none-eabi/9.3.1/../../../../arm-none-eabi/lib/thumb/v6-m/nofp\libc_nano.a(lib_a-init.o)
 .ARM.attributes
                0x000000000000024f       0x1e c:/st/stm32cubeide_1.6.0/stm32cubeide/plugins/com.st.stm32cube.ide.mcu.externaltools.gnu-tools-for-stm32.9-2020-q2-update.win32_1.5.0.202011040924/tools/bin/../lib/gcc/arm-none-eabi/9.3.1/thumb/v6-m/nofp\libgcc.a(_udivsi3.o)
 .ARM.attributes
                0x000000000000026d       0x1e c:/st/stm32cubeide_1.6.0/stm32cubeide/plugins/com.st.stm32cube.ide.mcu.externaltools.gnu-tools-for-stm32.9-2020-q2-update.win32_1.5.0.202011040924/tools/bin/../lib/gcc/arm-none-eabi/9.3.1/thumb/v6-m/nofp\libgcc.a(_dvmd_tls.o)
 .ARM.attributes
                0x000000000000028b       0x1e c:/st/stm32cubeide_1.6.0/stm32cubeide/plugins/com.st.stm32cube.ide.mcu.externaltools.gnu-tools-for-stm32.9-2020-q2-update.win32_1.5.0.202011040924/tools/bin/../lib/gcc/arm-none-eabi/9.3.1/thumb/v6-m/nofp/crtn.o
OUTPUT(Architecture_00.elf elf32-littlearm)
LOAD linker stubs
LOAD c:/st/stm32cubeide_1.6.0/stm32cubeide/plugins/com.st.stm32cube.ide.mcu.externaltools.gnu-tools-for-stm32.9-2020-q2-update.win32_1.5.0.202011040924/tools/bin/../lib/gcc/arm-none-eabi/9.3.1/../../../../arm-none-eabi/lib/thumb/v6-m/nofp\libc.a
LOAD c:/st/stm32cubeide_1.6.0/stm32cubeide/plugins/com.st.stm32cube.ide.mcu.externaltools.gnu-tools-for-stm32.9-2020-q2-update.win32_1.5.0.202011040924/tools/bin/../lib/gcc/arm-none-eabi/9.3.1/../../../../arm-none-eabi/lib/thumb/v6-m/nofp\libm.a
LOAD c:/st/stm32cubeide_1.6.0/stm32cubeide/plugins/com.st.stm32cube.ide.mcu.externaltools.gnu-tools-for-stm32.9-2020-q2-update.win32_1.5.0.202011040924/tools/bin/../lib/gcc/arm-none-eabi/9.3.1/thumb/v6-m/nofp\libgcc.a

.debug_info     0x0000000000000000      0xa20
 .debug_info    0x0000000000000000      0x158 Src/APP/main.o
 .debug_info    0x0000000000000158       0xa6 Src/HAL/ANALOG.o
 .debug_info    0x00000000000001fe       0xa6 Src/HAL/BUZZ.o
 .debug_info    0x00000000000002a4       0xa6 Src/HAL/CAN.o
 .debug_info    0x000000000000034a       0xa6 Src/HAL/I2C.o
 .debug_info    0x00000000000003f0      0x170 Src/HAL/LED.o
 .debug_info    0x0000000000000560       0xa6 Src/HAL/SERIE.o
 .debug_info    0x0000000000000606      0x1c0 Src/HAL/SWITCH.o
 .debug_info    0x00000000000007c6       0xdd Src/SHA/CLOCK.o
 .debug_info    0x00000000000008a3      0x15b Src/SYS/SYSTEM.o
 .debug_info    0x00000000000009fe       0x22 Startup/startup_stm32f042k6tx.o

.debug_abbrev   0x0000000000000000      0x4d1
 .debug_abbrev  0x0000000000000000       0x9b Src/APP/main.o
 .debug_abbrev  0x000000000000009b       0x45 Src/HAL/ANALOG.o
 .debug_abbrev  0x00000000000000e0       0x45 Src/HAL/BUZZ.o
 .debug_abbrev  0x0000000000000125       0x45 Src/HAL/CAN.o
 .debug_abbrev  0x000000000000016a       0x45 Src/HAL/I2C.o
 .debug_abbrev  0x00000000000001af       0xf2 Src/HAL/LED.o
 .debug_abbrev  0x00000000000002a1       0x45 Src/HAL/SERIE.o
 .debug_abbrev  0x00000000000002e6       0x7f Src/HAL/SWITCH.o
 .debug_abbrev  0x0000000000000365       0x90 Src/SHA/CLOCK.o
 .debug_abbrev  0x00000000000003f5       0xca Src/SYS/SYSTEM.o
 .debug_abbrev  0x00000000000004bf       0x12 Startup/startup_stm32f042k6tx.o

.debug_aranges  0x0000000000000000      0x258
 .debug_aranges
                0x0000000000000000       0x40 Src/APP/main.o
 .debug_aranges
                0x0000000000000040       0x30 Src/HAL/ANALOG.o
 .debug_aranges
                0x0000000000000070       0x30 Src/HAL/BUZZ.o
 .debug_aranges
                0x00000000000000a0       0x30 Src/HAL/CAN.o
 .debug_aranges
                0x00000000000000d0       0x30 Src/HAL/I2C.o
 .debug_aranges
                0x0000000000000100       0x38 Src/HAL/LED.o
 .debug_aranges
                0x0000000000000138       0x30 Src/HAL/SERIE.o
 .debug_aranges
                0x0000000000000168       0x58 Src/HAL/SWITCH.o
 .debug_aranges
                0x00000000000001c0       0x30 Src/SHA/CLOCK.o
 .debug_aranges
                0x00000000000001f0       0x40 Src/SYS/SYSTEM.o
 .debug_aranges
                0x0000000000000230       0x28 Startup/startup_stm32f042k6tx.o

.debug_ranges   0x0000000000000000      0x1b0
 .debug_ranges  0x0000000000000000       0x30 Src/APP/main.o
 .debug_ranges  0x0000000000000030       0x20 Src/HAL/ANALOG.o
 .debug_ranges  0x0000000000000050       0x20 Src/HAL/BUZZ.o
 .debug_ranges  0x0000000000000070       0x20 Src/HAL/CAN.o
 .debug_ranges  0x0000000000000090       0x20 Src/HAL/I2C.o
 .debug_ranges  0x00000000000000b0       0x28 Src/HAL/LED.o
 .debug_ranges  0x00000000000000d8       0x20 Src/HAL/SERIE.o
 .debug_ranges  0x00000000000000f8       0x48 Src/HAL/SWITCH.o
 .debug_ranges  0x0000000000000140       0x20 Src/SHA/CLOCK.o
 .debug_ranges  0x0000000000000160       0x30 Src/SYS/SYSTEM.o
 .debug_ranges  0x0000000000000190       0x20 Startup/startup_stm32f042k6tx.o

.debug_macro    0x0000000000000000     0x2a1c
 .debug_macro   0x0000000000000000       0xc6 Src/APP/main.o
 .debug_macro   0x00000000000000c6      0xa8a Src/APP/main.o
 .debug_macro   0x0000000000000b50       0x22 Src/APP/main.o
 .debug_macro   0x0000000000000b72       0x8e Src/APP/main.o
 .debug_macro   0x0000000000000c00       0x51 Src/APP/main.o
 .debug_macro   0x0000000000000c51      0x103 Src/APP/main.o
 .debug_macro   0x0000000000000d54       0x6a Src/APP/main.o
 .debug_macro   0x0000000000000dbe      0x1df Src/APP/main.o
 .debug_macro   0x0000000000000f9d       0x16 Src/APP/main.o
 .debug_macro   0x0000000000000fb3       0x22 Src/APP/main.o
 .debug_macro   0x0000000000000fd5       0x10 Src/APP/main.o
 .debug_macro   0x0000000000000fe5      0x15e Src/HAL/ANALOG.o
 .debug_macro   0x0000000000001143       0x3a Src/HAL/ANALOG.o
 .debug_macro   0x000000000000117d       0x34 Src/HAL/ANALOG.o
 .debug_macro   0x00000000000011b1       0x9a Src/HAL/ANALOG.o
 .debug_macro   0x000000000000124b      0xdc5 Src/HAL/ANALOG.o
 .debug_macro   0x0000000000002010      0x15e Src/HAL/BUZZ.o
 .debug_macro   0x000000000000216e      0x15e Src/HAL/CAN.o
 .debug_macro   0x00000000000022cc      0x15e Src/HAL/I2C.o
 .debug_macro   0x000000000000242a       0xc8 Src/HAL/LED.o
 .debug_macro   0x00000000000024f2      0x15e Src/HAL/SERIE.o
 .debug_macro   0x0000000000002650       0xcc Src/HAL/SWITCH.o
 .debug_macro   0x000000000000271c       0x40 Src/HAL/SWITCH.o
 .debug_macro   0x000000000000275c      0x166 Src/SHA/CLOCK.o
 .debug_macro   0x00000000000028c2      0x15a Src/SYS/SYSTEM.o

.debug_line     0x0000000000000000     0x3b0c
 .debug_line    0x0000000000000000      0x5fa Src/APP/main.o
 .debug_line    0x00000000000005fa      0x5d7 Src/HAL/ANALOG.o
 .debug_line    0x0000000000000bd1      0x5d1 Src/HAL/BUZZ.o
 .debug_line    0x00000000000011a2      0x5ce Src/HAL/CAN.o
 .debug_line    0x0000000000001770      0x5ce Src/HAL/I2C.o
 .debug_line    0x0000000000001d3e      0x52e Src/HAL/LED.o
 .debug_line    0x000000000000226c      0x5d4 Src/HAL/SERIE.o
 .debug_line    0x0000000000002840      0x5fc Src/HAL/SWITCH.o
 .debug_line    0x0000000000002e3c      0x644 Src/SHA/CLOCK.o
 .debug_line    0x0000000000003480      0x608 Src/SYS/SYSTEM.o
 .debug_line    0x0000000000003a88       0x84 Startup/startup_stm32f042k6tx.o

.debug_str      0x0000000000000000     0xaeb4
 .debug_str     0x0000000000000000     0x3c93 Src/APP/main.o
                                       0x3df7 (size before relaxing)
 .debug_str     0x0000000000003c93     0x6e26 Src/HAL/ANALOG.o
                                       0xab94 (size before relaxing)
 .debug_str     0x000000000000aab9       0x2d Src/HAL/BUZZ.o
                                       0xab8c (size before relaxing)
 .debug_str     0x000000000000aae6       0x29 Src/HAL/CAN.o
                                       0xab88 (size before relaxing)
 .debug_str     0x000000000000ab0f       0x29 Src/HAL/I2C.o
                                       0xab88 (size before relaxing)
 .debug_str     0x000000000000ab38       0xa5 Src/HAL/LED.o
                                       0xaaa2 (size before relaxing)
 .debug_str     0x000000000000abdd       0x31 Src/HAL/SERIE.o
                                       0xab90 (size before relaxing)
 .debug_str     0x000000000000ac0e      0x17a Src/HAL/SWITCH.o
                                       0xac02 (size before relaxing)
 .debug_str     0x000000000000ad88       0x5e Src/SHA/CLOCK.o
                                       0xabd1 (size before relaxing)
 .debug_str     0x000000000000ade6       0x9d Src/SYS/SYSTEM.o
                                       0xac10 (size before relaxing)
 .debug_str     0x000000000000ae83       0x31 Startup/startup_stm32f042k6tx.o
                                         0xa4 (size before relaxing)

.comment        0x0000000000000000       0x53
 .comment       0x0000000000000000       0x53 Src/APP/main.o
                                         0x54 (size before relaxing)
 .comment       0x0000000000000053       0x54 Src/HAL/ANALOG.o
 .comment       0x0000000000000053       0x54 Src/HAL/BUZZ.o
 .comment       0x0000000000000053       0x54 Src/HAL/CAN.o
 .comment       0x0000000000000053       0x54 Src/HAL/I2C.o
 .comment       0x0000000000000053       0x54 Src/HAL/LED.o
 .comment       0x0000000000000053       0x54 Src/HAL/SERIE.o
 .comment       0x0000000000000053       0x54 Src/HAL/SWITCH.o
 .comment       0x0000000000000053       0x54 Src/SHA/CLOCK.o
 .comment       0x0000000000000053       0x54 Src/SYS/SYSTEM.o

.debug_frame    0x0000000000000000      0x560
 .debug_frame   0x0000000000000000       0x9c Src/APP/main.o
 .debug_frame   0x000000000000009c       0x64 Src/HAL/ANALOG.o
 .debug_frame   0x0000000000000100       0x64 Src/HAL/BUZZ.o
 .debug_frame   0x0000000000000164       0x64 Src/HAL/CAN.o
 .debug_frame   0x00000000000001c8       0x64 Src/HAL/I2C.o
 .debug_frame   0x000000000000022c       0x88 Src/HAL/LED.o
 .debug_frame   0x00000000000002b4       0x64 Src/HAL/SERIE.o
 .debug_frame   0x0000000000000318       0xf0 Src/HAL/SWITCH.o
 .debug_frame   0x0000000000000408       0x68 Src/SHA/CLOCK.o
 .debug_frame   0x0000000000000470       0xa4 Src/SYS/SYSTEM.o
 .debug_frame   0x0000000000000514       0x2c c:/st/stm32cubeide_1.6.0/stm32cubeide/plugins/com.st.stm32cube.ide.mcu.externaltools.gnu-tools-for-stm32.9-2020-q2-update.win32_1.5.0.202011040924/tools/bin/../lib/gcc/arm-none-eabi/9.3.1/../../../../arm-none-eabi/lib/thumb/v6-m/nofp\libc_nano.a(lib_a-init.o)
 .debug_frame   0x0000000000000540       0x20 c:/st/stm32cubeide_1.6.0/stm32cubeide/plugins/com.st.stm32cube.ide.mcu.externaltools.gnu-tools-for-stm32.9-2020-q2-update.win32_1.5.0.202011040924/tools/bin/../lib/gcc/arm-none-eabi/9.3.1/thumb/v6-m/nofp\libgcc.a(_udivsi3.o)
