Archive member included to satisfy reference by file (symbol)

c:/st/stm32cubeide_1.6.0/stm32cubeide/plugins/com.st.stm32cube.ide.mcu.externaltools.gnu-tools-for-stm32.9-2020-q2-update.win32_1.5.0.202011040924/tools/bin/../lib/gcc/arm-none-eabi/9.3.1/../../../../arm-none-eabi/lib/thumb/v6-m/nofp\libc_nano.a(lib_a-errno.o)
                              Src/APP/syscalls.o (__errno)
c:/st/stm32cubeide_1.6.0/stm32cubeide/plugins/com.st.stm32cube.ide.mcu.externaltools.gnu-tools-for-stm32.9-2020-q2-update.win32_1.5.0.202011040924/tools/bin/../lib/gcc/arm-none-eabi/9.3.1/../../../../arm-none-eabi/lib/thumb/v6-m/nofp\libc_nano.a(lib_a-exit.o)
                              c:/st/stm32cubeide_1.6.0/stm32cubeide/plugins/com.st.stm32cube.ide.mcu.externaltools.gnu-tools-for-stm32.9-2020-q2-update.win32_1.5.0.202011040924/tools/bin/../lib/gcc/arm-none-eabi/9.3.1/../../../../arm-none-eabi/lib/thumb/v6-m/nofp/crt0.o (exit)
c:/st/stm32cubeide_1.6.0/stm32cubeide/plugins/com.st.stm32cube.ide.mcu.externaltools.gnu-tools-for-stm32.9-2020-q2-update.win32_1.5.0.202011040924/tools/bin/../lib/gcc/arm-none-eabi/9.3.1/../../../../arm-none-eabi/lib/thumb/v6-m/nofp\libc_nano.a(lib_a-impure.o)
                              c:/st/stm32cubeide_1.6.0/stm32cubeide/plugins/com.st.stm32cube.ide.mcu.externaltools.gnu-tools-for-stm32.9-2020-q2-update.win32_1.5.0.202011040924/tools/bin/../lib/gcc/arm-none-eabi/9.3.1/../../../../arm-none-eabi/lib/thumb/v6-m/nofp\libc_nano.a(lib_a-exit.o) (_global_impure_ptr)
c:/st/stm32cubeide_1.6.0/stm32cubeide/plugins/com.st.stm32cube.ide.mcu.externaltools.gnu-tools-for-stm32.9-2020-q2-update.win32_1.5.0.202011040924/tools/bin/../lib/gcc/arm-none-eabi/9.3.1/../../../../arm-none-eabi/lib/thumb/v6-m/nofp\libc_nano.a(lib_a-init.o)
                              c:/st/stm32cubeide_1.6.0/stm32cubeide/plugins/com.st.stm32cube.ide.mcu.externaltools.gnu-tools-for-stm32.9-2020-q2-update.win32_1.5.0.202011040924/tools/bin/../lib/gcc/arm-none-eabi/9.3.1/../../../../arm-none-eabi/lib/thumb/v6-m/nofp/crt0.o (__libc_init_array)
c:/st/stm32cubeide_1.6.0/stm32cubeide/plugins/com.st.stm32cube.ide.mcu.externaltools.gnu-tools-for-stm32.9-2020-q2-update.win32_1.5.0.202011040924/tools/bin/../lib/gcc/arm-none-eabi/9.3.1/../../../../arm-none-eabi/lib/thumb/v6-m/nofp\libc_nano.a(lib_a-memset.o)
                              c:/st/stm32cubeide_1.6.0/stm32cubeide/plugins/com.st.stm32cube.ide.mcu.externaltools.gnu-tools-for-stm32.9-2020-q2-update.win32_1.5.0.202011040924/tools/bin/../lib/gcc/arm-none-eabi/9.3.1/../../../../arm-none-eabi/lib/thumb/v6-m/nofp/crt0.o (memset)
c:/st/stm32cubeide_1.6.0/stm32cubeide/plugins/com.st.stm32cube.ide.mcu.externaltools.gnu-tools-for-stm32.9-2020-q2-update.win32_1.5.0.202011040924/tools/bin/../lib/gcc/arm-none-eabi/9.3.1/thumb/v6-m/nofp\libgcc.a(_udivsi3.o)
                              Src/HAL/LED.o (__aeabi_uidiv)
c:/st/stm32cubeide_1.6.0/stm32cubeide/plugins/com.st.stm32cube.ide.mcu.externaltools.gnu-tools-for-stm32.9-2020-q2-update.win32_1.5.0.202011040924/tools/bin/../lib/gcc/arm-none-eabi/9.3.1/thumb/v6-m/nofp\libgcc.a(_dvmd_tls.o)
                              c:/st/stm32cubeide_1.6.0/stm32cubeide/plugins/com.st.stm32cube.ide.mcu.externaltools.gnu-tools-for-stm32.9-2020-q2-update.win32_1.5.0.202011040924/tools/bin/../lib/gcc/arm-none-eabi/9.3.1/thumb/v6-m/nofp\libgcc.a(_udivsi3.o) (__aeabi_idiv0)

Discarded input sections

 .text          0x0000000000000000        0x0 c:/st/stm32cubeide_1.6.0/stm32cubeide/plugins/com.st.stm32cube.ide.mcu.externaltools.gnu-tools-for-stm32.9-2020-q2-update.win32_1.5.0.202011040924/tools/bin/../lib/gcc/arm-none-eabi/9.3.1/thumb/v6-m/nofp/crti.o
 .data          0x0000000000000000        0x0 c:/st/stm32cubeide_1.6.0/stm32cubeide/plugins/com.st.stm32cube.ide.mcu.externaltools.gnu-tools-for-stm32.9-2020-q2-update.win32_1.5.0.202011040924/tools/bin/../lib/gcc/arm-none-eabi/9.3.1/thumb/v6-m/nofp/crti.o
 .bss           0x0000000000000000        0x0 c:/st/stm32cubeide_1.6.0/stm32cubeide/plugins/com.st.stm32cube.ide.mcu.externaltools.gnu-tools-for-stm32.9-2020-q2-update.win32_1.5.0.202011040924/tools/bin/../lib/gcc/arm-none-eabi/9.3.1/thumb/v6-m/nofp/crti.o
 .data          0x0000000000000000        0x4 c:/st/stm32cubeide_1.6.0/stm32cubeide/plugins/com.st.stm32cube.ide.mcu.externaltools.gnu-tools-for-stm32.9-2020-q2-update.win32_1.5.0.202011040924/tools/bin/../lib/gcc/arm-none-eabi/9.3.1/thumb/v6-m/nofp/crtbegin.o
 .text          0x0000000000000000       0x80 c:/st/stm32cubeide_1.6.0/stm32cubeide/plugins/com.st.stm32cube.ide.mcu.externaltools.gnu-tools-for-stm32.9-2020-q2-update.win32_1.5.0.202011040924/tools/bin/../lib/gcc/arm-none-eabi/9.3.1/../../../../arm-none-eabi/lib/thumb/v6-m/nofp/crt0.o
 .data          0x0000000000000000        0x0 c:/st/stm32cubeide_1.6.0/stm32cubeide/plugins/com.st.stm32cube.ide.mcu.externaltools.gnu-tools-for-stm32.9-2020-q2-update.win32_1.5.0.202011040924/tools/bin/../lib/gcc/arm-none-eabi/9.3.1/../../../../arm-none-eabi/lib/thumb/v6-m/nofp/crt0.o
 .bss           0x0000000000000000        0x0 c:/st/stm32cubeide_1.6.0/stm32cubeide/plugins/com.st.stm32cube.ide.mcu.externaltools.gnu-tools-for-stm32.9-2020-q2-update.win32_1.5.0.202011040924/tools/bin/../lib/gcc/arm-none-eabi/9.3.1/../../../../arm-none-eabi/lib/thumb/v6-m/nofp/crt0.o
 .ARM.extab     0x0000000000000000        0x0 c:/st/stm32cubeide_1.6.0/stm32cubeide/plugins/com.st.stm32cube.ide.mcu.externaltools.gnu-tools-for-stm32.9-2020-q2-update.win32_1.5.0.202011040924/tools/bin/../lib/gcc/arm-none-eabi/9.3.1/../../../../arm-none-eabi/lib/thumb/v6-m/nofp/crt0.o
 .ARM.exidx     0x0000000000000000       0x10 c:/st/stm32cubeide_1.6.0/stm32cubeide/plugins/com.st.stm32cube.ide.mcu.externaltools.gnu-tools-for-stm32.9-2020-q2-update.win32_1.5.0.202011040924/tools/bin/../lib/gcc/arm-none-eabi/9.3.1/../../../../arm-none-eabi/lib/thumb/v6-m/nofp/crt0.o
 .ARM.attributes
                0x0000000000000000       0x1b c:/st/stm32cubeide_1.6.0/stm32cubeide/plugins/com.st.stm32cube.ide.mcu.externaltools.gnu-tools-for-stm32.9-2020-q2-update.win32_1.5.0.202011040924/tools/bin/../lib/gcc/arm-none-eabi/9.3.1/../../../../arm-none-eabi/lib/thumb/v6-m/nofp/crt0.o
 .group         0x0000000000000000        0xc Src/APP/main.o
 .group         0x0000000000000000        0xc Src/APP/main.o
 .group         0x0000000000000000        0xc Src/APP/main.o
 .group         0x0000000000000000        0xc Src/APP/main.o
 .group         0x0000000000000000        0xc Src/APP/main.o
 .group         0x0000000000000000        0xc Src/APP/main.o
 .group         0x0000000000000000        0xc Src/APP/main.o
 .text          0x0000000000000000        0x0 Src/APP/main.o
 .data          0x0000000000000000        0x0 Src/APP/main.o
 .bss           0x0000000000000000        0x0 Src/APP/main.o
 .text.BTN_1_Led_ON
                0x0000000000000000       0x3c Src/APP/main.o
 .group         0x0000000000000000        0xc Src/APP/syscalls.o
 .group         0x0000000000000000        0xc Src/APP/syscalls.o
 .group         0x0000000000000000        0xc Src/APP/syscalls.o
 .group         0x0000000000000000        0xc Src/APP/syscalls.o
 .group         0x0000000000000000        0xc Src/APP/syscalls.o
 .group         0x0000000000000000        0xc Src/APP/syscalls.o
 .group         0x0000000000000000        0xc Src/APP/syscalls.o
 .group         0x0000000000000000        0xc Src/APP/syscalls.o
 .group         0x0000000000000000        0xc Src/APP/syscalls.o
 .group         0x0000000000000000        0xc Src/APP/syscalls.o
 .group         0x0000000000000000        0xc Src/APP/syscalls.o
 .group         0x0000000000000000        0xc Src/APP/syscalls.o
 .group         0x0000000000000000        0xc Src/APP/syscalls.o
 .group         0x0000000000000000        0xc Src/APP/syscalls.o
 .group         0x0000000000000000        0xc Src/APP/syscalls.o
 .group         0x0000000000000000        0xc Src/APP/syscalls.o
 .group         0x0000000000000000        0xc Src/APP/syscalls.o
 .group         0x0000000000000000        0xc Src/APP/syscalls.o
 .group         0x0000000000000000        0xc Src/APP/syscalls.o
 .group         0x0000000000000000        0xc Src/APP/syscalls.o
 .group         0x0000000000000000        0xc Src/APP/syscalls.o
 .group         0x0000000000000000        0xc Src/APP/syscalls.o
 .group         0x0000000000000000        0xc Src/APP/syscalls.o
 .group         0x0000000000000000        0xc Src/APP/syscalls.o
 .group         0x0000000000000000        0xc Src/APP/syscalls.o
 .group         0x0000000000000000        0xc Src/APP/syscalls.o
 .group         0x0000000000000000        0xc Src/APP/syscalls.o
 .group         0x0000000000000000        0xc Src/APP/syscalls.o
 .group         0x0000000000000000        0xc Src/APP/syscalls.o
 .group         0x0000000000000000        0xc Src/APP/syscalls.o
 .group         0x0000000000000000        0xc Src/APP/syscalls.o
 .group         0x0000000000000000        0xc Src/APP/syscalls.o
 .group         0x0000000000000000        0xc Src/APP/syscalls.o
 .group         0x0000000000000000        0xc Src/APP/syscalls.o
 .group         0x0000000000000000        0xc Src/APP/syscalls.o
 .group         0x0000000000000000        0xc Src/APP/syscalls.o
 .group         0x0000000000000000        0xc Src/APP/syscalls.o
 .group         0x0000000000000000        0xc Src/APP/syscalls.o
 .group         0x0000000000000000        0xc Src/APP/syscalls.o
 .group         0x0000000000000000        0xc Src/APP/syscalls.o
 .group         0x0000000000000000        0xc Src/APP/syscalls.o
 .group         0x0000000000000000        0xc Src/APP/syscalls.o
 .group         0x0000000000000000        0xc Src/APP/syscalls.o
 .group         0x0000000000000000        0xc Src/APP/syscalls.o
 .group         0x0000000000000000        0xc Src/APP/syscalls.o
 .group         0x0000000000000000        0xc Src/APP/syscalls.o
 .group         0x0000000000000000        0xc Src/APP/syscalls.o
 .text          0x0000000000000000        0x0 Src/APP/syscalls.o
 .data          0x0000000000000000        0x0 Src/APP/syscalls.o
 .bss           0x0000000000000000        0x0 Src/APP/syscalls.o
 .bss.__env     0x0000000000000000        0x4 Src/APP/syscalls.o
 .data.environ  0x0000000000000000        0x4 Src/APP/syscalls.o
 .text.initialise_monitor_handles
                0x0000000000000000        0xa Src/APP/syscalls.o
 .text._getpid  0x0000000000000000        0xc Src/APP/syscalls.o
 .text._kill    0x0000000000000000       0x20 Src/APP/syscalls.o
 .text._exit    0x0000000000000000       0x18 Src/APP/syscalls.o
 .text._read    0x0000000000000000       0x3a Src/APP/syscalls.o
 .text._write   0x0000000000000000       0x38 Src/APP/syscalls.o
 .text._close   0x0000000000000000       0x14 Src/APP/syscalls.o
 .text._fstat   0x0000000000000000       0x1c Src/APP/syscalls.o
 .text._isatty  0x0000000000000000       0x12 Src/APP/syscalls.o
 .text._lseek   0x0000000000000000       0x16 Src/APP/syscalls.o
 .text._open    0x0000000000000000       0x1c Src/APP/syscalls.o
 .text._wait    0x0000000000000000       0x1e Src/APP/syscalls.o
 .text._unlink  0x0000000000000000       0x1e Src/APP/syscalls.o
 .text._times   0x0000000000000000       0x14 Src/APP/syscalls.o
 .text._stat    0x0000000000000000       0x1c Src/APP/syscalls.o
 .text._link    0x0000000000000000       0x20 Src/APP/syscalls.o
 .text._fork    0x0000000000000000       0x18 Src/APP/syscalls.o
 .text._execve  0x0000000000000000       0x22 Src/APP/syscalls.o
 .debug_info    0x0000000000000000      0xfa8 Src/APP/syscalls.o
 .debug_abbrev  0x0000000000000000      0x286 Src/APP/syscalls.o
 .debug_aranges
                0x0000000000000000       0xa8 Src/APP/syscalls.o
 .debug_ranges  0x0000000000000000       0x98 Src/APP/syscalls.o
 .debug_macro   0x0000000000000000      0x24c Src/APP/syscalls.o
 .debug_macro   0x0000000000000000      0xa8a Src/APP/syscalls.o
 .debug_macro   0x0000000000000000       0x22 Src/APP/syscalls.o
 .debug_macro   0x0000000000000000       0x4c Src/APP/syscalls.o
 .debug_macro   0x0000000000000000       0x18 Src/APP/syscalls.o
 .debug_macro   0x0000000000000000       0x94 Src/APP/syscalls.o
 .debug_macro   0x0000000000000000       0x3c Src/APP/syscalls.o
 .debug_macro   0x0000000000000000       0x34 Src/APP/syscalls.o
 .debug_macro   0x0000000000000000       0x57 Src/APP/syscalls.o
 .debug_macro   0x0000000000000000      0x174 Src/APP/syscalls.o
 .debug_macro   0x0000000000000000      0x339 Src/APP/syscalls.o
 .debug_macro   0x0000000000000000       0x16 Src/APP/syscalls.o
 .debug_macro   0x0000000000000000       0x43 Src/APP/syscalls.o
 .debug_macro   0x0000000000000000       0x34 Src/APP/syscalls.o
 .debug_macro   0x0000000000000000       0x10 Src/APP/syscalls.o
 .debug_macro   0x0000000000000000       0x58 Src/APP/syscalls.o
 .debug_macro   0x0000000000000000       0x71 Src/APP/syscalls.o
 .debug_macro   0x0000000000000000       0x1c Src/APP/syscalls.o
 .debug_macro   0x0000000000000000      0x12a Src/APP/syscalls.o
 .debug_macro   0x0000000000000000       0x10 Src/APP/syscalls.o
 .debug_macro   0x0000000000000000       0x35 Src/APP/syscalls.o
 .debug_macro   0x0000000000000000       0x10 Src/APP/syscalls.o
 .debug_macro   0x0000000000000000       0x10 Src/APP/syscalls.o
 .debug_macro   0x0000000000000000       0x10 Src/APP/syscalls.o
 .debug_macro   0x0000000000000000       0x6a Src/APP/syscalls.o
 .debug_macro   0x0000000000000000       0x1c Src/APP/syscalls.o
 .debug_macro   0x0000000000000000       0x52 Src/APP/syscalls.o
 .debug_macro   0x0000000000000000       0x22 Src/APP/syscalls.o
 .debug_macro   0x0000000000000000       0x10 Src/APP/syscalls.o
 .debug_macro   0x0000000000000000       0x40 Src/APP/syscalls.o
 .debug_macro   0x0000000000000000       0xd5 Src/APP/syscalls.o
 .debug_macro   0x0000000000000000       0x1c Src/APP/syscalls.o
 .debug_macro   0x0000000000000000       0x3d Src/APP/syscalls.o
 .debug_macro   0x0000000000000000       0x35 Src/APP/syscalls.o
 .debug_macro   0x0000000000000000      0x12c Src/APP/syscalls.o
 .debug_macro   0x0000000000000000       0x16 Src/APP/syscalls.o
 .debug_macro   0x0000000000000000       0x16 Src/APP/syscalls.o
 .debug_macro   0x0000000000000000       0x29 Src/APP/syscalls.o
 .debug_macro   0x0000000000000000       0x10 Src/APP/syscalls.o
 .debug_macro   0x0000000000000000      0x241 Src/APP/syscalls.o
 .debug_macro   0x0000000000000000       0x1c Src/APP/syscalls.o
 .debug_macro   0x0000000000000000       0x10 Src/APP/syscalls.o
 .debug_macro   0x0000000000000000       0x10 Src/APP/syscalls.o
 .debug_macro   0x0000000000000000       0x16 Src/APP/syscalls.o
 .debug_macro   0x0000000000000000      0x145 Src/APP/syscalls.o
 .debug_macro   0x0000000000000000      0x189 Src/APP/syscalls.o
 .debug_macro   0x0000000000000000       0x16 Src/APP/syscalls.o
 .debug_macro   0x0000000000000000       0xce Src/APP/syscalls.o
 .debug_line    0x0000000000000000      0x801 Src/APP/syscalls.o
 .debug_str     0x0000000000000000     0x8e26 Src/APP/syscalls.o
 .comment       0x0000000000000000       0x54 Src/APP/syscalls.o
 .debug_frame   0x0000000000000000      0x244 Src/APP/syscalls.o
 .ARM.attributes
                0x0000000000000000       0x2c Src/APP/syscalls.o
 .group         0x0000000000000000        0xc Src/APP/sysmem.o
 .group         0x0000000000000000        0xc Src/APP/sysmem.o
 .group         0x0000000000000000        0xc Src/APP/sysmem.o
 .group         0x0000000000000000        0xc Src/APP/sysmem.o
 .group         0x0000000000000000        0xc Src/APP/sysmem.o
 .group         0x0000000000000000        0xc Src/APP/sysmem.o
 .group         0x0000000000000000        0xc Src/APP/sysmem.o
 .group         0x0000000000000000        0xc Src/APP/sysmem.o
 .group         0x0000000000000000        0xc Src/APP/sysmem.o
 .group         0x0000000000000000        0xc Src/APP/sysmem.o
 .group         0x0000000000000000        0xc Src/APP/sysmem.o
 .group         0x0000000000000000        0xc Src/APP/sysmem.o
 .group         0x0000000000000000        0xc Src/APP/sysmem.o
 .group         0x0000000000000000        0xc Src/APP/sysmem.o
 .group         0x0000000000000000        0xc Src/APP/sysmem.o
 .group         0x0000000000000000        0xc Src/APP/sysmem.o
 .group         0x0000000000000000        0xc Src/APP/sysmem.o
 .group         0x0000000000000000        0xc Src/APP/sysmem.o
 .group         0x0000000000000000        0xc Src/APP/sysmem.o
 .group         0x0000000000000000        0xc Src/APP/sysmem.o
 .group         0x0000000000000000        0xc Src/APP/sysmem.o
 .group         0x0000000000000000        0xc Src/APP/sysmem.o
 .text          0x0000000000000000        0x0 Src/APP/sysmem.o
 .data          0x0000000000000000        0x0 Src/APP/sysmem.o
 .bss           0x0000000000000000        0x0 Src/APP/sysmem.o
 .bss.__sbrk_heap_end
                0x0000000000000000        0x4 Src/APP/sysmem.o
 .text._sbrk    0x0000000000000000       0x6c Src/APP/sysmem.o
 .debug_info    0x0000000000000000      0xa25 Src/APP/sysmem.o
 .debug_abbrev  0x0000000000000000      0x1bf Src/APP/sysmem.o
 .debug_aranges
                0x0000000000000000       0x20 Src/APP/sysmem.o
 .debug_ranges  0x0000000000000000       0x10 Src/APP/sysmem.o
 .debug_macro   0x0000000000000000       0xff Src/APP/sysmem.o
 .debug_macro   0x0000000000000000      0xa8a Src/APP/sysmem.o
 .debug_macro   0x0000000000000000       0x10 Src/APP/sysmem.o
 .debug_macro   0x0000000000000000       0x22 Src/APP/sysmem.o
 .debug_macro   0x0000000000000000       0x4c Src/APP/sysmem.o
 .debug_macro   0x0000000000000000       0x18 Src/APP/sysmem.o
 .debug_macro   0x0000000000000000       0x94 Src/APP/sysmem.o
 .debug_macro   0x0000000000000000       0x3c Src/APP/sysmem.o
 .debug_macro   0x0000000000000000       0x34 Src/APP/sysmem.o
 .debug_macro   0x0000000000000000      0x174 Src/APP/sysmem.o
 .debug_macro   0x0000000000000000       0x16 Src/APP/sysmem.o
 .debug_macro   0x0000000000000000       0x43 Src/APP/sysmem.o
 .debug_macro   0x0000000000000000       0x57 Src/APP/sysmem.o
 .debug_macro   0x0000000000000000       0x34 Src/APP/sysmem.o
 .debug_macro   0x0000000000000000       0x10 Src/APP/sysmem.o
 .debug_macro   0x0000000000000000       0x58 Src/APP/sysmem.o
 .debug_macro   0x0000000000000000       0x71 Src/APP/sysmem.o
 .debug_macro   0x0000000000000000       0x1c Src/APP/sysmem.o
 .debug_macro   0x0000000000000000      0x12a Src/APP/sysmem.o
 .debug_macro   0x0000000000000000      0x23b Src/APP/sysmem.o
 .debug_macro   0x0000000000000000      0x103 Src/APP/sysmem.o
 .debug_macro   0x0000000000000000       0x6a Src/APP/sysmem.o
 .debug_macro   0x0000000000000000      0x1df Src/APP/sysmem.o
 .debug_line    0x0000000000000000      0x4f7 Src/APP/sysmem.o
 .debug_str     0x0000000000000000     0x61f9 Src/APP/sysmem.o
 .comment       0x0000000000000000       0x54 Src/APP/sysmem.o
 .debug_frame   0x0000000000000000       0x30 Src/APP/sysmem.o
 .ARM.attributes
                0x0000000000000000       0x2c Src/APP/sysmem.o
 .group         0x0000000000000000        0xc Src/HAL/ANALOG.o
 .group         0x0000000000000000        0xc Src/HAL/ANALOG.o
 .group         0x0000000000000000        0xc Src/HAL/ANALOG.o
 .group         0x0000000000000000        0xc Src/HAL/ANALOG.o
 .group         0x0000000000000000        0xc Src/HAL/ANALOG.o
 .group         0x0000000000000000        0xc Src/HAL/ANALOG.o
 .group         0x0000000000000000        0xc Src/HAL/ANALOG.o
 .group         0x0000000000000000        0xc Src/HAL/ANALOG.o
 .group         0x0000000000000000        0xc Src/HAL/ANALOG.o
 .group         0x0000000000000000        0xc Src/HAL/ANALOG.o
 .text          0x0000000000000000        0x0 Src/HAL/ANALOG.o
 .data          0x0000000000000000        0x0 Src/HAL/ANALOG.o
 .bss           0x0000000000000000        0x0 Src/HAL/ANALOG.o
 .text.ANALOG_Set
                0x0000000000000000        0xa Src/HAL/ANALOG.o
 .text.ANALOG_Get
                0x0000000000000000        0xa Src/HAL/ANALOG.o
 .debug_macro   0x0000000000000000      0xa8a Src/HAL/ANALOG.o
 .debug_macro   0x0000000000000000       0x22 Src/HAL/ANALOG.o
 .debug_macro   0x0000000000000000       0x8e Src/HAL/ANALOG.o
 .debug_macro   0x0000000000000000       0x51 Src/HAL/ANALOG.o
 .debug_macro   0x0000000000000000      0x103 Src/HAL/ANALOG.o
 .debug_macro   0x0000000000000000       0x6a Src/HAL/ANALOG.o
 .debug_macro   0x0000000000000000      0x1df Src/HAL/ANALOG.o
 .group         0x0000000000000000        0xc Src/HAL/BUZZ.o
 .group         0x0000000000000000        0xc Src/HAL/BUZZ.o
 .group         0x0000000000000000        0xc Src/HAL/BUZZ.o
 .group         0x0000000000000000        0xc Src/HAL/BUZZ.o
 .group         0x0000000000000000        0xc Src/HAL/BUZZ.o
 .group         0x0000000000000000        0xc Src/HAL/BUZZ.o
 .group         0x0000000000000000        0xc Src/HAL/BUZZ.o
 .group         0x0000000000000000        0xc Src/HAL/BUZZ.o
 .group         0x0000000000000000        0xc Src/HAL/BUZZ.o
 .group         0x0000000000000000        0xc Src/HAL/BUZZ.o
 .text          0x0000000000000000        0x0 Src/HAL/BUZZ.o
 .data          0x0000000000000000        0x0 Src/HAL/BUZZ.o
 .bss           0x0000000000000000        0x0 Src/HAL/BUZZ.o
 .text.BUZZ_Set
                0x0000000000000000        0xa Src/HAL/BUZZ.o
 .text.BUZZ_Get
                0x0000000000000000        0xa Src/HAL/BUZZ.o
 .debug_macro   0x0000000000000000      0xa8a Src/HAL/BUZZ.o
 .debug_macro   0x0000000000000000       0x22 Src/HAL/BUZZ.o
 .debug_macro   0x0000000000000000       0x8e Src/HAL/BUZZ.o
 .debug_macro   0x0000000000000000       0x51 Src/HAL/BUZZ.o
 .debug_macro   0x0000000000000000      0x103 Src/HAL/BUZZ.o
 .debug_macro   0x0000000000000000       0x6a Src/HAL/BUZZ.o
 .debug_macro   0x0000000000000000      0x1df Src/HAL/BUZZ.o
 .debug_macro   0x0000000000000000       0x16 Src/HAL/BUZZ.o
 .debug_macro   0x0000000000000000       0x9a Src/HAL/BUZZ.o
 .debug_macro   0x0000000000000000      0xdc5 Src/HAL/BUZZ.o
 .group         0x0000000000000000        0xc Src/HAL/CAN.o
 .group         0x0000000000000000        0xc Src/HAL/CAN.o
 .group         0x0000000000000000        0xc Src/HAL/CAN.o
 .group         0x0000000000000000        0xc Src/HAL/CAN.o
 .group         0x0000000000000000        0xc Src/HAL/CAN.o
 .group         0x0000000000000000        0xc Src/HAL/CAN.o
 .group         0x0000000000000000        0xc Src/HAL/CAN.o
 .group         0x0000000000000000        0xc Src/HAL/CAN.o
 .group         0x0000000000000000        0xc Src/HAL/CAN.o
 .group         0x0000000000000000        0xc Src/HAL/CAN.o
 .text          0x0000000000000000        0x0 Src/HAL/CAN.o
 .data          0x0000000000000000        0x0 Src/HAL/CAN.o
 .bss           0x0000000000000000        0x0 Src/HAL/CAN.o
 .text.CAN_Set  0x0000000000000000        0xa Src/HAL/CAN.o
 .text.CAN_Get  0x0000000000000000        0xa Src/HAL/CAN.o
 .debug_macro   0x0000000000000000      0xa8a Src/HAL/CAN.o
 .debug_macro   0x0000000000000000       0x22 Src/HAL/CAN.o
 .debug_macro   0x0000000000000000       0x8e Src/HAL/CAN.o
 .debug_macro   0x0000000000000000       0x51 Src/HAL/CAN.o
 .debug_macro   0x0000000000000000      0x103 Src/HAL/CAN.o
 .debug_macro   0x0000000000000000       0x6a Src/HAL/CAN.o
 .debug_macro   0x0000000000000000      0x1df Src/HAL/CAN.o
 .debug_macro   0x0000000000000000       0x16 Src/HAL/CAN.o
 .debug_macro   0x0000000000000000       0x9a Src/HAL/CAN.o
 .debug_macro   0x0000000000000000      0xdc5 Src/HAL/CAN.o
 .group         0x0000000000000000        0xc Src/HAL/I2C.o
 .group         0x0000000000000000        0xc Src/HAL/I2C.o
 .group         0x0000000000000000        0xc Src/HAL/I2C.o
 .group         0x0000000000000000        0xc Src/HAL/I2C.o
 .group         0x0000000000000000        0xc Src/HAL/I2C.o
 .group         0x0000000000000000        0xc Src/HAL/I2C.o
 .group         0x0000000000000000        0xc Src/HAL/I2C.o
 .group         0x0000000000000000        0xc Src/HAL/I2C.o
 .group         0x0000000000000000        0xc Src/HAL/I2C.o
 .group         0x0000000000000000        0xc Src/HAL/I2C.o
 .text          0x0000000000000000        0x0 Src/HAL/I2C.o
 .data          0x0000000000000000        0x0 Src/HAL/I2C.o
 .bss           0x0000000000000000        0x0 Src/HAL/I2C.o
 .text.I2C_Set  0x0000000000000000        0xa Src/HAL/I2C.o
 .text.I2C_Get  0x0000000000000000        0xa Src/HAL/I2C.o
 .debug_macro   0x0000000000000000      0xa8a Src/HAL/I2C.o
 .debug_macro   0x0000000000000000       0x22 Src/HAL/I2C.o
 .debug_macro   0x0000000000000000       0x8e Src/HAL/I2C.o
 .debug_macro   0x0000000000000000       0x51 Src/HAL/I2C.o
 .debug_macro   0x0000000000000000      0x103 Src/HAL/I2C.o
 .debug_macro   0x0000000000000000       0x6a Src/HAL/I2C.o
 .debug_macro   0x0000000000000000      0x1df Src/HAL/I2C.o
 .debug_macro   0x0000000000000000       0x16 Src/HAL/I2C.o
 .debug_macro   0x0000000000000000       0x9a Src/HAL/I2C.o
 .debug_macro   0x0000000000000000      0xdc5 Src/HAL/I2C.o
 .group         0x0000000000000000        0xc Src/HAL/LED.o
 .group         0x0000000000000000        0xc Src/HAL/LED.o
 .group         0x0000000000000000        0xc Src/HAL/LED.o
 .group         0x0000000000000000        0xc Src/HAL/LED.o
 .group         0x0000000000000000        0xc Src/HAL/LED.o
 .group         0x0000000000000000        0xc Src/HAL/LED.o
 .group         0x0000000000000000        0xc Src/HAL/LED.o
 .group         0x0000000000000000        0xc Src/HAL/LED.o
 .group         0x0000000000000000        0xc Src/HAL/LED.o
 .group         0x0000000000000000        0xc Src/HAL/LED.o
 .text          0x0000000000000000        0x0 Src/HAL/LED.o
 .data          0x0000000000000000        0x0 Src/HAL/LED.o
 .bss           0x0000000000000000        0x0 Src/HAL/LED.o
 .text.LED_Get  0x0000000000000000        0xa Src/HAL/LED.o
 .debug_macro   0x0000000000000000      0xa8a Src/HAL/LED.o
 .debug_macro   0x0000000000000000       0x22 Src/HAL/LED.o
 .debug_macro   0x0000000000000000       0x8e Src/HAL/LED.o
 .debug_macro   0x0000000000000000       0x51 Src/HAL/LED.o
 .debug_macro   0x0000000000000000      0x103 Src/HAL/LED.o
 .debug_macro   0x0000000000000000       0x6a Src/HAL/LED.o
 .debug_macro   0x0000000000000000      0x1df Src/HAL/LED.o
 .debug_macro   0x0000000000000000       0x16 Src/HAL/LED.o
 .debug_macro   0x0000000000000000       0x9a Src/HAL/LED.o
 .debug_macro   0x0000000000000000      0xdc5 Src/HAL/LED.o
 .group         0x0000000000000000        0xc Src/HAL/SERIE.o
 .group         0x0000000000000000        0xc Src/HAL/SERIE.o
 .group         0x0000000000000000        0xc Src/HAL/SERIE.o
 .group         0x0000000000000000        0xc Src/HAL/SERIE.o
 .group         0x0000000000000000        0xc Src/HAL/SERIE.o
 .group         0x0000000000000000        0xc Src/HAL/SERIE.o
 .group         0x0000000000000000        0xc Src/HAL/SERIE.o
 .group         0x0000000000000000        0xc Src/HAL/SERIE.o
 .group         0x0000000000000000        0xc Src/HAL/SERIE.o
 .group         0x0000000000000000        0xc Src/HAL/SERIE.o
 .text          0x0000000000000000        0x0 Src/HAL/SERIE.o
 .data          0x0000000000000000        0x0 Src/HAL/SERIE.o
 .bss           0x0000000000000000        0x0 Src/HAL/SERIE.o
 .text.SERIE_Set
                0x0000000000000000        0xa Src/HAL/SERIE.o
 .text.SERIE_Get
                0x0000000000000000        0xa Src/HAL/SERIE.o
 .debug_macro   0x0000000000000000      0xa8a Src/HAL/SERIE.o
 .debug_macro   0x0000000000000000       0x22 Src/HAL/SERIE.o
 .debug_macro   0x0000000000000000       0x8e Src/HAL/SERIE.o
 .debug_macro   0x0000000000000000       0x51 Src/HAL/SERIE.o
 .debug_macro   0x0000000000000000      0x103 Src/HAL/SERIE.o
 .debug_macro   0x0000000000000000       0x6a Src/HAL/SERIE.o
 .debug_macro   0x0000000000000000      0x1df Src/HAL/SERIE.o
 .debug_macro   0x0000000000000000       0x16 Src/HAL/SERIE.o
 .debug_macro   0x0000000000000000       0x9a Src/HAL/SERIE.o
 .debug_macro   0x0000000000000000      0xdc5 Src/HAL/SERIE.o
 .group         0x0000000000000000        0xc Src/HAL/SWITCH.o
 .group         0x0000000000000000        0xc Src/HAL/SWITCH.o
 .group         0x0000000000000000        0xc Src/HAL/SWITCH.o
 .group         0x0000000000000000        0xc Src/HAL/SWITCH.o
 .group         0x0000000000000000        0xc Src/HAL/SWITCH.o
 .group         0x0000000000000000        0xc Src/HAL/SWITCH.o
 .group         0x0000000000000000        0xc Src/HAL/SWITCH.o
 .group         0x0000000000000000        0xc Src/HAL/SWITCH.o
 .group         0x0000000000000000        0xc Src/HAL/SWITCH.o
 .group         0x0000000000000000        0xc Src/HAL/SWITCH.o
 .text          0x0000000000000000        0x0 Src/HAL/SWITCH.o
 .data          0x0000000000000000        0x0 Src/HAL/SWITCH.o
 .bss           0x0000000000000000        0x0 Src/HAL/SWITCH.o
 .text.SWITCH_Set
                0x0000000000000000        0xa Src/HAL/SWITCH.o
 .text.SWITCH_Get_BTN_1
                0x0000000000000000       0x58 Src/HAL/SWITCH.o
 .debug_macro   0x0000000000000000      0xa8a Src/HAL/SWITCH.o
 .debug_macro   0x0000000000000000       0x22 Src/HAL/SWITCH.o
 .debug_macro   0x0000000000000000       0x8e Src/HAL/SWITCH.o
 .debug_macro   0x0000000000000000       0x51 Src/HAL/SWITCH.o
 .debug_macro   0x0000000000000000      0x103 Src/HAL/SWITCH.o
 .debug_macro   0x0000000000000000       0x6a Src/HAL/SWITCH.o
 .debug_macro   0x0000000000000000      0x1df Src/HAL/SWITCH.o
 .debug_macro   0x0000000000000000       0x16 Src/HAL/SWITCH.o
 .debug_macro   0x0000000000000000       0x9a Src/HAL/SWITCH.o
 .debug_macro   0x0000000000000000      0xdc5 Src/HAL/SWITCH.o
 .group         0x0000000000000000        0xc Src/SHA/CLOCK.o
 .group         0x0000000000000000        0xc Src/SHA/CLOCK.o
 .group         0x0000000000000000        0xc Src/SHA/CLOCK.o
 .group         0x0000000000000000        0xc Src/SHA/CLOCK.o
 .group         0x0000000000000000        0xc Src/SHA/CLOCK.o
 .group         0x0000000000000000        0xc Src/SHA/CLOCK.o
 .group         0x0000000000000000        0xc Src/SHA/CLOCK.o
 .group         0x0000000000000000        0xc Src/SHA/CLOCK.o
 .group         0x0000000000000000        0xc Src/SHA/CLOCK.o
 .text          0x0000000000000000        0x0 Src/SHA/CLOCK.o
 .data          0x0000000000000000        0x0 Src/SHA/CLOCK.o
 .bss           0x0000000000000000        0x0 Src/SHA/CLOCK.o
 .text.CLOCK_Set
                0x0000000000000000        0xa Src/SHA/CLOCK.o
 .text.CLOCK_Get
                0x0000000000000000        0xa Src/SHA/CLOCK.o
 .debug_macro   0x0000000000000000      0xa8a Src/SHA/CLOCK.o
 .debug_macro   0x0000000000000000       0x9a Src/SHA/CLOCK.o
 .debug_macro   0x0000000000000000      0xdc5 Src/SHA/CLOCK.o
 .debug_macro   0x0000000000000000       0x22 Src/SHA/CLOCK.o
 .debug_macro   0x0000000000000000       0x8e Src/SHA/CLOCK.o
 .debug_macro   0x0000000000000000       0x51 Src/SHA/CLOCK.o
 .debug_macro   0x0000000000000000      0x103 Src/SHA/CLOCK.o
 .debug_macro   0x0000000000000000       0x6a Src/SHA/CLOCK.o
 .debug_macro   0x0000000000000000      0x1df Src/SHA/CLOCK.o
 .group         0x0000000000000000        0xc Src/SYS/SYSTEM.o
 .group         0x0000000000000000        0xc Src/SYS/SYSTEM.o
 .group         0x0000000000000000        0xc Src/SYS/SYSTEM.o
 .group         0x0000000000000000        0xc Src/SYS/SYSTEM.o
 .group         0x0000000000000000        0xc Src/SYS/SYSTEM.o
 .group         0x0000000000000000        0xc Src/SYS/SYSTEM.o
 .group         0x0000000000000000        0xc Src/SYS/SYSTEM.o
 .group         0x0000000000000000        0xc Src/SYS/SYSTEM.o
 .group         0x0000000000000000        0xc Src/SYS/SYSTEM.o
 .text          0x0000000000000000        0x0 Src/SYS/SYSTEM.o
 .data          0x0000000000000000        0x0 Src/SYS/SYSTEM.o
 .bss           0x0000000000000000        0x0 Src/SYS/SYSTEM.o
 .debug_macro   0x0000000000000000      0xa8a Src/SYS/SYSTEM.o
 .debug_macro   0x0000000000000000       0x9a Src/SYS/SYSTEM.o
 .debug_macro   0x0000000000000000      0xdc5 Src/SYS/SYSTEM.o
 .debug_macro   0x0000000000000000       0x22 Src/SYS/SYSTEM.o
 .debug_macro   0x0000000000000000       0x8e Src/SYS/SYSTEM.o
 .debug_macro   0x0000000000000000       0x51 Src/SYS/SYSTEM.o
 .debug_macro   0x0000000000000000      0x103 Src/SYS/SYSTEM.o
 .debug_macro   0x0000000000000000       0x6a Src/SYS/SYSTEM.o
 .debug_macro   0x0000000000000000      0x1df Src/SYS/SYSTEM.o
 .text          0x0000000000000000       0x14 Startup/startup_stm32f042k6tx.o
 .data          0x0000000000000000        0x0 Startup/startup_stm32f042k6tx.o
 .bss           0x0000000000000000        0x0 Startup/startup_stm32f042k6tx.o
 .text          0x0000000000000000        0x0 c:/st/stm32cubeide_1.6.0/stm32cubeide/plugins/com.st.stm32cube.ide.mcu.externaltools.gnu-tools-for-stm32.9-2020-q2-update.win32_1.5.0.202011040924/tools/bin/../lib/gcc/arm-none-eabi/9.3.1/../../../../arm-none-eabi/lib/thumb/v6-m/nofp\libc_nano.a(lib_a-errno.o)
 .data          0x0000000000000000        0x0 c:/st/stm32cubeide_1.6.0/stm32cubeide/plugins/com.st.stm32cube.ide.mcu.externaltools.gnu-tools-for-stm32.9-2020-q2-update.win32_1.5.0.202011040924/tools/bin/../lib/gcc/arm-none-eabi/9.3.1/../../../../arm-none-eabi/lib/thumb/v6-m/nofp\libc_nano.a(lib_a-errno.o)
 .bss           0x0000000000000000        0x0 c:/st/stm32cubeide_1.6.0/stm32cubeide/plugins/com.st.stm32cube.ide.mcu.externaltools.gnu-tools-for-stm32.9-2020-q2-update.win32_1.5.0.202011040924/tools/bin/../lib/gcc/arm-none-eabi/9.3.1/../../../../arm-none-eabi/lib/thumb/v6-m/nofp\libc_nano.a(lib_a-errno.o)
 .text.__errno  0x0000000000000000        0xc c:/st/stm32cubeide_1.6.0/stm32cubeide/plugins/com.st.stm32cube.ide.mcu.externaltools.gnu-tools-for-stm32.9-2020-q2-update.win32_1.5.0.202011040924/tools/bin/../lib/gcc/arm-none-eabi/9.3.1/../../../../arm-none-eabi/lib/thumb/v6-m/nofp\libc_nano.a(lib_a-errno.o)
 .debug_frame   0x0000000000000000       0x20 c:/st/stm32cubeide_1.6.0/stm32cubeide/plugins/com.st.stm32cube.ide.mcu.externaltools.gnu-tools-for-stm32.9-2020-q2-update.win32_1.5.0.202011040924/tools/bin/../lib/gcc/arm-none-eabi/9.3.1/../../../../arm-none-eabi/lib/thumb/v6-m/nofp\libc_nano.a(lib_a-errno.o)
 .ARM.attributes
                0x0000000000000000       0x2c c:/st/stm32cubeide_1.6.0/stm32cubeide/plugins/com.st.stm32cube.ide.mcu.externaltools.gnu-tools-for-stm32.9-2020-q2-update.win32_1.5.0.202011040924/tools/bin/../lib/gcc/arm-none-eabi/9.3.1/../../../../arm-none-eabi/lib/thumb/v6-m/nofp\libc_nano.a(lib_a-errno.o)
 .text          0x0000000000000000        0x0 c:/st/stm32cubeide_1.6.0/stm32cubeide/plugins/com.st.stm32cube.ide.mcu.externaltools.gnu-tools-for-stm32.9-2020-q2-update.win32_1.5.0.202011040924/tools/bin/../lib/gcc/arm-none-eabi/9.3.1/../../../../arm-none-eabi/lib/thumb/v6-m/nofp\libc_nano.a(lib_a-exit.o)
 .data          0x0000000000000000        0x0 c:/st/stm32cubeide_1.6.0/stm32cubeide/plugins/com.st.stm32cube.ide.mcu.externaltools.gnu-tools-for-stm32.9-2020-q2-update.win32_1.5.0.202011040924/tools/bin/../lib/gcc/arm-none-eabi/9.3.1/../../../../arm-none-eabi/lib/thumb/v6-m/nofp\libc_nano.a(lib_a-exit.o)
 .bss           0x0000000000000000        0x0 c:/st/stm32cubeide_1.6.0/stm32cubeide/plugins/com.st.stm32cube.ide.mcu.externaltools.gnu-tools-for-stm32.9-2020-q2-update.win32_1.5.0.202011040924/tools/bin/../lib/gcc/arm-none-eabi/9.3.1/../../../../arm-none-eabi/lib/thumb/v6-m/nofp\libc_nano.a(lib_a-exit.o)
 .text.exit     0x0000000000000000       0x2c c:/st/stm32cubeide_1.6.0/stm32cubeide/plugins/com.st.stm32cube.ide.mcu.externaltools.gnu-tools-for-stm32.9-2020-q2-update.win32_1.5.0.202011040924/tools/bin/../lib/gcc/arm-none-eabi/9.3.1/../../../../arm-none-eabi/lib/thumb/v6-m/nofp\libc_nano.a(lib_a-exit.o)
 .debug_frame   0x0000000000000000       0x28 c:/st/stm32cubeide_1.6.0/stm32cubeide/plugins/com.st.stm32cube.ide.mcu.externaltools.gnu-tools-for-stm32.9-2020-q2-update.win32_1.5.0.202011040924/tools/bin/../lib/gcc/arm-none-eabi/9.3.1/../../../../arm-none-eabi/lib/thumb/v6-m/nofp\libc_nano.a(lib_a-exit.o)
 .ARM.attributes
                0x0000000000000000       0x2c c:/st/stm32cubeide_1.6.0/stm32cubeide/plugins/com.st.stm32cube.ide.mcu.externaltools.gnu-tools-for-stm32.9-2020-q2-update.win32_1.5.0.202011040924/tools/bin/../lib/gcc/arm-none-eabi/9.3.1/../../../../arm-none-eabi/lib/thumb/v6-m/nofp\libc_nano.a(lib_a-exit.o)
 .text          0x0000000000000000        0x0 c:/st/stm32cubeide_1.6.0/stm32cubeide/plugins/com.st.stm32cube.ide.mcu.externaltools.gnu-tools-for-stm32.9-2020-q2-update.win32_1.5.0.202011040924/tools/bin/../lib/gcc/arm-none-eabi/9.3.1/../../../../arm-none-eabi/lib/thumb/v6-m/nofp\libc_nano.a(lib_a-impure.o)
 .data          0x0000000000000000        0x0 c:/st/stm32cubeide_1.6.0/stm32cubeide/plugins/com.st.stm32cube.ide.mcu.externaltools.gnu-tools-for-stm32.9-2020-q2-update.win32_1.5.0.202011040924/tools/bin/../lib/gcc/arm-none-eabi/9.3.1/../../../../arm-none-eabi/lib/thumb/v6-m/nofp\libc_nano.a(lib_a-impure.o)
 .bss           0x0000000000000000        0x0 c:/st/stm32cubeide_1.6.0/stm32cubeide/plugins/com.st.stm32cube.ide.mcu.externaltools.gnu-tools-for-stm32.9-2020-q2-update.win32_1.5.0.202011040924/tools/bin/../lib/gcc/arm-none-eabi/9.3.1/../../../../arm-none-eabi/lib/thumb/v6-m/nofp\libc_nano.a(lib_a-impure.o)
 .data._impure_ptr
                0x0000000000000000        0x4 c:/st/stm32cubeide_1.6.0/stm32cubeide/plugins/com.st.stm32cube.ide.mcu.externaltools.gnu-tools-for-stm32.9-2020-q2-update.win32_1.5.0.202011040924/tools/bin/../lib/gcc/arm-none-eabi/9.3.1/../../../../arm-none-eabi/lib/thumb/v6-m/nofp\libc_nano.a(lib_a-impure.o)
 .data.impure_data
                0x0000000000000000       0x60 c:/st/stm32cubeide_1.6.0/stm32cubeide/plugins/com.st.stm32cube.ide.mcu.externaltools.gnu-tools-for-stm32.9-2020-q2-update.win32_1.5.0.202011040924/tools/bin/../lib/gcc/arm-none-eabi/9.3.1/../../../../arm-none-eabi/lib/thumb/v6-m/nofp\libc_nano.a(lib_a-impure.o)
 .rodata._global_impure_ptr
                0x0000000000000000        0x4 c:/st/stm32cubeide_1.6.0/stm32cubeide/plugins/com.st.stm32cube.ide.mcu.externaltools.gnu-tools-for-stm32.9-2020-q2-update.win32_1.5.0.202011040924/tools/bin/../lib/gcc/arm-none-eabi/9.3.1/../../../../arm-none-eabi/lib/thumb/v6-m/nofp\libc_nano.a(lib_a-impure.o)
 .ARM.attributes
                0x0000000000000000       0x2c c:/st/stm32cubeide_1.6.0/stm32cubeide/plugins/com.st.stm32cube.ide.mcu.externaltools.gnu-tools-for-stm32.9-2020-q2-update.win32_1.5.0.202011040924/tools/bin/../lib/gcc/arm-none-eabi/9.3.1/../../../../arm-none-eabi/lib/thumb/v6-m/nofp\libc_nano.a(lib_a-impure.o)
 .text          0x0000000000000000        0x0 c:/st/stm32cubeide_1.6.0/stm32cubeide/plugins/com.st.stm32cube.ide.mcu.externaltools.gnu-tools-for-stm32.9-2020-q2-update.win32_1.5.0.202011040924/tools/bin/../lib/gcc/arm-none-eabi/9.3.1/../../../../arm-none-eabi/lib/thumb/v6-m/nofp\libc_nano.a(lib_a-init.o)
 .data          0x0000000000000000        0x0 c:/st/stm32cubeide_1.6.0/stm32cubeide/plugins/com.st.stm32cube.ide.mcu.externaltools.gnu-tools-for-stm32.9-2020-q2-update.win32_1.5.0.202011040924/tools/bin/../lib/gcc/arm-none-eabi/9.3.1/../../../../arm-none-eabi/lib/thumb/v6-m/nofp\libc_nano.a(lib_a-init.o)
 .bss           0x0000000000000000        0x0 c:/st/stm32cubeide_1.6.0/stm32cubeide/plugins/com.st.stm32cube.ide.mcu.externaltools.gnu-tools-for-stm32.9-2020-q2-update.win32_1.5.0.202011040924/tools/bin/../lib/gcc/arm-none-eabi/9.3.1/../../../../arm-none-eabi/lib/thumb/v6-m/nofp\libc_nano.a(lib_a-init.o)
 .text          0x0000000000000000        0x0 c:/st/stm32cubeide_1.6.0/stm32cubeide/plugins/com.st.stm32cube.ide.mcu.externaltools.gnu-tools-for-stm32.9-2020-q2-update.win32_1.5.0.202011040924/tools/bin/../lib/gcc/arm-none-eabi/9.3.1/../../../../arm-none-eabi/lib/thumb/v6-m/nofp\libc_nano.a(lib_a-memset.o)
 .data          0x0000000000000000        0x0 c:/st/stm32cubeide_1.6.0/stm32cubeide/plugins/com.st.stm32cube.ide.mcu.externaltools.gnu-tools-for-stm32.9-2020-q2-update.win32_1.5.0.202011040924/tools/bin/../lib/gcc/arm-none-eabi/9.3.1/../../../../arm-none-eabi/lib/thumb/v6-m/nofp\libc_nano.a(lib_a-memset.o)
 .bss           0x0000000000000000        0x0 c:/st/stm32cubeide_1.6.0/stm32cubeide/plugins/com.st.stm32cube.ide.mcu.externaltools.gnu-tools-for-stm32.9-2020-q2-update.win32_1.5.0.202011040924/tools/bin/../lib/gcc/arm-none-eabi/9.3.1/../../../../arm-none-eabi/lib/thumb/v6-m/nofp\libc_nano.a(lib_a-memset.o)
 .text.memset   0x0000000000000000       0x10 c:/st/stm32cubeide_1.6.0/stm32cubeide/plugins/com.st.stm32cube.ide.mcu.externaltools.gnu-tools-for-stm32.9-2020-q2-update.win32_1.5.0.202011040924/tools/bin/../lib/gcc/arm-none-eabi/9.3.1/../../../../arm-none-eabi/lib/thumb/v6-m/nofp\libc_nano.a(lib_a-memset.o)
 .debug_frame   0x0000000000000000       0x20 c:/st/stm32cubeide_1.6.0/stm32cubeide/plugins/com.st.stm32cube.ide.mcu.externaltools.gnu-tools-for-stm32.9-2020-q2-update.win32_1.5.0.202011040924/tools/bin/../lib/gcc/arm-none-eabi/9.3.1/../../../../arm-none-eabi/lib/thumb/v6-m/nofp\libc_nano.a(lib_a-memset.o)
 .ARM.attributes
                0x0000000000000000       0x2c c:/st/stm32cubeide_1.6.0/stm32cubeide/plugins/com.st.stm32cube.ide.mcu.externaltools.gnu-tools-for-stm32.9-2020-q2-update.win32_1.5.0.202011040924/tools/bin/../lib/gcc/arm-none-eabi/9.3.1/../../../../arm-none-eabi/lib/thumb/v6-m/nofp\libc_nano.a(lib_a-memset.o)
 .data          0x0000000000000000        0x0 c:/st/stm32cubeide_1.6.0/stm32cubeide/plugins/com.st.stm32cube.ide.mcu.externaltools.gnu-tools-for-stm32.9-2020-q2-update.win32_1.5.0.202011040924/tools/bin/../lib/gcc/arm-none-eabi/9.3.1/thumb/v6-m/nofp\libgcc.a(_udivsi3.o)
 .bss           0x0000000000000000        0x0 c:/st/stm32cubeide_1.6.0/stm32cubeide/plugins/com.st.stm32cube.ide.mcu.externaltools.gnu-tools-for-stm32.9-2020-q2-update.win32_1.5.0.202011040924/tools/bin/../lib/gcc/arm-none-eabi/9.3.1/thumb/v6-m/nofp\libgcc.a(_udivsi3.o)
 .data          0x0000000000000000        0x0 c:/st/stm32cubeide_1.6.0/stm32cubeide/plugins/com.st.stm32cube.ide.mcu.externaltools.gnu-tools-for-stm32.9-2020-q2-update.win32_1.5.0.202011040924/tools/bin/../lib/gcc/arm-none-eabi/9.3.1/thumb/v6-m/nofp\libgcc.a(_dvmd_tls.o)
 .bss           0x0000000000000000        0x0 c:/st/stm32cubeide_1.6.0/stm32cubeide/plugins/com.st.stm32cube.ide.mcu.externaltools.gnu-tools-for-stm32.9-2020-q2-update.win32_1.5.0.202011040924/tools/bin/../lib/gcc/arm-none-eabi/9.3.1/thumb/v6-m/nofp\libgcc.a(_dvmd_tls.o)
 .text          0x0000000000000000        0x0 c:/st/stm32cubeide_1.6.0/stm32cubeide/plugins/com.st.stm32cube.ide.mcu.externaltools.gnu-tools-for-stm32.9-2020-q2-update.win32_1.5.0.202011040924/tools/bin/../lib/gcc/arm-none-eabi/9.3.1/thumb/v6-m/nofp/crtend.o
 .data          0x0000000000000000        0x0 c:/st/stm32cubeide_1.6.0/stm32cubeide/plugins/com.st.stm32cube.ide.mcu.externaltools.gnu-tools-for-stm32.9-2020-q2-update.win32_1.5.0.202011040924/tools/bin/../lib/gcc/arm-none-eabi/9.3.1/thumb/v6-m/nofp/crtend.o
 .bss           0x0000000000000000        0x0 c:/st/stm32cubeide_1.6.0/stm32cubeide/plugins/com.st.stm32cube.ide.mcu.externaltools.gnu-tools-for-stm32.9-2020-q2-update.win32_1.5.0.202011040924/tools/bin/../lib/gcc/arm-none-eabi/9.3.1/thumb/v6-m/nofp/crtend.o
 .eh_frame      0x0000000000000000        0x4 c:/st/stm32cubeide_1.6.0/stm32cubeide/plugins/com.st.stm32cube.ide.mcu.externaltools.gnu-tools-for-stm32.9-2020-q2-update.win32_1.5.0.202011040924/tools/bin/../lib/gcc/arm-none-eabi/9.3.1/thumb/v6-m/nofp/crtend.o
 .ARM.attributes
                0x0000000000000000       0x2c c:/st/stm32cubeide_1.6.0/stm32cubeide/plugins/com.st.stm32cube.ide.mcu.externaltools.gnu-tools-for-stm32.9-2020-q2-update.win32_1.5.0.202011040924/tools/bin/../lib/gcc/arm-none-eabi/9.3.1/thumb/v6-m/nofp/crtend.o
 .text          0x0000000000000000        0x0 c:/st/stm32cubeide_1.6.0/stm32cubeide/plugins/com.st.stm32cube.ide.mcu.externaltools.gnu-tools-for-stm32.9-2020-q2-update.win32_1.5.0.202011040924/tools/bin/../lib/gcc/arm-none-eabi/9.3.1/thumb/v6-m/nofp/crtn.o
 .data          0x0000000000000000        0x0 c:/st/stm32cubeide_1.6.0/stm32cubeide/plugins/com.st.stm32cube.ide.mcu.externaltools.gnu-tools-for-stm32.9-2020-q2-update.win32_1.5.0.202011040924/tools/bin/../lib/gcc/arm-none-eabi/9.3.1/thumb/v6-m/nofp/crtn.o
 .bss           0x0000000000000000        0x0 c:/st/stm32cubeide_1.6.0/stm32cubeide/plugins/com.st.stm32cube.ide.mcu.externaltools.gnu-tools-for-stm32.9-2020-q2-update.win32_1.5.0.202011040924/tools/bin/../lib/gcc/arm-none-eabi/9.3.1/thumb/v6-m/nofp/crtn.o

Memory Configuration

Name             Origin             Length             Attributes
RAM              0x0000000020000000 0x0000000000001800 xrw
FLASH            0x0000000008000000 0x0000000000008000 xr
*default*        0x0000000000000000 0xffffffffffffffff

Linker script and memory map

LOAD c:/st/stm32cubeide_1.6.0/stm32cubeide/plugins/com.st.stm32cube.ide.mcu.externaltools.gnu-tools-for-stm32.9-2020-q2-update.win32_1.5.0.202011040924/tools/bin/../lib/gcc/arm-none-eabi/9.3.1/thumb/v6-m/nofp/crti.o
LOAD c:/st/stm32cubeide_1.6.0/stm32cubeide/plugins/com.st.stm32cube.ide.mcu.externaltools.gnu-tools-for-stm32.9-2020-q2-update.win32_1.5.0.202011040924/tools/bin/../lib/gcc/arm-none-eabi/9.3.1/thumb/v6-m/nofp/crtbegin.o
LOAD c:/st/stm32cubeide_1.6.0/stm32cubeide/plugins/com.st.stm32cube.ide.mcu.externaltools.gnu-tools-for-stm32.9-2020-q2-update.win32_1.5.0.202011040924/tools/bin/../lib/gcc/arm-none-eabi/9.3.1/../../../../arm-none-eabi/lib/thumb/v6-m/nofp/crt0.o
LOAD Src/APP/main.o
LOAD Src/APP/syscalls.o
LOAD Src/APP/sysmem.o
LOAD Src/HAL/ANALOG.o
LOAD Src/HAL/BUZZ.o
LOAD Src/HAL/CAN.o
LOAD Src/HAL/I2C.o
LOAD Src/HAL/LED.o
LOAD Src/HAL/SERIE.o
LOAD Src/HAL/SWITCH.o
LOAD Src/SHA/CLOCK.o
LOAD Src/SYS/SYSTEM.o
LOAD Startup/startup_stm32f042k6tx.o
START GROUP
LOAD c:/st/stm32cubeide_1.6.0/stm32cubeide/plugins/com.st.stm32cube.ide.mcu.externaltools.gnu-tools-for-stm32.9-2020-q2-update.win32_1.5.0.202011040924/tools/bin/../lib/gcc/arm-none-eabi/9.3.1/../../../../arm-none-eabi/lib/thumb/v6-m/nofp\libc_nano.a
LOAD c:/st/stm32cubeide_1.6.0/stm32cubeide/plugins/com.st.stm32cube.ide.mcu.externaltools.gnu-tools-for-stm32.9-2020-q2-update.win32_1.5.0.202011040924/tools/bin/../lib/gcc/arm-none-eabi/9.3.1/../../../../arm-none-eabi/lib/thumb/v6-m/nofp\libm.a
END GROUP
START GROUP
LOAD c:/st/stm32cubeide_1.6.0/stm32cubeide/plugins/com.st.stm32cube.ide.mcu.externaltools.gnu-tools-for-stm32.9-2020-q2-update.win32_1.5.0.202011040924/tools/bin/../lib/gcc/arm-none-eabi/9.3.1/thumb/v6-m/nofp\libgcc.a
LOAD c:/st/stm32cubeide_1.6.0/stm32cubeide/plugins/com.st.stm32cube.ide.mcu.externaltools.gnu-tools-for-stm32.9-2020-q2-update.win32_1.5.0.202011040924/tools/bin/../lib/gcc/arm-none-eabi/9.3.1/../../../../arm-none-eabi/lib/thumb/v6-m/nofp\libc_nano.a
END GROUP
START GROUP
LOAD c:/st/stm32cubeide_1.6.0/stm32cubeide/plugins/com.st.stm32cube.ide.mcu.externaltools.gnu-tools-for-stm32.9-2020-q2-update.win32_1.5.0.202011040924/tools/bin/../lib/gcc/arm-none-eabi/9.3.1/thumb/v6-m/nofp\libgcc.a
LOAD c:/st/stm32cubeide_1.6.0/stm32cubeide/plugins/com.st.stm32cube.ide.mcu.externaltools.gnu-tools-for-stm32.9-2020-q2-update.win32_1.5.0.202011040924/tools/bin/../lib/gcc/arm-none-eabi/9.3.1/../../../../arm-none-eabi/lib/thumb/v6-m/nofp\libc_nano.a
LOAD c:/st/stm32cubeide_1.6.0/stm32cubeide/plugins/com.st.stm32cube.ide.mcu.externaltools.gnu-tools-for-stm32.9-2020-q2-update.win32_1.5.0.202011040924/tools/bin/../lib/gcc/arm-none-eabi/9.3.1/../../../../arm-none-eabi/lib/thumb/v6-m/nofp\libnosys.a
END GROUP
START GROUP
LOAD c:/st/stm32cubeide_1.6.0/stm32cubeide/plugins/com.st.stm32cube.ide.mcu.externaltools.gnu-tools-for-stm32.9-2020-q2-update.win32_1.5.0.202011040924/tools/bin/../lib/gcc/arm-none-eabi/9.3.1/thumb/v6-m/nofp\libgcc.a
LOAD c:/st/stm32cubeide_1.6.0/stm32cubeide/plugins/com.st.stm32cube.ide.mcu.externaltools.gnu-tools-for-stm32.9-2020-q2-update.win32_1.5.0.202011040924/tools/bin/../lib/gcc/arm-none-eabi/9.3.1/../../../../arm-none-eabi/lib/thumb/v6-m/nofp\libc_nano.a
LOAD c:/st/stm32cubeide_1.6.0/stm32cubeide/plugins/com.st.stm32cube.ide.mcu.externaltools.gnu-tools-for-stm32.9-2020-q2-update.win32_1.5.0.202011040924/tools/bin/../lib/gcc/arm-none-eabi/9.3.1/../../../../arm-none-eabi/lib/thumb/v6-m/nofp\libnosys.a
END GROUP
LOAD c:/st/stm32cubeide_1.6.0/stm32cubeide/plugins/com.st.stm32cube.ide.mcu.externaltools.gnu-tools-for-stm32.9-2020-q2-update.win32_1.5.0.202011040924/tools/bin/../lib/gcc/arm-none-eabi/9.3.1/thumb/v6-m/nofp/crtend.o
LOAD c:/st/stm32cubeide_1.6.0/stm32cubeide/plugins/com.st.stm32cube.ide.mcu.externaltools.gnu-tools-for-stm32.9-2020-q2-update.win32_1.5.0.202011040924/tools/bin/../lib/gcc/arm-none-eabi/9.3.1/thumb/v6-m/nofp/crtn.o
                0x0000000020001800                _estack = (ORIGIN (RAM) + LENGTH (RAM))
                0x0000000000000200                _Min_Heap_Size = 0x200
                0x0000000000000400                _Min_Stack_Size = 0x400

.isr_vector     0x0000000008000000       0xc0
                0x0000000008000000                . = ALIGN (0x4)
 *(.isr_vector)
 .isr_vector    0x0000000008000000       0xc0 Startup/startup_stm32f042k6tx.o
                0x0000000008000000                g_pfnVectors
                0x00000000080000c0                . = ALIGN (0x4)

.text           0x00000000080000c0      0x52c
                0x00000000080000c0                . = ALIGN (0x4)
 *(.text)
 .text          0x00000000080000c0       0x48 c:/st/stm32cubeide_1.6.0/stm32cubeide/plugins/com.st.stm32cube.ide.mcu.externaltools.gnu-tools-for-stm32.9-2020-q2-update.win32_1.5.0.202011040924/tools/bin/../lib/gcc/arm-none-eabi/9.3.1/thumb/v6-m/nofp/crtbegin.o
 .text          0x0000000008000108      0x114 c:/st/stm32cubeide_1.6.0/stm32cubeide/plugins/com.st.stm32cube.ide.mcu.externaltools.gnu-tools-for-stm32.9-2020-q2-update.win32_1.5.0.202011040924/tools/bin/../lib/gcc/arm-none-eabi/9.3.1/thumb/v6-m/nofp\libgcc.a(_udivsi3.o)
                0x0000000008000108                __aeabi_uidiv
                0x0000000008000108                __udivsi3
                0x0000000008000214                __aeabi_uidivmod
 .text          0x000000000800021c        0x4 c:/st/stm32cubeide_1.6.0/stm32cubeide/plugins/com.st.stm32cube.ide.mcu.externaltools.gnu-tools-for-stm32.9-2020-q2-update.win32_1.5.0.202011040924/tools/bin/../lib/gcc/arm-none-eabi/9.3.1/thumb/v6-m/nofp\libgcc.a(_dvmd_tls.o)
                0x000000000800021c                __aeabi_idiv0
                0x000000000800021c                __aeabi_ldiv0
 *(.text*)
 .text.main     0x0000000008000220       0x14 Src/APP/main.o
                0x0000000008000220                main
 .text.BTN_0_Led_ON
                0x0000000008000234       0x40 Src/APP/main.o
                0x0000000008000234                BTN_0_Led_ON
 .text.ANALOG_Ini
                0x0000000008000274        0xa Src/HAL/ANALOG.o
                0x0000000008000274                ANALOG_Ini
 .text.BUZZ_Ini
                0x000000000800027e        0xa Src/HAL/BUZZ.o
                0x000000000800027e                BUZZ_Ini
 .text.CAN_Ini  0x0000000008000288        0xa Src/HAL/CAN.o
                0x0000000008000288                CAN_Ini
 .text.I2C_Ini  0x0000000008000292        0xa Src/HAL/I2C.o
                0x0000000008000292                I2C_Ini
 .text.LED_Ini  0x000000000800029c       0x28 Src/HAL/LED.o
                0x000000000800029c                LED_Ini
 .text.LED_per  0x00000000080002c4       0x64 Src/HAL/LED.o
                0x00000000080002c4                LED_per
 .text.LED_Set  0x0000000008000328       0x1c Src/HAL/LED.o
                0x0000000008000328                LED_Set
 .text.SERIE_Ini
                0x0000000008000344        0xa Src/HAL/SERIE.o
                0x0000000008000344                SERIE_Ini
 *fill*         0x000000000800034e        0x2 
 .text.SWITCH_Ini
                0x0000000008000350       0x40 Src/HAL/SWITCH.o
                0x0000000008000350                SWITCH_Ini
 .text.SWITCH_per
                0x0000000008000390       0x7c Src/HAL/SWITCH.o
                0x0000000008000390                SWITCH_per
 .text.SWITCH_Get_BTN_0
                0x000000000800040c       0x58 Src/HAL/SWITCH.o
                0x000000000800040c                SWITCH_Get_BTN_0
 .text.CLOCK_Set_Timer_1ms
                0x0000000008000464       0x74 Src/SHA/CLOCK.o
                0x0000000008000464                CLOCK_Set_Timer_1ms
 .text.SYSTEM_Ini
                0x00000000080004d8       0x4c Src/SYS/SYSTEM.o
                0x00000000080004d8                SYSTEM_Ini
 .text.SysTick_Handler
                0x0000000008000524       0x12 Src/SYS/SYSTEM.o
                0x0000000008000524                SysTick_Handler
 *fill*         0x0000000008000536        0x2 
 .text.Reset_Handler
                0x0000000008000538       0x50 Startup/startup_stm32f042k6tx.o
                0x0000000008000538                Reset_Handler
 .text.Default_Handler
                0x0000000008000588        0x2 Startup/startup_stm32f042k6tx.o
                0x0000000008000588                TIM1_CC_IRQHandler
                0x0000000008000588                TSC_IRQHandler
                0x0000000008000588                HardFault_Handler
                0x0000000008000588                PVD_IRQHandler
                0x0000000008000588                PendSV_Handler
                0x0000000008000588                NMI_Handler
                0x0000000008000588                I2C1_IRQHandler
                0x0000000008000588                RCC_CRS_IRQHandler
                0x0000000008000588                SPI1_IRQHandler
                0x0000000008000588                TIM6_DAC_IRQHandler
                0x0000000008000588                USART3_4_IRQHandler
                0x0000000008000588                EXTI2_3_IRQHandler
                0x0000000008000588                I2C2_IRQHandler
                0x0000000008000588                TIM17_IRQHandler
                0x0000000008000588                CEC_CAN_IRQHandler
                0x0000000008000588                RTC_IRQHandler
                0x0000000008000588                TIM16_IRQHandler
                0x0000000008000588                TIM3_IRQHandler
                0x0000000008000588                EXTI4_15_IRQHandler
                0x0000000008000588                Default_Handler
                0x0000000008000588                TIM14_IRQHandler
                0x0000000008000588                TIM7_IRQHandler
                0x0000000008000588                TIM15_IRQHandler
                0x0000000008000588                EXTI0_1_IRQHandler
                0x0000000008000588                USB_IRQHandler
                0x0000000008000588                SPI2_IRQHandler
                0x0000000008000588                DMA1_CH1_IRQHandler
                0x0000000008000588                SVC_Handler
                0x0000000008000588                WWDG_IRQHandler
                0x0000000008000588                TIM2_IRQHandler
                0x0000000008000588                ADC_COMP_IRQHandler
                0x0000000008000588                USART2_IRQHandler
                0x0000000008000588                FLASH_IRQHandler
                0x0000000008000588                USART1_IRQHandler
                0x0000000008000588                TIM1_BRK_UP_TRG_COM_IRQHandler
 *fill*         0x000000000800058a        0x2 
 .text.__libc_init_array
                0x000000000800058c       0x48 c:/st/stm32cubeide_1.6.0/stm32cubeide/plugins/com.st.stm32cube.ide.mcu.externaltools.gnu-tools-for-stm32.9-2020-q2-update.win32_1.5.0.202011040924/tools/bin/../lib/gcc/arm-none-eabi/9.3.1/../../../../arm-none-eabi/lib/thumb/v6-m/nofp\libc_nano.a(lib_a-init.o)
                0x000000000800058c                __libc_init_array
 *(.glue_7)
 .glue_7        0x00000000080005d4        0x0 linker stubs
 *(.glue_7t)
 .glue_7t       0x00000000080005d4        0x0 linker stubs
 *(.eh_frame)
 .eh_frame      0x00000000080005d4        0x0 c:/st/stm32cubeide_1.6.0/stm32cubeide/plugins/com.st.stm32cube.ide.mcu.externaltools.gnu-tools-for-stm32.9-2020-q2-update.win32_1.5.0.202011040924/tools/bin/../lib/gcc/arm-none-eabi/9.3.1/thumb/v6-m/nofp/crtbegin.o
 *(.init)
 .init          0x00000000080005d4        0x4 c:/st/stm32cubeide_1.6.0/stm32cubeide/plugins/com.st.stm32cube.ide.mcu.externaltools.gnu-tools-for-stm32.9-2020-q2-update.win32_1.5.0.202011040924/tools/bin/../lib/gcc/arm-none-eabi/9.3.1/thumb/v6-m/nofp/crti.o
                0x00000000080005d4                _init
 .init          0x00000000080005d8        0x8 c:/st/stm32cubeide_1.6.0/stm32cubeide/plugins/com.st.stm32cube.ide.mcu.externaltools.gnu-tools-for-stm32.9-2020-q2-update.win32_1.5.0.202011040924/tools/bin/../lib/gcc/arm-none-eabi/9.3.1/thumb/v6-m/nofp/crtn.o
 *(.fini)
 .fini          0x00000000080005e0        0x4 c:/st/stm32cubeide_1.6.0/stm32cubeide/plugins/com.st.stm32cube.ide.mcu.externaltools.gnu-tools-for-stm32.9-2020-q2-update.win32_1.5.0.202011040924/tools/bin/../lib/gcc/arm-none-eabi/9.3.1/thumb/v6-m/nofp/crti.o
                0x00000000080005e0                _fini
 .fini          0x00000000080005e4        0x8 c:/st/stm32cubeide_1.6.0/stm32cubeide/plugins/com.st.stm32cube.ide.mcu.externaltools.gnu-tools-for-stm32.9-2020-q2-update.win32_1.5.0.202011040924/tools/bin/../lib/gcc/arm-none-eabi/9.3.1/thumb/v6-m/nofp/crtn.o
                0x00000000080005ec                . = ALIGN (0x4)
                0x00000000080005ec                _etext = .

.vfp11_veneer   0x00000000080005ec        0x0
 .vfp11_veneer  0x00000000080005ec        0x0 linker stubs

.v4_bx          0x00000000080005ec        0x0
 .v4_bx         0x00000000080005ec        0x0 linker stubs

.iplt           0x00000000080005ec        0x0
 .iplt          0x00000000080005ec        0x0 c:/st/stm32cubeide_1.6.0/stm32cubeide/plugins/com.st.stm32cube.ide.mcu.externaltools.gnu-tools-for-stm32.9-2020-q2-update.win32_1.5.0.202011040924/tools/bin/../lib/gcc/arm-none-eabi/9.3.1/thumb/v6-m/nofp/crtbegin.o

.rel.dyn        0x00000000080005ec        0x0
 .rel.iplt      0x00000000080005ec        0x0 c:/st/stm32cubeide_1.6.0/stm32cubeide/plugins/com.st.stm32cube.ide.mcu.externaltools.gnu-tools-for-stm32.9-2020-q2-update.win32_1.5.0.202011040924/tools/bin/../lib/gcc/arm-none-eabi/9.3.1/thumb/v6-m/nofp/crtbegin.o

.rodata         0x00000000080005ec        0x0
                0x00000000080005ec                . = ALIGN (0x4)
 *(.rodata)
 *(.rodata*)
                0x00000000080005ec                . = ALIGN (0x4)

.ARM.extab      0x00000000080005ec        0x0
                0x00000000080005ec                . = ALIGN (0x4)
 *(.ARM.extab* .gnu.linkonce.armextab.*)
                0x00000000080005ec                . = ALIGN (0x4)

.ARM            0x00000000080005ec        0x0
                0x00000000080005ec                . = ALIGN (0x4)
                0x00000000080005ec                __exidx_start = .
 *(.ARM.exidx*)
                0x00000000080005ec                __exidx_end = .
                0x00000000080005ec                . = ALIGN (0x4)

.preinit_array  0x00000000080005ec        0x0
                0x00000000080005ec                . = ALIGN (0x4)
                0x00000000080005ec                PROVIDE (__preinit_array_start = .)
 *(.preinit_array*)
                0x00000000080005ec                PROVIDE (__preinit_array_end = .)
                0x00000000080005ec                . = ALIGN (0x4)

.init_array     0x00000000080005ec        0x4
                0x00000000080005ec                . = ALIGN (0x4)
                0x00000000080005ec                PROVIDE (__init_array_start = .)
 *(SORT_BY_NAME(.init_array.*))
 *(.init_array*)
 .init_array    0x00000000080005ec        0x4 c:/st/stm32cubeide_1.6.0/stm32cubeide/plugins/com.st.stm32cube.ide.mcu.externaltools.gnu-tools-for-stm32.9-2020-q2-update.win32_1.5.0.202011040924/tools/bin/../lib/gcc/arm-none-eabi/9.3.1/thumb/v6-m/nofp/crtbegin.o
                0x00000000080005f0                PROVIDE (__init_array_end = .)
                0x00000000080005f0                . = ALIGN (0x4)

.fini_array     0x00000000080005f0        0x4
                0x00000000080005f0                . = ALIGN (0x4)
                [!provide]                        PROVIDE (__fini_array_start = .)
 *(SORT_BY_NAME(.fini_array.*))
 *(.fini_array*)
 .fini_array    0x00000000080005f0        0x4 c:/st/stm32cubeide_1.6.0/stm32cubeide/plugins/com.st.stm32cube.ide.mcu.externaltools.gnu-tools-for-stm32.9-2020-q2-update.win32_1.5.0.202011040924/tools/bin/../lib/gcc/arm-none-eabi/9.3.1/thumb/v6-m/nofp/crtbegin.o
                [!provide]                        PROVIDE (__fini_array_end = .)
                0x00000000080005f4                . = ALIGN (0x4)
                0x00000000080005f4                _sidata = LOADADDR (.data)

.data           0x0000000020000000        0x0 load address 0x00000000080005f4
                0x0000000020000000                . = ALIGN (0x4)
                0x0000000020000000                _sdata = .
 *(.data)
 *(.data*)
 *(.RamFunc)
 *(.RamFunc*)
                0x0000000020000000                . = ALIGN (0x4)
                0x0000000020000000                _edata = .

.igot.plt       0x0000000020000000        0x0 load address 0x00000000080005f4
 .igot.plt      0x0000000020000000        0x0 c:/st/stm32cubeide_1.6.0/stm32cubeide/plugins/com.st.stm32cube.ide.mcu.externaltools.gnu-tools-for-stm32.9-2020-q2-update.win32_1.5.0.202011040924/tools/bin/../lib/gcc/arm-none-eabi/9.3.1/thumb/v6-m/nofp/crtbegin.o
                0x0000000020000000                . = ALIGN (0x4)

.bss            0x0000000020000000       0x48 load address 0x00000000080005f4
                0x0000000020000000                _sbss = .
                0x0000000020000000                __bss_start__ = _sbss
 *(.bss)
 .bss           0x0000000020000000       0x1c c:/st/stm32cubeide_1.6.0/stm32cubeide/plugins/com.st.stm32cube.ide.mcu.externaltools.gnu-tools-for-stm32.9-2020-q2-update.win32_1.5.0.202011040924/tools/bin/../lib/gcc/arm-none-eabi/9.3.1/thumb/v6-m/nofp/crtbegin.o
 *(.bss*)
 .bss.ImageLED  0x000000002000001c        0x4 Src/HAL/LED.o
 .bss.phase.4204
                0x0000000020000020        0x4 Src/HAL/LED.o
 .bss.reg_btn_0
                0x0000000020000024       0x10 Src/HAL/SWITCH.o
 .bss.reg_btn_1
                0x0000000020000034       0x10 Src/HAL/SWITCH.o
 .bss.i.4206    0x0000000020000044        0x4 Src/HAL/SWITCH.o
 *(COMMON)
                0x0000000020000048                . = ALIGN (0x4)
                0x0000000020000048                _ebss = .
                0x0000000020000048                __bss_end__ = _ebss

._user_heap_stack
                0x0000000020000048      0x600 load address 0x00000000080005f4
                0x0000000020000048                . = ALIGN (0x8)
                [!provide]                        PROVIDE (end = .)
                0x0000000020000048                PROVIDE (_end = .)
                0x0000000020000248                . = (. + _Min_Heap_Size)
 *fill*         0x0000000020000048      0x200 
                0x0000000020000648                . = (. + _Min_Stack_Size)
 *fill*         0x0000000020000248      0x400 
                0x0000000020000648                . = ALIGN (0x8)

/DISCARD/
 libc.a(*)
 libm.a(*)
 libgcc.a(*)

.ARM.attributes
                0x0000000000000000       0x28
 *(.ARM.attributes)
 .ARM.attributes
                0x0000000000000000       0x1e c:/st/stm32cubeide_1.6.0/stm32cubeide/plugins/com.st.stm32cube.ide.mcu.externaltools.gnu-tools-for-stm32.9-2020-q2-update.win32_1.5.0.202011040924/tools/bin/../lib/gcc/arm-none-eabi/9.3.1/thumb/v6-m/nofp/crti.o
 .ARM.attributes
                0x000000000000001e       0x2c c:/st/stm32cubeide_1.6.0/stm32cubeide/plugins/com.st.stm32cube.ide.mcu.externaltools.gnu-tools-for-stm32.9-2020-q2-update.win32_1.5.0.202011040924/tools/bin/../lib/gcc/arm-none-eabi/9.3.1/thumb/v6-m/nofp/crtbegin.o
 .ARM.attributes
                0x000000000000004a       0x2c Src/APP/main.o
 .ARM.attributes
                0x0000000000000076       0x2c Src/HAL/ANALOG.o
 .ARM.attributes
                0x00000000000000a2       0x2c Src/HAL/BUZZ.o
 .ARM.attributes
                0x00000000000000ce       0x2c Src/HAL/CAN.o
 .ARM.attributes
                0x00000000000000fa       0x2c Src/HAL/I2C.o
 .ARM.attributes
                0x0000000000000126       0x2c Src/HAL/LED.o
 .ARM.attributes
                0x0000000000000152       0x2c Src/HAL/SERIE.o
 .ARM.attributes
                0x000000000000017e       0x2c Src/HAL/SWITCH.o
 .ARM.attributes
                0x00000000000001aa       0x2c Src/SHA/CLOCK.o
 .ARM.attributes
                0x00000000000001d6       0x2c Src/SYS/SYSTEM.o
 .ARM.attributes
                0x0000000000000202       0x21 Startup/startup_stm32f042k6tx.o
 .ARM.attributes
                0x0000000000000223       0x2c c:/st/stm32cubeide_1.6.0/stm32cubeide/plugins/com.st.stm32cube.ide.mcu.externaltools.gnu-tools-for-stm32.9-2020-q2-update.win32_1.5.0.202011040924/tools/bin/../lib/gcc/arm-none-eabi/9.3.1/../../../../arm-none-eabi/lib/thumb/v6-m/nofp\libc_nano.a(lib_a-init.o)
 .ARM.attributes
                0x000000000000024f       0x1e c:/st/stm32cubeide_1.6.0/stm32cubeide/plugins/com.st.stm32cube.ide.mcu.externaltools.gnu-tools-for-stm32.9-2020-q2-update.win32_1.5.0.202011040924/tools/bin/../lib/gcc/arm-none-eabi/9.3.1/thumb/v6-m/nofp\libgcc.a(_udivsi3.o)
 .ARM.attributes
                0x000000000000026d       0x1e c:/st/stm32cubeide_1.6.0/stm32cubeide/plugins/com.st.stm32cube.ide.mcu.externaltools.gnu-tools-for-stm32.9-2020-q2-update.win32_1.5.0.202011040924/tools/bin/../lib/gcc/arm-none-eabi/9.3.1/thumb/v6-m/nofp\libgcc.a(_dvmd_tls.o)
 .ARM.attributes
                0x000000000000028b       0x1e c:/st/stm32cubeide_1.6.0/stm32cubeide/plugins/com.st.stm32cube.ide.mcu.externaltools.gnu-tools-for-stm32.9-2020-q2-update.win32_1.5.0.202011040924/tools/bin/../lib/gcc/arm-none-eabi/9.3.1/thumb/v6-m/nofp/crtn.o
OUTPUT(Architecture_00.elf elf32-littlearm)
LOAD linker stubs
LOAD c:/st/stm32cubeide_1.6.0/stm32cubeide/plugins/com.st.stm32cube.ide.mcu.externaltools.gnu-tools-for-stm32.9-2020-q2-update.win32_1.5.0.202011040924/tools/bin/../lib/gcc/arm-none-eabi/9.3.1/../../../../arm-none-eabi/lib/thumb/v6-m/nofp\libc.a
LOAD c:/st/stm32cubeide_1.6.0/stm32cubeide/plugins/com.st.stm32cube.ide.mcu.externaltools.gnu-tools-for-stm32.9-2020-q2-update.win32_1.5.0.202011040924/tools/bin/../lib/gcc/arm-none-eabi/9.3.1/../../../../arm-none-eabi/lib/thumb/v6-m/nofp\libm.a
LOAD c:/st/stm32cubeide_1.6.0/stm32cubeide/plugins/com.st.stm32cube.ide.mcu.externaltools.gnu-tools-for-stm32.9-2020-q2-update.win32_1.5.0.202011040924/tools/bin/../lib/gcc/arm-none-eabi/9.3.1/thumb/v6-m/nofp\libgcc.a

.debug_info     0x0000000000000000      0x7e2
 .debug_info    0x0000000000000000       0xaa Src/APP/main.o
 .debug_info    0x00000000000000aa       0xa6 Src/HAL/ANALOG.o
 .debug_info    0x0000000000000150       0xa6 Src/HAL/BUZZ.o
 .debug_info    0x00000000000001f6       0xa6 Src/HAL/CAN.o
 .debug_info    0x000000000000029c       0xa6 Src/HAL/I2C.o
 .debug_info    0x0000000000000342      0x11c Src/HAL/LED.o
 .debug_info    0x000000000000045e       0xa6 Src/HAL/SERIE.o
 .debug_info    0x0000000000000504      0x14b Src/HAL/SWITCH.o
 .debug_info    0x000000000000064f       0xdd Src/SHA/CLOCK.o
 .debug_info    0x000000000000072c       0x94 Src/SYS/SYSTEM.o
 .debug_info    0x00000000000007c0       0x22 Startup/startup_stm32f042k6tx.o

.debug_abbrev   0x0000000000000000      0x423
 .debug_abbrev  0x0000000000000000       0x61 Src/APP/main.o
 .debug_abbrev  0x0000000000000061       0x45 Src/HAL/ANALOG.o
 .debug_abbrev  0x00000000000000a6       0x45 Src/HAL/BUZZ.o
 .debug_abbrev  0x00000000000000eb       0x45 Src/HAL/CAN.o
 .debug_abbrev  0x0000000000000130       0x45 Src/HAL/I2C.o
 .debug_abbrev  0x0000000000000175       0xac Src/HAL/LED.o
 .debug_abbrev  0x0000000000000221       0x45 Src/HAL/SERIE.o
 .debug_abbrev  0x0000000000000266       0xbc Src/HAL/SWITCH.o
 .debug_abbrev  0x0000000000000322       0x90 Src/SHA/CLOCK.o
 .debug_abbrev  0x00000000000003b2       0x5f Src/SYS/SYSTEM.o
 .debug_abbrev  0x0000000000000411       0x12 Startup/startup_stm32f042k6tx.o

.debug_aranges  0x0000000000000000      0x218
 .debug_aranges
                0x0000000000000000       0x30 Src/APP/main.o
 .debug_aranges
                0x0000000000000030       0x30 Src/HAL/ANALOG.o
 .debug_aranges
                0x0000000000000060       0x30 Src/HAL/BUZZ.o
 .debug_aranges
                0x0000000000000090       0x30 Src/HAL/CAN.o
 .debug_aranges
                0x00000000000000c0       0x30 Src/HAL/I2C.o
 .debug_aranges
                0x00000000000000f0       0x38 Src/HAL/LED.o
 .debug_aranges
                0x0000000000000128       0x30 Src/HAL/SERIE.o
 .debug_aranges
                0x0000000000000158       0x40 Src/HAL/SWITCH.o
 .debug_aranges
                0x0000000000000198       0x30 Src/SHA/CLOCK.o
 .debug_aranges
                0x00000000000001c8       0x28 Src/SYS/SYSTEM.o
 .debug_aranges
                0x00000000000001f0       0x28 Startup/startup_stm32f042k6tx.o

.debug_ranges   0x0000000000000000      0x170
 .debug_ranges  0x0000000000000000       0x20 Src/APP/main.o
 .debug_ranges  0x0000000000000020       0x20 Src/HAL/ANALOG.o
 .debug_ranges  0x0000000000000040       0x20 Src/HAL/BUZZ.o
 .debug_ranges  0x0000000000000060       0x20 Src/HAL/CAN.o
 .debug_ranges  0x0000000000000080       0x20 Src/HAL/I2C.o
 .debug_ranges  0x00000000000000a0       0x28 Src/HAL/LED.o
 .debug_ranges  0x00000000000000c8       0x20 Src/HAL/SERIE.o
 .debug_ranges  0x00000000000000e8       0x30 Src/HAL/SWITCH.o
 .debug_ranges  0x0000000000000118       0x20 Src/SHA/CLOCK.o
 .debug_ranges  0x0000000000000138       0x18 Src/SYS/SYSTEM.o
 .debug_ranges  0x0000000000000150       0x20 Startup/startup_stm32f042k6tx.o

.debug_macro    0x0000000000000000     0x24af
 .debug_macro   0x0000000000000000       0xb3 Src/APP/main.o
 .debug_macro   0x00000000000000b3      0xa8a Src/APP/main.o
 .debug_macro   0x0000000000000b3d       0x22 Src/APP/main.o
 .debug_macro   0x0000000000000b5f       0x8e Src/APP/main.o
 .debug_macro   0x0000000000000bed       0x51 Src/APP/main.o
 .debug_macro   0x0000000000000c3e      0x103 Src/APP/main.o
 .debug_macro   0x0000000000000d41       0x6a Src/APP/main.o
 .debug_macro   0x0000000000000dab      0x1df Src/APP/main.o
 .debug_macro   0x0000000000000f8a       0xb6 Src/HAL/ANALOG.o
 .debug_macro   0x0000000000001040       0x16 Src/HAL/ANALOG.o
 .debug_macro   0x0000000000001056       0x9a Src/HAL/ANALOG.o
 .debug_macro   0x00000000000010f0      0xdc5 Src/HAL/ANALOG.o
 .debug_macro   0x0000000000001eb5       0xb6 Src/HAL/BUZZ.o
 .debug_macro   0x0000000000001f6b       0xb6 Src/HAL/CAN.o
 .debug_macro   0x0000000000002021       0xb6 Src/HAL/I2C.o
 .debug_macro   0x00000000000020d7       0xbc Src/HAL/LED.o
 .debug_macro   0x0000000000002193       0xb6 Src/HAL/SERIE.o
 .debug_macro   0x0000000000002249       0xc6 Src/HAL/SWITCH.o
 .debug_macro   0x000000000000230f       0xa7 Src/SHA/CLOCK.o
 .debug_macro   0x00000000000023b6       0xf9 Src/SYS/SYSTEM.o

.debug_line     0x0000000000000000     0x302a
 .debug_line    0x0000000000000000      0x52b Src/APP/main.o
 .debug_line    0x000000000000052b      0x42f Src/HAL/ANALOG.o
 .debug_line    0x000000000000095a      0x429 Src/HAL/BUZZ.o
 .debug_line    0x0000000000000d83      0x426 Src/HAL/CAN.o
 .debug_line    0x00000000000011a9      0x426 Src/HAL/I2C.o
 .debug_line    0x00000000000015cf      0x532 Src/HAL/LED.o
 .debug_line    0x0000000000001b01      0x42c Src/HAL/SERIE.o
 .debug_line    0x0000000000001f2d      0x62f Src/HAL/SWITCH.o
 .debug_line    0x000000000000255c      0x511 Src/SHA/CLOCK.o
 .debug_line    0x0000000000002a6d      0x539 Src/SYS/SYSTEM.o
 .debug_line    0x0000000000002fa6       0x84 Startup/startup_stm32f042k6tx.o

.debug_str      0x0000000000000000     0xabe3
 .debug_str     0x0000000000000000     0x3b55 Src/APP/main.o
                                       0x3cb0 (size before relaxing)
 .debug_str     0x0000000000003b55     0x6d9e Src/HAL/ANALOG.o
                                       0xa9cf (size before relaxing)
 .debug_str     0x000000000000a8f3       0x3b Src/HAL/BUZZ.o
                                       0xa9c3 (size before relaxing)
 .debug_str     0x000000000000a92e       0x36 Src/HAL/CAN.o
                                       0xa9bd (size before relaxing)
 .debug_str     0x000000000000a964       0x36 Src/HAL/I2C.o
                                       0xa9bd (size before relaxing)
 .debug_str     0x000000000000a99a       0x75 Src/HAL/LED.o
                                       0xaa05 (size before relaxing)
 .debug_str     0x000000000000aa0f       0x40 Src/HAL/SERIE.o
                                       0xa9c9 (size before relaxing)
 .debug_str     0x000000000000aa4f       0xbf Src/HAL/SWITCH.o
                                       0xaa65 (size before relaxing)
 .debug_str     0x000000000000ab0e       0x5e Src/SHA/CLOCK.o
                                       0xa9ad (size before relaxing)
 .debug_str     0x000000000000ab6c       0x46 Src/SYS/SYSTEM.o
                                       0xaa00 (size before relaxing)
 .debug_str     0x000000000000abb2       0x31 Startup/startup_stm32f042k6tx.o
                                         0xa4 (size before relaxing)

.comment        0x0000000000000000       0x53
 .comment       0x0000000000000000       0x53 Src/APP/main.o
                                         0x54 (size before relaxing)
 .comment       0x0000000000000053       0x54 Src/HAL/ANALOG.o
 .comment       0x0000000000000053       0x54 Src/HAL/BUZZ.o
 .comment       0x0000000000000053       0x54 Src/HAL/CAN.o
 .comment       0x0000000000000053       0x54 Src/HAL/I2C.o
 .comment       0x0000000000000053       0x54 Src/HAL/LED.o
 .comment       0x0000000000000053       0x54 Src/HAL/SERIE.o
 .comment       0x0000000000000053       0x54 Src/HAL/SWITCH.o
 .comment       0x0000000000000053       0x54 Src/SHA/CLOCK.o
 .comment       0x0000000000000053       0x54 Src/SYS/SYSTEM.o

.debug_frame    0x0000000000000000      0x478
 .debug_frame   0x0000000000000000       0x64 Src/APP/main.o
 .debug_frame   0x0000000000000064       0x64 Src/HAL/ANALOG.o
 .debug_frame   0x00000000000000c8       0x64 Src/HAL/BUZZ.o
 .debug_frame   0x000000000000012c       0x64 Src/HAL/CAN.o
 .debug_frame   0x0000000000000190       0x64 Src/HAL/I2C.o
 .debug_frame   0x00000000000001f4       0x88 Src/HAL/LED.o
 .debug_frame   0x000000000000027c       0x64 Src/HAL/SERIE.o
 .debug_frame   0x00000000000002e0       0x9c Src/HAL/SWITCH.o
 .debug_frame   0x000000000000037c       0x68 Src/SHA/CLOCK.o
 .debug_frame   0x00000000000003e4       0x48 Src/SYS/SYSTEM.o
 .debug_frame   0x000000000000042c       0x2c c:/st/stm32cubeide_1.6.0/stm32cubeide/plugins/com.st.stm32cube.ide.mcu.externaltools.gnu-tools-for-stm32.9-2020-q2-update.win32_1.5.0.202011040924/tools/bin/../lib/gcc/arm-none-eabi/9.3.1/../../../../arm-none-eabi/lib/thumb/v6-m/nofp\libc_nano.a(lib_a-init.o)
 .debug_frame   0x0000000000000458       0x20 c:/st/stm32cubeide_1.6.0/stm32cubeide/plugins/com.st.stm32cube.ide.mcu.externaltools.gnu-tools-for-stm32.9-2020-q2-update.win32_1.5.0.202011040924/tools/bin/../lib/gcc/arm-none-eabi/9.3.1/thumb/v6-m/nofp\libgcc.a(_udivsi3.o)
