Archive member included to satisfy reference by file (symbol)

c:/st/stm32cubeide_1.6.0/stm32cubeide/plugins/com.st.stm32cube.ide.mcu.externaltools.gnu-tools-for-stm32.9-2020-q2-update.win32_1.5.0.202011040924/tools/bin/../lib/gcc/arm-none-eabi/9.3.1/../../../../arm-none-eabi/lib/thumb/v6-m/nofp\libc_nano.a(lib_a-errno.o)
                              Src/syscalls.o (__errno)
c:/st/stm32cubeide_1.6.0/stm32cubeide/plugins/com.st.stm32cube.ide.mcu.externaltools.gnu-tools-for-stm32.9-2020-q2-update.win32_1.5.0.202011040924/tools/bin/../lib/gcc/arm-none-eabi/9.3.1/../../../../arm-none-eabi/lib/thumb/v6-m/nofp\libc_nano.a(lib_a-exit.o)
                              c:/st/stm32cubeide_1.6.0/stm32cubeide/plugins/com.st.stm32cube.ide.mcu.externaltools.gnu-tools-for-stm32.9-2020-q2-update.win32_1.5.0.202011040924/tools/bin/../lib/gcc/arm-none-eabi/9.3.1/../../../../arm-none-eabi/lib/thumb/v6-m/nofp/crt0.o (exit)
c:/st/stm32cubeide_1.6.0/stm32cubeide/plugins/com.st.stm32cube.ide.mcu.externaltools.gnu-tools-for-stm32.9-2020-q2-update.win32_1.5.0.202011040924/tools/bin/../lib/gcc/arm-none-eabi/9.3.1/../../../../arm-none-eabi/lib/thumb/v6-m/nofp\libc_nano.a(lib_a-impure.o)
                              c:/st/stm32cubeide_1.6.0/stm32cubeide/plugins/com.st.stm32cube.ide.mcu.externaltools.gnu-tools-for-stm32.9-2020-q2-update.win32_1.5.0.202011040924/tools/bin/../lib/gcc/arm-none-eabi/9.3.1/../../../../arm-none-eabi/lib/thumb/v6-m/nofp\libc_nano.a(lib_a-exit.o) (_global_impure_ptr)
c:/st/stm32cubeide_1.6.0/stm32cubeide/plugins/com.st.stm32cube.ide.mcu.externaltools.gnu-tools-for-stm32.9-2020-q2-update.win32_1.5.0.202011040924/tools/bin/../lib/gcc/arm-none-eabi/9.3.1/../../../../arm-none-eabi/lib/thumb/v6-m/nofp\libc_nano.a(lib_a-init.o)
                              c:/st/stm32cubeide_1.6.0/stm32cubeide/plugins/com.st.stm32cube.ide.mcu.externaltools.gnu-tools-for-stm32.9-2020-q2-update.win32_1.5.0.202011040924/tools/bin/../lib/gcc/arm-none-eabi/9.3.1/../../../../arm-none-eabi/lib/thumb/v6-m/nofp/crt0.o (__libc_init_array)
c:/st/stm32cubeide_1.6.0/stm32cubeide/plugins/com.st.stm32cube.ide.mcu.externaltools.gnu-tools-for-stm32.9-2020-q2-update.win32_1.5.0.202011040924/tools/bin/../lib/gcc/arm-none-eabi/9.3.1/../../../../arm-none-eabi/lib/thumb/v6-m/nofp\libc_nano.a(lib_a-memset.o)
                              c:/st/stm32cubeide_1.6.0/stm32cubeide/plugins/com.st.stm32cube.ide.mcu.externaltools.gnu-tools-for-stm32.9-2020-q2-update.win32_1.5.0.202011040924/tools/bin/../lib/gcc/arm-none-eabi/9.3.1/../../../../arm-none-eabi/lib/thumb/v6-m/nofp/crt0.o (memset)
c:/st/stm32cubeide_1.6.0/stm32cubeide/plugins/com.st.stm32cube.ide.mcu.externaltools.gnu-tools-for-stm32.9-2020-q2-update.win32_1.5.0.202011040924/tools/bin/../lib/gcc/arm-none-eabi/9.3.1/thumb/v6-m/nofp\libgcc.a(_udivsi3.o)
                              Src/LED.o (__aeabi_uidiv)
c:/st/stm32cubeide_1.6.0/stm32cubeide/plugins/com.st.stm32cube.ide.mcu.externaltools.gnu-tools-for-stm32.9-2020-q2-update.win32_1.5.0.202011040924/tools/bin/../lib/gcc/arm-none-eabi/9.3.1/thumb/v6-m/nofp\libgcc.a(_dvmd_tls.o)
                              c:/st/stm32cubeide_1.6.0/stm32cubeide/plugins/com.st.stm32cube.ide.mcu.externaltools.gnu-tools-for-stm32.9-2020-q2-update.win32_1.5.0.202011040924/tools/bin/../lib/gcc/arm-none-eabi/9.3.1/thumb/v6-m/nofp\libgcc.a(_udivsi3.o) (__aeabi_idiv0)

Allocating common symbols
Common symbol       size              file

imagLED             0x4               Src/LED.o

Discarded input sections

 .text          0x0000000000000000        0x0 c:/st/stm32cubeide_1.6.0/stm32cubeide/plugins/com.st.stm32cube.ide.mcu.externaltools.gnu-tools-for-stm32.9-2020-q2-update.win32_1.5.0.202011040924/tools/bin/../lib/gcc/arm-none-eabi/9.3.1/thumb/v6-m/nofp/crti.o
 .data          0x0000000000000000        0x0 c:/st/stm32cubeide_1.6.0/stm32cubeide/plugins/com.st.stm32cube.ide.mcu.externaltools.gnu-tools-for-stm32.9-2020-q2-update.win32_1.5.0.202011040924/tools/bin/../lib/gcc/arm-none-eabi/9.3.1/thumb/v6-m/nofp/crti.o
 .bss           0x0000000000000000        0x0 c:/st/stm32cubeide_1.6.0/stm32cubeide/plugins/com.st.stm32cube.ide.mcu.externaltools.gnu-tools-for-stm32.9-2020-q2-update.win32_1.5.0.202011040924/tools/bin/../lib/gcc/arm-none-eabi/9.3.1/thumb/v6-m/nofp/crti.o
 .data          0x0000000000000000        0x4 c:/st/stm32cubeide_1.6.0/stm32cubeide/plugins/com.st.stm32cube.ide.mcu.externaltools.gnu-tools-for-stm32.9-2020-q2-update.win32_1.5.0.202011040924/tools/bin/../lib/gcc/arm-none-eabi/9.3.1/thumb/v6-m/nofp/crtbegin.o
 .text          0x0000000000000000       0x80 c:/st/stm32cubeide_1.6.0/stm32cubeide/plugins/com.st.stm32cube.ide.mcu.externaltools.gnu-tools-for-stm32.9-2020-q2-update.win32_1.5.0.202011040924/tools/bin/../lib/gcc/arm-none-eabi/9.3.1/../../../../arm-none-eabi/lib/thumb/v6-m/nofp/crt0.o
 .data          0x0000000000000000        0x0 c:/st/stm32cubeide_1.6.0/stm32cubeide/plugins/com.st.stm32cube.ide.mcu.externaltools.gnu-tools-for-stm32.9-2020-q2-update.win32_1.5.0.202011040924/tools/bin/../lib/gcc/arm-none-eabi/9.3.1/../../../../arm-none-eabi/lib/thumb/v6-m/nofp/crt0.o
 .bss           0x0000000000000000        0x0 c:/st/stm32cubeide_1.6.0/stm32cubeide/plugins/com.st.stm32cube.ide.mcu.externaltools.gnu-tools-for-stm32.9-2020-q2-update.win32_1.5.0.202011040924/tools/bin/../lib/gcc/arm-none-eabi/9.3.1/../../../../arm-none-eabi/lib/thumb/v6-m/nofp/crt0.o
 .ARM.extab     0x0000000000000000        0x0 c:/st/stm32cubeide_1.6.0/stm32cubeide/plugins/com.st.stm32cube.ide.mcu.externaltools.gnu-tools-for-stm32.9-2020-q2-update.win32_1.5.0.202011040924/tools/bin/../lib/gcc/arm-none-eabi/9.3.1/../../../../arm-none-eabi/lib/thumb/v6-m/nofp/crt0.o
 .ARM.exidx     0x0000000000000000       0x10 c:/st/stm32cubeide_1.6.0/stm32cubeide/plugins/com.st.stm32cube.ide.mcu.externaltools.gnu-tools-for-stm32.9-2020-q2-update.win32_1.5.0.202011040924/tools/bin/../lib/gcc/arm-none-eabi/9.3.1/../../../../arm-none-eabi/lib/thumb/v6-m/nofp/crt0.o
 .ARM.attributes
                0x0000000000000000       0x1b c:/st/stm32cubeide_1.6.0/stm32cubeide/plugins/com.st.stm32cube.ide.mcu.externaltools.gnu-tools-for-stm32.9-2020-q2-update.win32_1.5.0.202011040924/tools/bin/../lib/gcc/arm-none-eabi/9.3.1/../../../../arm-none-eabi/lib/thumb/v6-m/nofp/crt0.o
 .group         0x0000000000000000        0xc Src/ANALOG.o
 .group         0x0000000000000000        0xc Src/ANALOG.o
 .group         0x0000000000000000        0xc Src/ANALOG.o
 .group         0x0000000000000000        0xc Src/ANALOG.o
 .text          0x0000000000000000        0x0 Src/ANALOG.o
 .data          0x0000000000000000        0x0 Src/ANALOG.o
 .bss           0x0000000000000000        0x0 Src/ANALOG.o
 .group         0x0000000000000000        0xc Src/BUZZER.o
 .group         0x0000000000000000        0xc Src/BUZZER.o
 .group         0x0000000000000000        0xc Src/BUZZER.o
 .group         0x0000000000000000        0xc Src/BUZZER.o
 .text          0x0000000000000000        0x0 Src/BUZZER.o
 .data          0x0000000000000000        0x0 Src/BUZZER.o
 .bss           0x0000000000000000        0x0 Src/BUZZER.o
 .debug_macro   0x0000000000000000      0xa84 Src/BUZZER.o
 .debug_macro   0x0000000000000000       0x1c Src/BUZZER.o
 .debug_macro   0x0000000000000000       0x9a Src/BUZZER.o
 .debug_macro   0x0000000000000000      0xdc5 Src/BUZZER.o
 .group         0x0000000000000000        0xc Src/CAN.o
 .group         0x0000000000000000        0xc Src/CAN.o
 .group         0x0000000000000000        0xc Src/CAN.o
 .group         0x0000000000000000        0xc Src/CAN.o
 .text          0x0000000000000000        0x0 Src/CAN.o
 .data          0x0000000000000000        0x0 Src/CAN.o
 .bss           0x0000000000000000        0x0 Src/CAN.o
 .debug_macro   0x0000000000000000      0xa84 Src/CAN.o
 .debug_macro   0x0000000000000000       0x1c Src/CAN.o
 .debug_macro   0x0000000000000000       0x9a Src/CAN.o
 .debug_macro   0x0000000000000000      0xdc5 Src/CAN.o
 .group         0x0000000000000000        0xc Src/I2CS.o
 .group         0x0000000000000000        0xc Src/I2CS.o
 .group         0x0000000000000000        0xc Src/I2CS.o
 .group         0x0000000000000000        0xc Src/I2CS.o
 .text          0x0000000000000000        0x0 Src/I2CS.o
 .data          0x0000000000000000        0x0 Src/I2CS.o
 .bss           0x0000000000000000        0x0 Src/I2CS.o
 .debug_macro   0x0000000000000000      0xa84 Src/I2CS.o
 .debug_macro   0x0000000000000000       0x1c Src/I2CS.o
 .debug_macro   0x0000000000000000       0x9a Src/I2CS.o
 .debug_macro   0x0000000000000000      0xdc5 Src/I2CS.o
 .group         0x0000000000000000        0xc Src/LED.o
 .group         0x0000000000000000        0xc Src/LED.o
 .group         0x0000000000000000        0xc Src/LED.o
 .group         0x0000000000000000        0xc Src/LED.o
 .text          0x0000000000000000        0x0 Src/LED.o
 .data          0x0000000000000000        0x0 Src/LED.o
 .bss           0x0000000000000000        0x0 Src/LED.o
 .text.LED_Set  0x0000000000000000       0x20 Src/LED.o
 .debug_macro   0x0000000000000000      0xa84 Src/LED.o
 .debug_macro   0x0000000000000000       0x1c Src/LED.o
 .debug_macro   0x0000000000000000       0x9a Src/LED.o
 .debug_macro   0x0000000000000000      0xdc5 Src/LED.o
 .group         0x0000000000000000        0xc Src/LEDD.o
 .group         0x0000000000000000        0xc Src/LEDD.o
 .group         0x0000000000000000        0xc Src/LEDD.o
 .group         0x0000000000000000        0xc Src/LEDD.o
 .text          0x0000000000000000        0x0 Src/LEDD.o
 .data          0x0000000000000000        0x0 Src/LEDD.o
 .bss           0x0000000000000000        0x0 Src/LEDD.o
 .debug_macro   0x0000000000000000      0xa84 Src/LEDD.o
 .debug_macro   0x0000000000000000       0x1c Src/LEDD.o
 .debug_macro   0x0000000000000000       0x9a Src/LEDD.o
 .debug_macro   0x0000000000000000      0xdc5 Src/LEDD.o
 .group         0x0000000000000000        0xc Src/RELOJ.o
 .group         0x0000000000000000        0xc Src/RELOJ.o
 .group         0x0000000000000000        0xc Src/RELOJ.o
 .group         0x0000000000000000        0xc Src/RELOJ.o
 .text          0x0000000000000000        0x0 Src/RELOJ.o
 .data          0x0000000000000000        0x0 Src/RELOJ.o
 .bss           0x0000000000000000        0x0 Src/RELOJ.o
 .debug_macro   0x0000000000000000      0xa84 Src/RELOJ.o
 .debug_macro   0x0000000000000000       0x1c Src/RELOJ.o
 .debug_macro   0x0000000000000000       0x9a Src/RELOJ.o
 .debug_macro   0x0000000000000000      0xdc5 Src/RELOJ.o
 .group         0x0000000000000000        0xc Src/SERIE.o
 .group         0x0000000000000000        0xc Src/SERIE.o
 .group         0x0000000000000000        0xc Src/SERIE.o
 .group         0x0000000000000000        0xc Src/SERIE.o
 .text          0x0000000000000000        0x0 Src/SERIE.o
 .data          0x0000000000000000        0x0 Src/SERIE.o
 .bss           0x0000000000000000        0x0 Src/SERIE.o
 .text.Buffer_Rx_Get
                0x0000000000000000       0x48 Src/SERIE.o
 .text.SERIE_RxChar
                0x0000000000000000       0x10 Src/SERIE.o
 .debug_macro   0x0000000000000000      0xa84 Src/SERIE.o
 .debug_macro   0x0000000000000000       0x1c Src/SERIE.o
 .debug_macro   0x0000000000000000       0x9a Src/SERIE.o
 .debug_macro   0x0000000000000000      0xdc5 Src/SERIE.o
 .group         0x0000000000000000        0xc Src/SWITCH.o
 .group         0x0000000000000000        0xc Src/SWITCH.o
 .group         0x0000000000000000        0xc Src/SWITCH.o
 .group         0x0000000000000000        0xc Src/SWITCH.o
 .group         0x0000000000000000        0xc Src/SWITCH.o
 .text          0x0000000000000000        0x0 Src/SWITCH.o
 .data          0x0000000000000000        0x0 Src/SWITCH.o
 .bss           0x0000000000000000        0x0 Src/SWITCH.o
 .bss.switch2Cuenta
                0x0000000000000000        0x4 Src/SWITCH.o
 .text.SWITCH_GetSW2
                0x0000000000000000       0x14 Src/SWITCH.o
 .debug_macro   0x0000000000000000      0xa84 Src/SWITCH.o
 .debug_macro   0x0000000000000000       0x1c Src/SWITCH.o
 .debug_macro   0x0000000000000000       0x9a Src/SWITCH.o
 .debug_macro   0x0000000000000000      0xdc5 Src/SWITCH.o
 .group         0x0000000000000000        0xc Src/SYSTEM.o
 .group         0x0000000000000000        0xc Src/SYSTEM.o
 .group         0x0000000000000000        0xc Src/SYSTEM.o
 .group         0x0000000000000000        0xc Src/SYSTEM.o
 .group         0x0000000000000000        0xc Src/SYSTEM.o
 .group         0x0000000000000000        0xc Src/SYSTEM.o
 .text          0x0000000000000000        0x0 Src/SYSTEM.o
 .data          0x0000000000000000        0x0 Src/SYSTEM.o
 .bss           0x0000000000000000        0x0 Src/SYSTEM.o
 .text.SYSTEM_GetTiempoON
                0x0000000000000000       0x14 Src/SYSTEM.o
 .text.SISTEM_GetTimer
                0x0000000000000000       0x38 Src/SYSTEM.o
 .text.SISTEM_SetTimer
                0x0000000000000000       0x44 Src/SYSTEM.o
 .debug_macro   0x0000000000000000      0xa84 Src/SYSTEM.o
 .debug_macro   0x0000000000000000       0x1c Src/SYSTEM.o
 .debug_macro   0x0000000000000000       0x9a Src/SYSTEM.o
 .debug_macro   0x0000000000000000      0xdc5 Src/SYSTEM.o
 .debug_macro   0x0000000000000000       0x28 Src/SYSTEM.o
 .group         0x0000000000000000        0xc Src/main.o
 .group         0x0000000000000000        0xc Src/main.o
 .group         0x0000000000000000        0xc Src/main.o
 .group         0x0000000000000000        0xc Src/main.o
 .text          0x0000000000000000        0x0 Src/main.o
 .data          0x0000000000000000        0x0 Src/main.o
 .bss           0x0000000000000000        0x0 Src/main.o
 .text.Test_SWLED
                0x0000000000000000       0x68 Src/main.o
 .debug_macro   0x0000000000000000      0xa84 Src/main.o
 .debug_macro   0x0000000000000000       0x1c Src/main.o
 .debug_macro   0x0000000000000000       0x28 Src/main.o
 .group         0x0000000000000000        0xc Src/syscalls.o
 .group         0x0000000000000000        0xc Src/syscalls.o
 .group         0x0000000000000000        0xc Src/syscalls.o
 .group         0x0000000000000000        0xc Src/syscalls.o
 .group         0x0000000000000000        0xc Src/syscalls.o
 .group         0x0000000000000000        0xc Src/syscalls.o
 .group         0x0000000000000000        0xc Src/syscalls.o
 .group         0x0000000000000000        0xc Src/syscalls.o
 .group         0x0000000000000000        0xc Src/syscalls.o
 .group         0x0000000000000000        0xc Src/syscalls.o
 .group         0x0000000000000000        0xc Src/syscalls.o
 .group         0x0000000000000000        0xc Src/syscalls.o
 .group         0x0000000000000000        0xc Src/syscalls.o
 .group         0x0000000000000000        0xc Src/syscalls.o
 .group         0x0000000000000000        0xc Src/syscalls.o
 .group         0x0000000000000000        0xc Src/syscalls.o
 .group         0x0000000000000000        0xc Src/syscalls.o
 .group         0x0000000000000000        0xc Src/syscalls.o
 .group         0x0000000000000000        0xc Src/syscalls.o
 .group         0x0000000000000000        0xc Src/syscalls.o
 .group         0x0000000000000000        0xc Src/syscalls.o
 .group         0x0000000000000000        0xc Src/syscalls.o
 .group         0x0000000000000000        0xc Src/syscalls.o
 .group         0x0000000000000000        0xc Src/syscalls.o
 .group         0x0000000000000000        0xc Src/syscalls.o
 .group         0x0000000000000000        0xc Src/syscalls.o
 .group         0x0000000000000000        0xc Src/syscalls.o
 .group         0x0000000000000000        0xc Src/syscalls.o
 .group         0x0000000000000000        0xc Src/syscalls.o
 .group         0x0000000000000000        0xc Src/syscalls.o
 .group         0x0000000000000000        0xc Src/syscalls.o
 .group         0x0000000000000000        0xc Src/syscalls.o
 .group         0x0000000000000000        0xc Src/syscalls.o
 .group         0x0000000000000000        0xc Src/syscalls.o
 .group         0x0000000000000000        0xc Src/syscalls.o
 .group         0x0000000000000000        0xc Src/syscalls.o
 .group         0x0000000000000000        0xc Src/syscalls.o
 .group         0x0000000000000000        0xc Src/syscalls.o
 .group         0x0000000000000000        0xc Src/syscalls.o
 .group         0x0000000000000000        0xc Src/syscalls.o
 .group         0x0000000000000000        0xc Src/syscalls.o
 .group         0x0000000000000000        0xc Src/syscalls.o
 .group         0x0000000000000000        0xc Src/syscalls.o
 .group         0x0000000000000000        0xc Src/syscalls.o
 .group         0x0000000000000000        0xc Src/syscalls.o
 .group         0x0000000000000000        0xc Src/syscalls.o
 .group         0x0000000000000000        0xc Src/syscalls.o
 .text          0x0000000000000000        0x0 Src/syscalls.o
 .data          0x0000000000000000        0x0 Src/syscalls.o
 .bss           0x0000000000000000        0x0 Src/syscalls.o
 .bss.__env     0x0000000000000000        0x4 Src/syscalls.o
 .data.environ  0x0000000000000000        0x4 Src/syscalls.o
 .text.initialise_monitor_handles
                0x0000000000000000        0xa Src/syscalls.o
 .text._getpid  0x0000000000000000        0xc Src/syscalls.o
 .text._kill    0x0000000000000000       0x20 Src/syscalls.o
 .text._exit    0x0000000000000000       0x18 Src/syscalls.o
 .text._read    0x0000000000000000       0x3a Src/syscalls.o
 .text._write   0x0000000000000000       0x38 Src/syscalls.o
 .text._close   0x0000000000000000       0x14 Src/syscalls.o
 .text._fstat   0x0000000000000000       0x1c Src/syscalls.o
 .text._isatty  0x0000000000000000       0x12 Src/syscalls.o
 .text._lseek   0x0000000000000000       0x16 Src/syscalls.o
 .text._open    0x0000000000000000       0x1c Src/syscalls.o
 .text._wait    0x0000000000000000       0x1e Src/syscalls.o
 .text._unlink  0x0000000000000000       0x1e Src/syscalls.o
 .text._times   0x0000000000000000       0x14 Src/syscalls.o
 .text._stat    0x0000000000000000       0x1c Src/syscalls.o
 .text._link    0x0000000000000000       0x20 Src/syscalls.o
 .text._fork    0x0000000000000000       0x18 Src/syscalls.o
 .text._execve  0x0000000000000000       0x22 Src/syscalls.o
 .debug_info    0x0000000000000000      0xfa8 Src/syscalls.o
 .debug_abbrev  0x0000000000000000      0x286 Src/syscalls.o
 .debug_aranges
                0x0000000000000000       0xa8 Src/syscalls.o
 .debug_ranges  0x0000000000000000       0x98 Src/syscalls.o
 .debug_macro   0x0000000000000000      0x24c Src/syscalls.o
 .debug_macro   0x0000000000000000      0xa84 Src/syscalls.o
 .debug_macro   0x0000000000000000       0x22 Src/syscalls.o
 .debug_macro   0x0000000000000000       0x4c Src/syscalls.o
 .debug_macro   0x0000000000000000       0x18 Src/syscalls.o
 .debug_macro   0x0000000000000000       0x94 Src/syscalls.o
 .debug_macro   0x0000000000000000       0x3c Src/syscalls.o
 .debug_macro   0x0000000000000000       0x34 Src/syscalls.o
 .debug_macro   0x0000000000000000       0x57 Src/syscalls.o
 .debug_macro   0x0000000000000000      0x174 Src/syscalls.o
 .debug_macro   0x0000000000000000      0x339 Src/syscalls.o
 .debug_macro   0x0000000000000000       0x16 Src/syscalls.o
 .debug_macro   0x0000000000000000       0x43 Src/syscalls.o
 .debug_macro   0x0000000000000000       0x34 Src/syscalls.o
 .debug_macro   0x0000000000000000       0x10 Src/syscalls.o
 .debug_macro   0x0000000000000000       0x58 Src/syscalls.o
 .debug_macro   0x0000000000000000       0x71 Src/syscalls.o
 .debug_macro   0x0000000000000000       0x1c Src/syscalls.o
 .debug_macro   0x0000000000000000      0x12a Src/syscalls.o
 .debug_macro   0x0000000000000000       0x10 Src/syscalls.o
 .debug_macro   0x0000000000000000       0x35 Src/syscalls.o
 .debug_macro   0x0000000000000000       0x10 Src/syscalls.o
 .debug_macro   0x0000000000000000       0x10 Src/syscalls.o
 .debug_macro   0x0000000000000000       0x10 Src/syscalls.o
 .debug_macro   0x0000000000000000       0x6a Src/syscalls.o
 .debug_macro   0x0000000000000000       0x1c Src/syscalls.o
 .debug_macro   0x0000000000000000       0x52 Src/syscalls.o
 .debug_macro   0x0000000000000000       0x22 Src/syscalls.o
 .debug_macro   0x0000000000000000       0x10 Src/syscalls.o
 .debug_macro   0x0000000000000000       0x40 Src/syscalls.o
 .debug_macro   0x0000000000000000       0xd5 Src/syscalls.o
 .debug_macro   0x0000000000000000       0x1c Src/syscalls.o
 .debug_macro   0x0000000000000000       0x3d Src/syscalls.o
 .debug_macro   0x0000000000000000       0x35 Src/syscalls.o
 .debug_macro   0x0000000000000000      0x12c Src/syscalls.o
 .debug_macro   0x0000000000000000       0x16 Src/syscalls.o
 .debug_macro   0x0000000000000000       0x16 Src/syscalls.o
 .debug_macro   0x0000000000000000       0x29 Src/syscalls.o
 .debug_macro   0x0000000000000000       0x10 Src/syscalls.o
 .debug_macro   0x0000000000000000      0x241 Src/syscalls.o
 .debug_macro   0x0000000000000000       0x1c Src/syscalls.o
 .debug_macro   0x0000000000000000       0x10 Src/syscalls.o
 .debug_macro   0x0000000000000000       0x10 Src/syscalls.o
 .debug_macro   0x0000000000000000       0x16 Src/syscalls.o
 .debug_macro   0x0000000000000000      0x145 Src/syscalls.o
 .debug_macro   0x0000000000000000      0x189 Src/syscalls.o
 .debug_macro   0x0000000000000000       0x16 Src/syscalls.o
 .debug_macro   0x0000000000000000       0xce Src/syscalls.o
 .debug_line    0x0000000000000000      0x7fd Src/syscalls.o
 .debug_str     0x0000000000000000     0x8e0b Src/syscalls.o
 .comment       0x0000000000000000       0x54 Src/syscalls.o
 .debug_frame   0x0000000000000000      0x244 Src/syscalls.o
 .ARM.attributes
                0x0000000000000000       0x2c Src/syscalls.o
 .group         0x0000000000000000        0xc Src/sysmem.o
 .group         0x0000000000000000        0xc Src/sysmem.o
 .group         0x0000000000000000        0xc Src/sysmem.o
 .group         0x0000000000000000        0xc Src/sysmem.o
 .group         0x0000000000000000        0xc Src/sysmem.o
 .group         0x0000000000000000        0xc Src/sysmem.o
 .group         0x0000000000000000        0xc Src/sysmem.o
 .group         0x0000000000000000        0xc Src/sysmem.o
 .group         0x0000000000000000        0xc Src/sysmem.o
 .group         0x0000000000000000        0xc Src/sysmem.o
 .group         0x0000000000000000        0xc Src/sysmem.o
 .group         0x0000000000000000        0xc Src/sysmem.o
 .group         0x0000000000000000        0xc Src/sysmem.o
 .group         0x0000000000000000        0xc Src/sysmem.o
 .group         0x0000000000000000        0xc Src/sysmem.o
 .group         0x0000000000000000        0xc Src/sysmem.o
 .group         0x0000000000000000        0xc Src/sysmem.o
 .group         0x0000000000000000        0xc Src/sysmem.o
 .group         0x0000000000000000        0xc Src/sysmem.o
 .group         0x0000000000000000        0xc Src/sysmem.o
 .group         0x0000000000000000        0xc Src/sysmem.o
 .group         0x0000000000000000        0xc Src/sysmem.o
 .text          0x0000000000000000        0x0 Src/sysmem.o
 .data          0x0000000000000000        0x0 Src/sysmem.o
 .bss           0x0000000000000000        0x0 Src/sysmem.o
 .bss.__sbrk_heap_end
                0x0000000000000000        0x4 Src/sysmem.o
 .text._sbrk    0x0000000000000000       0x6c Src/sysmem.o
 .debug_info    0x0000000000000000      0xa25 Src/sysmem.o
 .debug_abbrev  0x0000000000000000      0x1bf Src/sysmem.o
 .debug_aranges
                0x0000000000000000       0x20 Src/sysmem.o
 .debug_ranges  0x0000000000000000       0x10 Src/sysmem.o
 .debug_macro   0x0000000000000000       0xff Src/sysmem.o
 .debug_macro   0x0000000000000000      0xa84 Src/sysmem.o
 .debug_macro   0x0000000000000000       0x10 Src/sysmem.o
 .debug_macro   0x0000000000000000       0x22 Src/sysmem.o
 .debug_macro   0x0000000000000000       0x4c Src/sysmem.o
 .debug_macro   0x0000000000000000       0x18 Src/sysmem.o
 .debug_macro   0x0000000000000000       0x94 Src/sysmem.o
 .debug_macro   0x0000000000000000       0x3c Src/sysmem.o
 .debug_macro   0x0000000000000000       0x34 Src/sysmem.o
 .debug_macro   0x0000000000000000      0x174 Src/sysmem.o
 .debug_macro   0x0000000000000000       0x16 Src/sysmem.o
 .debug_macro   0x0000000000000000       0x43 Src/sysmem.o
 .debug_macro   0x0000000000000000       0x57 Src/sysmem.o
 .debug_macro   0x0000000000000000       0x34 Src/sysmem.o
 .debug_macro   0x0000000000000000       0x10 Src/sysmem.o
 .debug_macro   0x0000000000000000       0x58 Src/sysmem.o
 .debug_macro   0x0000000000000000       0x71 Src/sysmem.o
 .debug_macro   0x0000000000000000       0x1c Src/sysmem.o
 .debug_macro   0x0000000000000000      0x12a Src/sysmem.o
 .debug_macro   0x0000000000000000      0x23b Src/sysmem.o
 .debug_macro   0x0000000000000000      0x103 Src/sysmem.o
 .debug_macro   0x0000000000000000       0x6a Src/sysmem.o
 .debug_macro   0x0000000000000000      0x1df Src/sysmem.o
 .debug_line    0x0000000000000000      0x4f3 Src/sysmem.o
 .debug_str     0x0000000000000000     0x61de Src/sysmem.o
 .comment       0x0000000000000000       0x54 Src/sysmem.o
 .debug_frame   0x0000000000000000       0x30 Src/sysmem.o
 .ARM.attributes
                0x0000000000000000       0x2c Src/sysmem.o
 .text          0x0000000000000000       0x14 Startup/startup_stm32f042k6tx.o
 .data          0x0000000000000000        0x0 Startup/startup_stm32f042k6tx.o
 .bss           0x0000000000000000        0x0 Startup/startup_stm32f042k6tx.o
 .text          0x0000000000000000        0x0 c:/st/stm32cubeide_1.6.0/stm32cubeide/plugins/com.st.stm32cube.ide.mcu.externaltools.gnu-tools-for-stm32.9-2020-q2-update.win32_1.5.0.202011040924/tools/bin/../lib/gcc/arm-none-eabi/9.3.1/../../../../arm-none-eabi/lib/thumb/v6-m/nofp\libc_nano.a(lib_a-errno.o)
 .data          0x0000000000000000        0x0 c:/st/stm32cubeide_1.6.0/stm32cubeide/plugins/com.st.stm32cube.ide.mcu.externaltools.gnu-tools-for-stm32.9-2020-q2-update.win32_1.5.0.202011040924/tools/bin/../lib/gcc/arm-none-eabi/9.3.1/../../../../arm-none-eabi/lib/thumb/v6-m/nofp\libc_nano.a(lib_a-errno.o)
 .bss           0x0000000000000000        0x0 c:/st/stm32cubeide_1.6.0/stm32cubeide/plugins/com.st.stm32cube.ide.mcu.externaltools.gnu-tools-for-stm32.9-2020-q2-update.win32_1.5.0.202011040924/tools/bin/../lib/gcc/arm-none-eabi/9.3.1/../../../../arm-none-eabi/lib/thumb/v6-m/nofp\libc_nano.a(lib_a-errno.o)
 .text.__errno  0x0000000000000000        0xc c:/st/stm32cubeide_1.6.0/stm32cubeide/plugins/com.st.stm32cube.ide.mcu.externaltools.gnu-tools-for-stm32.9-2020-q2-update.win32_1.5.0.202011040924/tools/bin/../lib/gcc/arm-none-eabi/9.3.1/../../../../arm-none-eabi/lib/thumb/v6-m/nofp\libc_nano.a(lib_a-errno.o)
 .debug_frame   0x0000000000000000       0x20 c:/st/stm32cubeide_1.6.0/stm32cubeide/plugins/com.st.stm32cube.ide.mcu.externaltools.gnu-tools-for-stm32.9-2020-q2-update.win32_1.5.0.202011040924/tools/bin/../lib/gcc/arm-none-eabi/9.3.1/../../../../arm-none-eabi/lib/thumb/v6-m/nofp\libc_nano.a(lib_a-errno.o)
 .ARM.attributes
                0x0000000000000000       0x2c c:/st/stm32cubeide_1.6.0/stm32cubeide/plugins/com.st.stm32cube.ide.mcu.externaltools.gnu-tools-for-stm32.9-2020-q2-update.win32_1.5.0.202011040924/tools/bin/../lib/gcc/arm-none-eabi/9.3.1/../../../../arm-none-eabi/lib/thumb/v6-m/nofp\libc_nano.a(lib_a-errno.o)
 .text          0x0000000000000000        0x0 c:/st/stm32cubeide_1.6.0/stm32cubeide/plugins/com.st.stm32cube.ide.mcu.externaltools.gnu-tools-for-stm32.9-2020-q2-update.win32_1.5.0.202011040924/tools/bin/../lib/gcc/arm-none-eabi/9.3.1/../../../../arm-none-eabi/lib/thumb/v6-m/nofp\libc_nano.a(lib_a-exit.o)
 .data          0x0000000000000000        0x0 c:/st/stm32cubeide_1.6.0/stm32cubeide/plugins/com.st.stm32cube.ide.mcu.externaltools.gnu-tools-for-stm32.9-2020-q2-update.win32_1.5.0.202011040924/tools/bin/../lib/gcc/arm-none-eabi/9.3.1/../../../../arm-none-eabi/lib/thumb/v6-m/nofp\libc_nano.a(lib_a-exit.o)
 .bss           0x0000000000000000        0x0 c:/st/stm32cubeide_1.6.0/stm32cubeide/plugins/com.st.stm32cube.ide.mcu.externaltools.gnu-tools-for-stm32.9-2020-q2-update.win32_1.5.0.202011040924/tools/bin/../lib/gcc/arm-none-eabi/9.3.1/../../../../arm-none-eabi/lib/thumb/v6-m/nofp\libc_nano.a(lib_a-exit.o)
 .text.exit     0x0000000000000000       0x2c c:/st/stm32cubeide_1.6.0/stm32cubeide/plugins/com.st.stm32cube.ide.mcu.externaltools.gnu-tools-for-stm32.9-2020-q2-update.win32_1.5.0.202011040924/tools/bin/../lib/gcc/arm-none-eabi/9.3.1/../../../../arm-none-eabi/lib/thumb/v6-m/nofp\libc_nano.a(lib_a-exit.o)
 .debug_frame   0x0000000000000000       0x28 c:/st/stm32cubeide_1.6.0/stm32cubeide/plugins/com.st.stm32cube.ide.mcu.externaltools.gnu-tools-for-stm32.9-2020-q2-update.win32_1.5.0.202011040924/tools/bin/../lib/gcc/arm-none-eabi/9.3.1/../../../../arm-none-eabi/lib/thumb/v6-m/nofp\libc_nano.a(lib_a-exit.o)
 .ARM.attributes
                0x0000000000000000       0x2c c:/st/stm32cubeide_1.6.0/stm32cubeide/plugins/com.st.stm32cube.ide.mcu.externaltools.gnu-tools-for-stm32.9-2020-q2-update.win32_1.5.0.202011040924/tools/bin/../lib/gcc/arm-none-eabi/9.3.1/../../../../arm-none-eabi/lib/thumb/v6-m/nofp\libc_nano.a(lib_a-exit.o)
 .text          0x0000000000000000        0x0 c:/st/stm32cubeide_1.6.0/stm32cubeide/plugins/com.st.stm32cube.ide.mcu.externaltools.gnu-tools-for-stm32.9-2020-q2-update.win32_1.5.0.202011040924/tools/bin/../lib/gcc/arm-none-eabi/9.3.1/../../../../arm-none-eabi/lib/thumb/v6-m/nofp\libc_nano.a(lib_a-impure.o)
 .data          0x0000000000000000        0x0 c:/st/stm32cubeide_1.6.0/stm32cubeide/plugins/com.st.stm32cube.ide.mcu.externaltools.gnu-tools-for-stm32.9-2020-q2-update.win32_1.5.0.202011040924/tools/bin/../lib/gcc/arm-none-eabi/9.3.1/../../../../arm-none-eabi/lib/thumb/v6-m/nofp\libc_nano.a(lib_a-impure.o)
 .bss           0x0000000000000000        0x0 c:/st/stm32cubeide_1.6.0/stm32cubeide/plugins/com.st.stm32cube.ide.mcu.externaltools.gnu-tools-for-stm32.9-2020-q2-update.win32_1.5.0.202011040924/tools/bin/../lib/gcc/arm-none-eabi/9.3.1/../../../../arm-none-eabi/lib/thumb/v6-m/nofp\libc_nano.a(lib_a-impure.o)
 .data._impure_ptr
                0x0000000000000000        0x4 c:/st/stm32cubeide_1.6.0/stm32cubeide/plugins/com.st.stm32cube.ide.mcu.externaltools.gnu-tools-for-stm32.9-2020-q2-update.win32_1.5.0.202011040924/tools/bin/../lib/gcc/arm-none-eabi/9.3.1/../../../../arm-none-eabi/lib/thumb/v6-m/nofp\libc_nano.a(lib_a-impure.o)
 .data.impure_data
                0x0000000000000000       0x60 c:/st/stm32cubeide_1.6.0/stm32cubeide/plugins/com.st.stm32cube.ide.mcu.externaltools.gnu-tools-for-stm32.9-2020-q2-update.win32_1.5.0.202011040924/tools/bin/../lib/gcc/arm-none-eabi/9.3.1/../../../../arm-none-eabi/lib/thumb/v6-m/nofp\libc_nano.a(lib_a-impure.o)
 .rodata._global_impure_ptr
                0x0000000000000000        0x4 c:/st/stm32cubeide_1.6.0/stm32cubeide/plugins/com.st.stm32cube.ide.mcu.externaltools.gnu-tools-for-stm32.9-2020-q2-update.win32_1.5.0.202011040924/tools/bin/../lib/gcc/arm-none-eabi/9.3.1/../../../../arm-none-eabi/lib/thumb/v6-m/nofp\libc_nano.a(lib_a-impure.o)
 .ARM.attributes
                0x0000000000000000       0x2c c:/st/stm32cubeide_1.6.0/stm32cubeide/plugins/com.st.stm32cube.ide.mcu.externaltools.gnu-tools-for-stm32.9-2020-q2-update.win32_1.5.0.202011040924/tools/bin/../lib/gcc/arm-none-eabi/9.3.1/../../../../arm-none-eabi/lib/thumb/v6-m/nofp\libc_nano.a(lib_a-impure.o)
 .text          0x0000000000000000        0x0 c:/st/stm32cubeide_1.6.0/stm32cubeide/plugins/com.st.stm32cube.ide.mcu.externaltools.gnu-tools-for-stm32.9-2020-q2-update.win32_1.5.0.202011040924/tools/bin/../lib/gcc/arm-none-eabi/9.3.1/../../../../arm-none-eabi/lib/thumb/v6-m/nofp\libc_nano.a(lib_a-init.o)
 .data          0x0000000000000000        0x0 c:/st/stm32cubeide_1.6.0/stm32cubeide/plugins/com.st.stm32cube.ide.mcu.externaltools.gnu-tools-for-stm32.9-2020-q2-update.win32_1.5.0.202011040924/tools/bin/../lib/gcc/arm-none-eabi/9.3.1/../../../../arm-none-eabi/lib/thumb/v6-m/nofp\libc_nano.a(lib_a-init.o)
 .bss           0x0000000000000000        0x0 c:/st/stm32cubeide_1.6.0/stm32cubeide/plugins/com.st.stm32cube.ide.mcu.externaltools.gnu-tools-for-stm32.9-2020-q2-update.win32_1.5.0.202011040924/tools/bin/../lib/gcc/arm-none-eabi/9.3.1/../../../../arm-none-eabi/lib/thumb/v6-m/nofp\libc_nano.a(lib_a-init.o)
 .text          0x0000000000000000        0x0 c:/st/stm32cubeide_1.6.0/stm32cubeide/plugins/com.st.stm32cube.ide.mcu.externaltools.gnu-tools-for-stm32.9-2020-q2-update.win32_1.5.0.202011040924/tools/bin/../lib/gcc/arm-none-eabi/9.3.1/../../../../arm-none-eabi/lib/thumb/v6-m/nofp\libc_nano.a(lib_a-memset.o)
 .data          0x0000000000000000        0x0 c:/st/stm32cubeide_1.6.0/stm32cubeide/plugins/com.st.stm32cube.ide.mcu.externaltools.gnu-tools-for-stm32.9-2020-q2-update.win32_1.5.0.202011040924/tools/bin/../lib/gcc/arm-none-eabi/9.3.1/../../../../arm-none-eabi/lib/thumb/v6-m/nofp\libc_nano.a(lib_a-memset.o)
 .bss           0x0000000000000000        0x0 c:/st/stm32cubeide_1.6.0/stm32cubeide/plugins/com.st.stm32cube.ide.mcu.externaltools.gnu-tools-for-stm32.9-2020-q2-update.win32_1.5.0.202011040924/tools/bin/../lib/gcc/arm-none-eabi/9.3.1/../../../../arm-none-eabi/lib/thumb/v6-m/nofp\libc_nano.a(lib_a-memset.o)
 .text.memset   0x0000000000000000       0x10 c:/st/stm32cubeide_1.6.0/stm32cubeide/plugins/com.st.stm32cube.ide.mcu.externaltools.gnu-tools-for-stm32.9-2020-q2-update.win32_1.5.0.202011040924/tools/bin/../lib/gcc/arm-none-eabi/9.3.1/../../../../arm-none-eabi/lib/thumb/v6-m/nofp\libc_nano.a(lib_a-memset.o)
 .debug_frame   0x0000000000000000       0x20 c:/st/stm32cubeide_1.6.0/stm32cubeide/plugins/com.st.stm32cube.ide.mcu.externaltools.gnu-tools-for-stm32.9-2020-q2-update.win32_1.5.0.202011040924/tools/bin/../lib/gcc/arm-none-eabi/9.3.1/../../../../arm-none-eabi/lib/thumb/v6-m/nofp\libc_nano.a(lib_a-memset.o)
 .ARM.attributes
                0x0000000000000000       0x2c c:/st/stm32cubeide_1.6.0/stm32cubeide/plugins/com.st.stm32cube.ide.mcu.externaltools.gnu-tools-for-stm32.9-2020-q2-update.win32_1.5.0.202011040924/tools/bin/../lib/gcc/arm-none-eabi/9.3.1/../../../../arm-none-eabi/lib/thumb/v6-m/nofp\libc_nano.a(lib_a-memset.o)
 .data          0x0000000000000000        0x0 c:/st/stm32cubeide_1.6.0/stm32cubeide/plugins/com.st.stm32cube.ide.mcu.externaltools.gnu-tools-for-stm32.9-2020-q2-update.win32_1.5.0.202011040924/tools/bin/../lib/gcc/arm-none-eabi/9.3.1/thumb/v6-m/nofp\libgcc.a(_udivsi3.o)
 .bss           0x0000000000000000        0x0 c:/st/stm32cubeide_1.6.0/stm32cubeide/plugins/com.st.stm32cube.ide.mcu.externaltools.gnu-tools-for-stm32.9-2020-q2-update.win32_1.5.0.202011040924/tools/bin/../lib/gcc/arm-none-eabi/9.3.1/thumb/v6-m/nofp\libgcc.a(_udivsi3.o)
 .data          0x0000000000000000        0x0 c:/st/stm32cubeide_1.6.0/stm32cubeide/plugins/com.st.stm32cube.ide.mcu.externaltools.gnu-tools-for-stm32.9-2020-q2-update.win32_1.5.0.202011040924/tools/bin/../lib/gcc/arm-none-eabi/9.3.1/thumb/v6-m/nofp\libgcc.a(_dvmd_tls.o)
 .bss           0x0000000000000000        0x0 c:/st/stm32cubeide_1.6.0/stm32cubeide/plugins/com.st.stm32cube.ide.mcu.externaltools.gnu-tools-for-stm32.9-2020-q2-update.win32_1.5.0.202011040924/tools/bin/../lib/gcc/arm-none-eabi/9.3.1/thumb/v6-m/nofp\libgcc.a(_dvmd_tls.o)
 .text          0x0000000000000000        0x0 c:/st/stm32cubeide_1.6.0/stm32cubeide/plugins/com.st.stm32cube.ide.mcu.externaltools.gnu-tools-for-stm32.9-2020-q2-update.win32_1.5.0.202011040924/tools/bin/../lib/gcc/arm-none-eabi/9.3.1/thumb/v6-m/nofp/crtend.o
 .data          0x0000000000000000        0x0 c:/st/stm32cubeide_1.6.0/stm32cubeide/plugins/com.st.stm32cube.ide.mcu.externaltools.gnu-tools-for-stm32.9-2020-q2-update.win32_1.5.0.202011040924/tools/bin/../lib/gcc/arm-none-eabi/9.3.1/thumb/v6-m/nofp/crtend.o
 .bss           0x0000000000000000        0x0 c:/st/stm32cubeide_1.6.0/stm32cubeide/plugins/com.st.stm32cube.ide.mcu.externaltools.gnu-tools-for-stm32.9-2020-q2-update.win32_1.5.0.202011040924/tools/bin/../lib/gcc/arm-none-eabi/9.3.1/thumb/v6-m/nofp/crtend.o
 .eh_frame      0x0000000000000000        0x4 c:/st/stm32cubeide_1.6.0/stm32cubeide/plugins/com.st.stm32cube.ide.mcu.externaltools.gnu-tools-for-stm32.9-2020-q2-update.win32_1.5.0.202011040924/tools/bin/../lib/gcc/arm-none-eabi/9.3.1/thumb/v6-m/nofp/crtend.o
 .ARM.attributes
                0x0000000000000000       0x2c c:/st/stm32cubeide_1.6.0/stm32cubeide/plugins/com.st.stm32cube.ide.mcu.externaltools.gnu-tools-for-stm32.9-2020-q2-update.win32_1.5.0.202011040924/tools/bin/../lib/gcc/arm-none-eabi/9.3.1/thumb/v6-m/nofp/crtend.o
 .text          0x0000000000000000        0x0 c:/st/stm32cubeide_1.6.0/stm32cubeide/plugins/com.st.stm32cube.ide.mcu.externaltools.gnu-tools-for-stm32.9-2020-q2-update.win32_1.5.0.202011040924/tools/bin/../lib/gcc/arm-none-eabi/9.3.1/thumb/v6-m/nofp/crtn.o
 .data          0x0000000000000000        0x0 c:/st/stm32cubeide_1.6.0/stm32cubeide/plugins/com.st.stm32cube.ide.mcu.externaltools.gnu-tools-for-stm32.9-2020-q2-update.win32_1.5.0.202011040924/tools/bin/../lib/gcc/arm-none-eabi/9.3.1/thumb/v6-m/nofp/crtn.o
 .bss           0x0000000000000000        0x0 c:/st/stm32cubeide_1.6.0/stm32cubeide/plugins/com.st.stm32cube.ide.mcu.externaltools.gnu-tools-for-stm32.9-2020-q2-update.win32_1.5.0.202011040924/tools/bin/../lib/gcc/arm-none-eabi/9.3.1/thumb/v6-m/nofp/crtn.o

Memory Configuration

Name             Origin             Length             Attributes
RAM              0x0000000020000000 0x0000000000001800 xrw
FLASH            0x0000000008000000 0x0000000000008000 xr
*default*        0x0000000000000000 0xffffffffffffffff

Linker script and memory map

LOAD c:/st/stm32cubeide_1.6.0/stm32cubeide/plugins/com.st.stm32cube.ide.mcu.externaltools.gnu-tools-for-stm32.9-2020-q2-update.win32_1.5.0.202011040924/tools/bin/../lib/gcc/arm-none-eabi/9.3.1/thumb/v6-m/nofp/crti.o
LOAD c:/st/stm32cubeide_1.6.0/stm32cubeide/plugins/com.st.stm32cube.ide.mcu.externaltools.gnu-tools-for-stm32.9-2020-q2-update.win32_1.5.0.202011040924/tools/bin/../lib/gcc/arm-none-eabi/9.3.1/thumb/v6-m/nofp/crtbegin.o
LOAD c:/st/stm32cubeide_1.6.0/stm32cubeide/plugins/com.st.stm32cube.ide.mcu.externaltools.gnu-tools-for-stm32.9-2020-q2-update.win32_1.5.0.202011040924/tools/bin/../lib/gcc/arm-none-eabi/9.3.1/../../../../arm-none-eabi/lib/thumb/v6-m/nofp/crt0.o
LOAD Src/ANALOG.o
LOAD Src/BUZZER.o
LOAD Src/CAN.o
LOAD Src/I2CS.o
LOAD Src/LED.o
LOAD Src/LEDD.o
LOAD Src/RELOJ.o
LOAD Src/SERIE.o
LOAD Src/SWITCH.o
LOAD Src/SYSTEM.o
LOAD Src/main.o
LOAD Src/syscalls.o
LOAD Src/sysmem.o
LOAD Startup/startup_stm32f042k6tx.o
START GROUP
LOAD c:/st/stm32cubeide_1.6.0/stm32cubeide/plugins/com.st.stm32cube.ide.mcu.externaltools.gnu-tools-for-stm32.9-2020-q2-update.win32_1.5.0.202011040924/tools/bin/../lib/gcc/arm-none-eabi/9.3.1/../../../../arm-none-eabi/lib/thumb/v6-m/nofp\libc_nano.a
LOAD c:/st/stm32cubeide_1.6.0/stm32cubeide/plugins/com.st.stm32cube.ide.mcu.externaltools.gnu-tools-for-stm32.9-2020-q2-update.win32_1.5.0.202011040924/tools/bin/../lib/gcc/arm-none-eabi/9.3.1/../../../../arm-none-eabi/lib/thumb/v6-m/nofp\libm.a
END GROUP
START GROUP
LOAD c:/st/stm32cubeide_1.6.0/stm32cubeide/plugins/com.st.stm32cube.ide.mcu.externaltools.gnu-tools-for-stm32.9-2020-q2-update.win32_1.5.0.202011040924/tools/bin/../lib/gcc/arm-none-eabi/9.3.1/thumb/v6-m/nofp\libgcc.a
LOAD c:/st/stm32cubeide_1.6.0/stm32cubeide/plugins/com.st.stm32cube.ide.mcu.externaltools.gnu-tools-for-stm32.9-2020-q2-update.win32_1.5.0.202011040924/tools/bin/../lib/gcc/arm-none-eabi/9.3.1/../../../../arm-none-eabi/lib/thumb/v6-m/nofp\libc_nano.a
END GROUP
START GROUP
LOAD c:/st/stm32cubeide_1.6.0/stm32cubeide/plugins/com.st.stm32cube.ide.mcu.externaltools.gnu-tools-for-stm32.9-2020-q2-update.win32_1.5.0.202011040924/tools/bin/../lib/gcc/arm-none-eabi/9.3.1/thumb/v6-m/nofp\libgcc.a
LOAD c:/st/stm32cubeide_1.6.0/stm32cubeide/plugins/com.st.stm32cube.ide.mcu.externaltools.gnu-tools-for-stm32.9-2020-q2-update.win32_1.5.0.202011040924/tools/bin/../lib/gcc/arm-none-eabi/9.3.1/../../../../arm-none-eabi/lib/thumb/v6-m/nofp\libc_nano.a
LOAD c:/st/stm32cubeide_1.6.0/stm32cubeide/plugins/com.st.stm32cube.ide.mcu.externaltools.gnu-tools-for-stm32.9-2020-q2-update.win32_1.5.0.202011040924/tools/bin/../lib/gcc/arm-none-eabi/9.3.1/../../../../arm-none-eabi/lib/thumb/v6-m/nofp\libnosys.a
END GROUP
START GROUP
LOAD c:/st/stm32cubeide_1.6.0/stm32cubeide/plugins/com.st.stm32cube.ide.mcu.externaltools.gnu-tools-for-stm32.9-2020-q2-update.win32_1.5.0.202011040924/tools/bin/../lib/gcc/arm-none-eabi/9.3.1/thumb/v6-m/nofp\libgcc.a
LOAD c:/st/stm32cubeide_1.6.0/stm32cubeide/plugins/com.st.stm32cube.ide.mcu.externaltools.gnu-tools-for-stm32.9-2020-q2-update.win32_1.5.0.202011040924/tools/bin/../lib/gcc/arm-none-eabi/9.3.1/../../../../arm-none-eabi/lib/thumb/v6-m/nofp\libc_nano.a
LOAD c:/st/stm32cubeide_1.6.0/stm32cubeide/plugins/com.st.stm32cube.ide.mcu.externaltools.gnu-tools-for-stm32.9-2020-q2-update.win32_1.5.0.202011040924/tools/bin/../lib/gcc/arm-none-eabi/9.3.1/../../../../arm-none-eabi/lib/thumb/v6-m/nofp\libnosys.a
END GROUP
LOAD c:/st/stm32cubeide_1.6.0/stm32cubeide/plugins/com.st.stm32cube.ide.mcu.externaltools.gnu-tools-for-stm32.9-2020-q2-update.win32_1.5.0.202011040924/tools/bin/../lib/gcc/arm-none-eabi/9.3.1/thumb/v6-m/nofp/crtend.o
LOAD c:/st/stm32cubeide_1.6.0/stm32cubeide/plugins/com.st.stm32cube.ide.mcu.externaltools.gnu-tools-for-stm32.9-2020-q2-update.win32_1.5.0.202011040924/tools/bin/../lib/gcc/arm-none-eabi/9.3.1/thumb/v6-m/nofp/crtn.o
                0x0000000020001800                _estack = (ORIGIN (RAM) + LENGTH (RAM))
                0x0000000000000200                _Min_Heap_Size = 0x200
                0x0000000000000400                _Min_Stack_Size = 0x400

.isr_vector     0x0000000008000000       0xc0
                0x0000000008000000                . = ALIGN (0x4)
 *(.isr_vector)
 .isr_vector    0x0000000008000000       0xc0 Startup/startup_stm32f042k6tx.o
                0x0000000008000000                g_pfnVectors
                0x00000000080000c0                . = ALIGN (0x4)

.text           0x00000000080000c0      0xa48
                0x00000000080000c0                . = ALIGN (0x4)
 *(.text)
 .text          0x00000000080000c0       0x48 c:/st/stm32cubeide_1.6.0/stm32cubeide/plugins/com.st.stm32cube.ide.mcu.externaltools.gnu-tools-for-stm32.9-2020-q2-update.win32_1.5.0.202011040924/tools/bin/../lib/gcc/arm-none-eabi/9.3.1/thumb/v6-m/nofp/crtbegin.o
 .text          0x0000000008000108      0x114 c:/st/stm32cubeide_1.6.0/stm32cubeide/plugins/com.st.stm32cube.ide.mcu.externaltools.gnu-tools-for-stm32.9-2020-q2-update.win32_1.5.0.202011040924/tools/bin/../lib/gcc/arm-none-eabi/9.3.1/thumb/v6-m/nofp\libgcc.a(_udivsi3.o)
                0x0000000008000108                __aeabi_uidiv
                0x0000000008000108                __udivsi3
                0x0000000008000214                __aeabi_uidivmod
 .text          0x000000000800021c        0x4 c:/st/stm32cubeide_1.6.0/stm32cubeide/plugins/com.st.stm32cube.ide.mcu.externaltools.gnu-tools-for-stm32.9-2020-q2-update.win32_1.5.0.202011040924/tools/bin/../lib/gcc/arm-none-eabi/9.3.1/thumb/v6-m/nofp\libgcc.a(_dvmd_tls.o)
                0x000000000800021c                __aeabi_idiv0
                0x000000000800021c                __aeabi_ldiv0
 *(.text*)
 .text.ANALOG_Ini
                0x0000000008000220       0x12 Src/ANALOG.o
                0x0000000008000220                ANALOG_Ini
 .text.ANALOG_Per
                0x0000000008000232        0xa Src/ANALOG.o
                0x0000000008000232                ANALOG_Per
 .text.BUZZER_Ini
                0x000000000800023c       0x12 Src/BUZZER.o
                0x000000000800023c                BUZZER_Ini
 .text.BUZZER_Per
                0x000000000800024e        0xa Src/BUZZER.o
                0x000000000800024e                BUZZER_Per
 .text.CAN_Ini  0x0000000008000258       0x12 Src/CAN.o
                0x0000000008000258                CAN_Ini
 .text.CAN_Per  0x000000000800026a        0xa Src/CAN.o
                0x000000000800026a                CAN_Per
 .text.CEC_CAN_IRQHandler
                0x0000000008000274        0xa Src/CAN.o
                0x0000000008000274                CEC_CAN_IRQHandler
 .text.I2CS_Ini
                0x000000000800027e       0x12 Src/I2CS.o
                0x000000000800027e                I2CS_Ini
 .text.I2CS_Per
                0x0000000008000290        0xa Src/I2CS.o
                0x0000000008000290                I2CS_Per
 .text.I2C1_IRQHandler
                0x000000000800029a        0xa Src/I2CS.o
                0x000000000800029a                I2C1_IRQHandler
 .text.LED_Ini  0x00000000080002a4       0x4c Src/LED.o
                0x00000000080002a4                LED_Ini
 .text.LED_Per  0x00000000080002f0       0x64 Src/LED.o
                0x00000000080002f0                LED_Per
 .text.LEDD_Ini
                0x0000000008000354       0x12 Src/LEDD.o
                0x0000000008000354                LEDD_Ini
 .text.LEDD_Per
                0x0000000008000366        0xa Src/LEDD.o
                0x0000000008000366                LEDD_Per
 .text.RELOJ_Ini
                0x0000000008000370       0x12 Src/RELOJ.o
                0x0000000008000370                RELOJ_Ini
 *fill*         0x0000000008000382        0x2 
 .text.RELOJ_GetFreq
                0x0000000008000384       0x10 Src/RELOJ.o
                0x0000000008000384                RELOJ_GetFreq
 .text.Buffer_Ini
                0x0000000008000394       0x34 Src/SERIE.o
 .text.Buffer_Tx_Set
                0x00000000080003c8       0x54 Src/SERIE.o
 .text.Buffer_Tx_Get
                0x000000000800041c       0x48 Src/SERIE.o
 .text.Buffer_Rx_Set
                0x0000000008000464       0x54 Src/SERIE.o
 .text.SERIE_Ini
                0x00000000080004b8      0x17c Src/SERIE.o
                0x00000000080004b8                SERIE_Ini
 .text.SERIE_Per
                0x0000000008000634        0xa Src/SERIE.o
                0x0000000008000634                SERIE_Per
 *fill*         0x000000000800063e        0x2 
 .text.USART2_IRQHandler
                0x0000000008000640       0x8c Src/SERIE.o
                0x0000000008000640                USART2_IRQHandler
 .text.SERIE_TxChar
                0x00000000080006cc       0x38 Src/SERIE.o
                0x00000000080006cc                SERIE_TxChar
 .text.SWITCH_Ini
                0x0000000008000704       0x68 Src/SWITCH.o
                0x0000000008000704                SWITCH_Ini
 .text.SWITCH_Per
                0x000000000800076c      0x14c Src/SWITCH.o
                0x000000000800076c                SWITCH_Per
 .text.SWITCH_GetSW1
                0x00000000080008b8       0x2c Src/SWITCH.o
                0x00000000080008b8                SWITCH_GetSW1
 .text.SYSTEM_Ini
                0x00000000080008e4       0xb0 Src/SYSTEM.o
                0x00000000080008e4                SYSTEM_Ini
 .text.SysTick_Handler
                0x0000000008000994       0x64 Src/SYSTEM.o
                0x0000000008000994                SysTick_Handler
 .text.Test_SWSER
                0x00000000080009f8       0x4a Src/main.o
 .text.main     0x0000000008000a42       0x10 Src/main.o
                0x0000000008000a42                main
 *fill*         0x0000000008000a52        0x2 
 .text.Reset_Handler
                0x0000000008000a54       0x50 Startup/startup_stm32f042k6tx.o
                0x0000000008000a54                Reset_Handler
 .text.Default_Handler
                0x0000000008000aa4        0x2 Startup/startup_stm32f042k6tx.o
                0x0000000008000aa4                TIM1_CC_IRQHandler
                0x0000000008000aa4                TSC_IRQHandler
                0x0000000008000aa4                HardFault_Handler
                0x0000000008000aa4                PVD_IRQHandler
                0x0000000008000aa4                PendSV_Handler
                0x0000000008000aa4                NMI_Handler
                0x0000000008000aa4                RCC_CRS_IRQHandler
                0x0000000008000aa4                SPI1_IRQHandler
                0x0000000008000aa4                TIM6_DAC_IRQHandler
                0x0000000008000aa4                USART3_4_IRQHandler
                0x0000000008000aa4                EXTI2_3_IRQHandler
                0x0000000008000aa4                I2C2_IRQHandler
                0x0000000008000aa4                TIM17_IRQHandler
                0x0000000008000aa4                RTC_IRQHandler
                0x0000000008000aa4                TIM16_IRQHandler
                0x0000000008000aa4                TIM3_IRQHandler
                0x0000000008000aa4                EXTI4_15_IRQHandler
                0x0000000008000aa4                Default_Handler
                0x0000000008000aa4                TIM14_IRQHandler
                0x0000000008000aa4                TIM7_IRQHandler
                0x0000000008000aa4                TIM15_IRQHandler
                0x0000000008000aa4                EXTI0_1_IRQHandler
                0x0000000008000aa4                USB_IRQHandler
                0x0000000008000aa4                SPI2_IRQHandler
                0x0000000008000aa4                DMA1_CH1_IRQHandler
                0x0000000008000aa4                SVC_Handler
                0x0000000008000aa4                WWDG_IRQHandler
                0x0000000008000aa4                TIM2_IRQHandler
                0x0000000008000aa4                ADC_COMP_IRQHandler
                0x0000000008000aa4                FLASH_IRQHandler
                0x0000000008000aa4                USART1_IRQHandler
                0x0000000008000aa4                TIM1_BRK_UP_TRG_COM_IRQHandler
 *fill*         0x0000000008000aa6        0x2 
 .text.__libc_init_array
                0x0000000008000aa8       0x48 c:/st/stm32cubeide_1.6.0/stm32cubeide/plugins/com.st.stm32cube.ide.mcu.externaltools.gnu-tools-for-stm32.9-2020-q2-update.win32_1.5.0.202011040924/tools/bin/../lib/gcc/arm-none-eabi/9.3.1/../../../../arm-none-eabi/lib/thumb/v6-m/nofp\libc_nano.a(lib_a-init.o)
                0x0000000008000aa8                __libc_init_array
 *(.glue_7)
 .glue_7        0x0000000008000af0        0x0 linker stubs
 *(.glue_7t)
 .glue_7t       0x0000000008000af0        0x0 linker stubs
 *(.eh_frame)
 .eh_frame      0x0000000008000af0        0x0 c:/st/stm32cubeide_1.6.0/stm32cubeide/plugins/com.st.stm32cube.ide.mcu.externaltools.gnu-tools-for-stm32.9-2020-q2-update.win32_1.5.0.202011040924/tools/bin/../lib/gcc/arm-none-eabi/9.3.1/thumb/v6-m/nofp/crtbegin.o
 *(.init)
 .init          0x0000000008000af0        0x4 c:/st/stm32cubeide_1.6.0/stm32cubeide/plugins/com.st.stm32cube.ide.mcu.externaltools.gnu-tools-for-stm32.9-2020-q2-update.win32_1.5.0.202011040924/tools/bin/../lib/gcc/arm-none-eabi/9.3.1/thumb/v6-m/nofp/crti.o
                0x0000000008000af0                _init
 .init          0x0000000008000af4        0x8 c:/st/stm32cubeide_1.6.0/stm32cubeide/plugins/com.st.stm32cube.ide.mcu.externaltools.gnu-tools-for-stm32.9-2020-q2-update.win32_1.5.0.202011040924/tools/bin/../lib/gcc/arm-none-eabi/9.3.1/thumb/v6-m/nofp/crtn.o
 *(.fini)
 .fini          0x0000000008000afc        0x4 c:/st/stm32cubeide_1.6.0/stm32cubeide/plugins/com.st.stm32cube.ide.mcu.externaltools.gnu-tools-for-stm32.9-2020-q2-update.win32_1.5.0.202011040924/tools/bin/../lib/gcc/arm-none-eabi/9.3.1/thumb/v6-m/nofp/crti.o
                0x0000000008000afc                _fini
 .fini          0x0000000008000b00        0x8 c:/st/stm32cubeide_1.6.0/stm32cubeide/plugins/com.st.stm32cube.ide.mcu.externaltools.gnu-tools-for-stm32.9-2020-q2-update.win32_1.5.0.202011040924/tools/bin/../lib/gcc/arm-none-eabi/9.3.1/thumb/v6-m/nofp/crtn.o
                0x0000000008000b08                . = ALIGN (0x4)
                0x0000000008000b08                _etext = .

.vfp11_veneer   0x0000000008000b08        0x0
 .vfp11_veneer  0x0000000008000b08        0x0 linker stubs

.v4_bx          0x0000000008000b08        0x0
 .v4_bx         0x0000000008000b08        0x0 linker stubs

.iplt           0x0000000008000b08        0x0
 .iplt          0x0000000008000b08        0x0 c:/st/stm32cubeide_1.6.0/stm32cubeide/plugins/com.st.stm32cube.ide.mcu.externaltools.gnu-tools-for-stm32.9-2020-q2-update.win32_1.5.0.202011040924/tools/bin/../lib/gcc/arm-none-eabi/9.3.1/thumb/v6-m/nofp/crtbegin.o

.rel.dyn        0x0000000008000b08        0x0
 .rel.iplt      0x0000000008000b08        0x0 c:/st/stm32cubeide_1.6.0/stm32cubeide/plugins/com.st.stm32cube.ide.mcu.externaltools.gnu-tools-for-stm32.9-2020-q2-update.win32_1.5.0.202011040924/tools/bin/../lib/gcc/arm-none-eabi/9.3.1/thumb/v6-m/nofp/crtbegin.o

.rodata         0x0000000008000b08        0x0
                0x0000000008000b08                . = ALIGN (0x4)
 *(.rodata)
 *(.rodata*)
                0x0000000008000b08                . = ALIGN (0x4)

.ARM.extab      0x0000000008000b08        0x0
                0x0000000008000b08                . = ALIGN (0x4)
 *(.ARM.extab* .gnu.linkonce.armextab.*)
                0x0000000008000b08                . = ALIGN (0x4)

.ARM            0x0000000008000b08        0x0
                0x0000000008000b08                . = ALIGN (0x4)
                0x0000000008000b08                __exidx_start = .
 *(.ARM.exidx*)
                0x0000000008000b08                __exidx_end = .
                0x0000000008000b08                . = ALIGN (0x4)

.preinit_array  0x0000000008000b08        0x0
                0x0000000008000b08                . = ALIGN (0x4)
                0x0000000008000b08                PROVIDE (__preinit_array_start = .)
 *(.preinit_array*)
                0x0000000008000b08                PROVIDE (__preinit_array_end = .)
                0x0000000008000b08                . = ALIGN (0x4)

.init_array     0x0000000008000b08        0x4
                0x0000000008000b08                . = ALIGN (0x4)
                0x0000000008000b08                PROVIDE (__init_array_start = .)
 *(SORT_BY_NAME(.init_array.*))
 *(.init_array*)
 .init_array    0x0000000008000b08        0x4 c:/st/stm32cubeide_1.6.0/stm32cubeide/plugins/com.st.stm32cube.ide.mcu.externaltools.gnu-tools-for-stm32.9-2020-q2-update.win32_1.5.0.202011040924/tools/bin/../lib/gcc/arm-none-eabi/9.3.1/thumb/v6-m/nofp/crtbegin.o
                0x0000000008000b0c                PROVIDE (__init_array_end = .)
                0x0000000008000b0c                . = ALIGN (0x4)

.fini_array     0x0000000008000b0c        0x4
                0x0000000008000b0c                . = ALIGN (0x4)
                [!provide]                        PROVIDE (__fini_array_start = .)
 *(SORT_BY_NAME(.fini_array.*))
 *(.fini_array*)
 .fini_array    0x0000000008000b0c        0x4 c:/st/stm32cubeide_1.6.0/stm32cubeide/plugins/com.st.stm32cube.ide.mcu.externaltools.gnu-tools-for-stm32.9-2020-q2-update.win32_1.5.0.202011040924/tools/bin/../lib/gcc/arm-none-eabi/9.3.1/thumb/v6-m/nofp/crtbegin.o
                [!provide]                        PROVIDE (__fini_array_end = .)
                0x0000000008000b10                . = ALIGN (0x4)
                0x0000000008000b10                _sidata = LOADADDR (.data)

.data           0x0000000020000000        0x0 load address 0x0000000008000b10
                0x0000000020000000                . = ALIGN (0x4)
                0x0000000020000000                _sdata = .
 *(.data)
 *(.data*)
 *(.RamFunc)
 *(.RamFunc*)
                0x0000000020000000                . = ALIGN (0x4)
                0x0000000020000000                _edata = .

.igot.plt       0x0000000020000000        0x0 load address 0x0000000008000b10
 .igot.plt      0x0000000020000000        0x0 c:/st/stm32cubeide_1.6.0/stm32cubeide/plugins/com.st.stm32cube.ide.mcu.externaltools.gnu-tools-for-stm32.9-2020-q2-update.win32_1.5.0.202011040924/tools/bin/../lib/gcc/arm-none-eabi/9.3.1/thumb/v6-m/nofp/crtbegin.o
                0x0000000020000000                . = ALIGN (0x4)

.bss            0x0000000020000000      0x258 load address 0x0000000008000b10
                0x0000000020000000                _sbss = .
                0x0000000020000000                __bss_start__ = _sbss
 *(.bss)
 .bss           0x0000000020000000       0x1c c:/st/stm32cubeide_1.6.0/stm32cubeide/plugins/com.st.stm32cube.ide.mcu.externaltools.gnu-tools-for-stm32.9-2020-q2-update.win32_1.5.0.202011040924/tools/bin/../lib/gcc/arm-none-eabi/9.3.1/thumb/v6-m/nofp/crtbegin.o
 *(.bss*)
 .bss.phase.4162
                0x000000002000001c        0x4 Src/LED.o
 .bss.errors    0x0000000020000020        0x4 Src/SERIE.o
 .bss.PtrTxHd   0x0000000020000024        0x4 Src/SERIE.o
 .bss.PtrTxTl   0x0000000020000028        0x4 Src/SERIE.o
 .bss.BufferTxc
                0x000000002000002c      0x100 Src/SERIE.o
 .bss.PtrRxHd   0x000000002000012c        0x4 Src/SERIE.o
 .bss.PtrRxTl   0x0000000020000130        0x4 Src/SERIE.o
 .bss.BufferRxc
                0x0000000020000134      0x100 Src/SERIE.o
 .bss.switch1Input
                0x0000000020000234        0x4 Src/SWITCH.o
 .bss.switch2Input
                0x0000000020000238        0x4 Src/SWITCH.o
 .bss.switch1Stat
                0x000000002000023c        0x4 Src/SWITCH.o
 .bss.switch2Stat
                0x0000000020000240        0x4 Src/SWITCH.o
 .bss.switch1Cuenta
                0x0000000020000244        0x4 Src/SWITCH.o
 .bss.tiempoon  0x0000000020000248        0x4 Src/SYSTEM.o
 .bss.tiempo1   0x000000002000024c        0x4 Src/SYSTEM.o
 .bss.tiempo2   0x0000000020000250        0x4 Src/SYSTEM.o
 *(COMMON)
 COMMON         0x0000000020000254        0x4 Src/LED.o
                0x0000000020000254                imagLED
                0x0000000020000258                . = ALIGN (0x4)
                0x0000000020000258                _ebss = .
                0x0000000020000258                __bss_end__ = _ebss

._user_heap_stack
                0x0000000020000258      0x600 load address 0x0000000008000b10
                0x0000000020000258                . = ALIGN (0x8)
                [!provide]                        PROVIDE (end = .)
                0x0000000020000258                PROVIDE (_end = .)
                0x0000000020000458                . = (. + _Min_Heap_Size)
 *fill*         0x0000000020000258      0x200 
                0x0000000020000858                . = (. + _Min_Stack_Size)
 *fill*         0x0000000020000458      0x400 
                0x0000000020000858                . = ALIGN (0x8)

/DISCARD/
 libc.a(*)
 libm.a(*)
 libgcc.a(*)

.ARM.attributes
                0x0000000000000000       0x28
 *(.ARM.attributes)
 .ARM.attributes
                0x0000000000000000       0x1e c:/st/stm32cubeide_1.6.0/stm32cubeide/plugins/com.st.stm32cube.ide.mcu.externaltools.gnu-tools-for-stm32.9-2020-q2-update.win32_1.5.0.202011040924/tools/bin/../lib/gcc/arm-none-eabi/9.3.1/thumb/v6-m/nofp/crti.o
 .ARM.attributes
                0x000000000000001e       0x2c c:/st/stm32cubeide_1.6.0/stm32cubeide/plugins/com.st.stm32cube.ide.mcu.externaltools.gnu-tools-for-stm32.9-2020-q2-update.win32_1.5.0.202011040924/tools/bin/../lib/gcc/arm-none-eabi/9.3.1/thumb/v6-m/nofp/crtbegin.o
 .ARM.attributes
                0x000000000000004a       0x2c Src/ANALOG.o
 .ARM.attributes
                0x0000000000000076       0x2c Src/BUZZER.o
 .ARM.attributes
                0x00000000000000a2       0x2c Src/CAN.o
 .ARM.attributes
                0x00000000000000ce       0x2c Src/I2CS.o
 .ARM.attributes
                0x00000000000000fa       0x2c Src/LED.o
 .ARM.attributes
                0x0000000000000126       0x2c Src/LEDD.o
 .ARM.attributes
                0x0000000000000152       0x2c Src/RELOJ.o
 .ARM.attributes
                0x000000000000017e       0x2c Src/SERIE.o
 .ARM.attributes
                0x00000000000001aa       0x2c Src/SWITCH.o
 .ARM.attributes
                0x00000000000001d6       0x2c Src/SYSTEM.o
 .ARM.attributes
                0x0000000000000202       0x2c Src/main.o
 .ARM.attributes
                0x000000000000022e       0x21 Startup/startup_stm32f042k6tx.o
 .ARM.attributes
                0x000000000000024f       0x2c c:/st/stm32cubeide_1.6.0/stm32cubeide/plugins/com.st.stm32cube.ide.mcu.externaltools.gnu-tools-for-stm32.9-2020-q2-update.win32_1.5.0.202011040924/tools/bin/../lib/gcc/arm-none-eabi/9.3.1/../../../../arm-none-eabi/lib/thumb/v6-m/nofp\libc_nano.a(lib_a-init.o)
 .ARM.attributes
                0x000000000000027b       0x1e c:/st/stm32cubeide_1.6.0/stm32cubeide/plugins/com.st.stm32cube.ide.mcu.externaltools.gnu-tools-for-stm32.9-2020-q2-update.win32_1.5.0.202011040924/tools/bin/../lib/gcc/arm-none-eabi/9.3.1/thumb/v6-m/nofp\libgcc.a(_udivsi3.o)
 .ARM.attributes
                0x0000000000000299       0x1e c:/st/stm32cubeide_1.6.0/stm32cubeide/plugins/com.st.stm32cube.ide.mcu.externaltools.gnu-tools-for-stm32.9-2020-q2-update.win32_1.5.0.202011040924/tools/bin/../lib/gcc/arm-none-eabi/9.3.1/thumb/v6-m/nofp\libgcc.a(_dvmd_tls.o)
 .ARM.attributes
                0x00000000000002b7       0x1e c:/st/stm32cubeide_1.6.0/stm32cubeide/plugins/com.st.stm32cube.ide.mcu.externaltools.gnu-tools-for-stm32.9-2020-q2-update.win32_1.5.0.202011040924/tools/bin/../lib/gcc/arm-none-eabi/9.3.1/thumb/v6-m/nofp/crtn.o
OUTPUT(LESSON05.elf elf32-littlearm)
LOAD linker stubs
LOAD c:/st/stm32cubeide_1.6.0/stm32cubeide/plugins/com.st.stm32cube.ide.mcu.externaltools.gnu-tools-for-stm32.9-2020-q2-update.win32_1.5.0.202011040924/tools/bin/../lib/gcc/arm-none-eabi/9.3.1/../../../../arm-none-eabi/lib/thumb/v6-m/nofp\libc.a
LOAD c:/st/stm32cubeide_1.6.0/stm32cubeide/plugins/com.st.stm32cube.ide.mcu.externaltools.gnu-tools-for-stm32.9-2020-q2-update.win32_1.5.0.202011040924/tools/bin/../lib/gcc/arm-none-eabi/9.3.1/../../../../arm-none-eabi/lib/thumb/v6-m/nofp\libm.a
LOAD c:/st/stm32cubeide_1.6.0/stm32cubeide/plugins/com.st.stm32cube.ide.mcu.externaltools.gnu-tools-for-stm32.9-2020-q2-update.win32_1.5.0.202011040924/tools/bin/../lib/gcc/arm-none-eabi/9.3.1/thumb/v6-m/nofp\libgcc.a

.debug_info     0x0000000000000000      0xbc8
 .debug_info    0x0000000000000000       0xb4 Src/ANALOG.o
 .debug_info    0x00000000000000b4       0xb4 Src/BUZZER.o
 .debug_info    0x0000000000000168       0xc6 Src/CAN.o
 .debug_info    0x000000000000022e       0xc6 Src/I2CS.o
 .debug_info    0x00000000000002f4      0x116 Src/LED.o
 .debug_info    0x000000000000040a       0xb4 Src/LEDD.o
 .debug_info    0x00000000000004be       0xb8 Src/RELOJ.o
 .debug_info    0x0000000000000576      0x270 Src/SERIE.o
 .debug_info    0x00000000000007e6      0x160 Src/SWITCH.o
 .debug_info    0x0000000000000946      0x163 Src/SYSTEM.o
 .debug_info    0x0000000000000aa9       0xfd Src/main.o
 .debug_info    0x0000000000000ba6       0x22 Startup/startup_stm32f042k6tx.o

.debug_abbrev   0x0000000000000000      0x792
 .debug_abbrev  0x0000000000000000       0x83 Src/ANALOG.o
 .debug_abbrev  0x0000000000000083       0x83 Src/BUZZER.o
 .debug_abbrev  0x0000000000000106       0x83 Src/CAN.o
 .debug_abbrev  0x0000000000000189       0x83 Src/I2CS.o
 .debug_abbrev  0x000000000000020c       0xc7 Src/LED.o
 .debug_abbrev  0x00000000000002d3       0x83 Src/LEDD.o
 .debug_abbrev  0x0000000000000356       0x85 Src/RELOJ.o
 .debug_abbrev  0x00000000000003db      0x165 Src/SERIE.o
 .debug_abbrev  0x0000000000000540       0xce Src/SWITCH.o
 .debug_abbrev  0x000000000000060e       0xce Src/SYSTEM.o
 .debug_abbrev  0x00000000000006dc       0xa4 Src/main.o
 .debug_abbrev  0x0000000000000780       0x12 Startup/startup_stm32f042k6tx.o

.debug_aranges  0x0000000000000000      0x268
 .debug_aranges
                0x0000000000000000       0x28 Src/ANALOG.o
 .debug_aranges
                0x0000000000000028       0x28 Src/BUZZER.o
 .debug_aranges
                0x0000000000000050       0x30 Src/CAN.o
 .debug_aranges
                0x0000000000000080       0x30 Src/I2CS.o
 .debug_aranges
                0x00000000000000b0       0x30 Src/LED.o
 .debug_aranges
                0x00000000000000e0       0x28 Src/LEDD.o
 .debug_aranges
                0x0000000000000108       0x28 Src/RELOJ.o
 .debug_aranges
                0x0000000000000130       0x68 Src/SERIE.o
 .debug_aranges
                0x0000000000000198       0x38 Src/SWITCH.o
 .debug_aranges
                0x00000000000001d0       0x40 Src/SYSTEM.o
 .debug_aranges
                0x0000000000000210       0x30 Src/main.o
 .debug_aranges
                0x0000000000000240       0x28 Startup/startup_stm32f042k6tx.o

.debug_ranges   0x0000000000000000      0x1b0
 .debug_ranges  0x0000000000000000       0x18 Src/ANALOG.o
 .debug_ranges  0x0000000000000018       0x18 Src/BUZZER.o
 .debug_ranges  0x0000000000000030       0x20 Src/CAN.o
 .debug_ranges  0x0000000000000050       0x20 Src/I2CS.o
 .debug_ranges  0x0000000000000070       0x20 Src/LED.o
 .debug_ranges  0x0000000000000090       0x18 Src/LEDD.o
 .debug_ranges  0x00000000000000a8       0x18 Src/RELOJ.o
 .debug_ranges  0x00000000000000c0       0x58 Src/SERIE.o
 .debug_ranges  0x0000000000000118       0x28 Src/SWITCH.o
 .debug_ranges  0x0000000000000140       0x30 Src/SYSTEM.o
 .debug_ranges  0x0000000000000170       0x20 Src/main.o
 .debug_ranges  0x0000000000000190       0x20 Startup/startup_stm32f042k6tx.o

.debug_macro    0x0000000000000000     0x1da8
 .debug_macro   0x0000000000000000       0x46 Src/ANALOG.o
 .debug_macro   0x0000000000000046      0xa84 Src/ANALOG.o
 .debug_macro   0x0000000000000aca       0x1c Src/ANALOG.o
 .debug_macro   0x0000000000000ae6       0x9a Src/ANALOG.o
 .debug_macro   0x0000000000000b80      0xdc5 Src/ANALOG.o
 .debug_macro   0x0000000000001945       0x46 Src/BUZZER.o
 .debug_macro   0x000000000000198b       0x50 Src/CAN.o
 .debug_macro   0x00000000000019db       0x50 Src/I2CS.o
 .debug_macro   0x0000000000001a2b       0x52 Src/LED.o
 .debug_macro   0x0000000000001a7d       0x46 Src/LEDD.o
 .debug_macro   0x0000000000001ac3       0x46 Src/RELOJ.o
 .debug_macro   0x0000000000001b09       0x72 Src/SERIE.o
 .debug_macro   0x0000000000001b7b       0x63 Src/SWITCH.o
 .debug_macro   0x0000000000001bde       0x28 Src/SWITCH.o
 .debug_macro   0x0000000000001c06      0x104 Src/SYSTEM.o
 .debug_macro   0x0000000000001d0a       0x16 Src/SYSTEM.o
 .debug_macro   0x0000000000001d20       0x78 Src/main.o
 .debug_macro   0x0000000000001d98       0x10 Src/main.o

.debug_line     0x0000000000000000      0xd3e
 .debug_line    0x0000000000000000       0xb2 Src/ANALOG.o
 .debug_line    0x00000000000000b2       0xb1 Src/BUZZER.o
 .debug_line    0x0000000000000163       0xcf Src/CAN.o
 .debug_line    0x0000000000000232       0xd2 Src/I2CS.o
 .debug_line    0x0000000000000304       0xea Src/LED.o
 .debug_line    0x00000000000003ee       0xab Src/LEDD.o
 .debug_line    0x0000000000000499       0xb3 Src/RELOJ.o
 .debug_line    0x000000000000054c      0x285 Src/SERIE.o
 .debug_line    0x00000000000007d1      0x179 Src/SWITCH.o
 .debug_line    0x000000000000094a      0x231 Src/SYSTEM.o
 .debug_line    0x0000000000000b7b      0x13f Src/main.o
 .debug_line    0x0000000000000cba       0x84 Startup/startup_stm32f042k6tx.o

.debug_str      0x0000000000000000     0xa0bd
 .debug_str     0x0000000000000000     0x9a78 Src/ANALOG.o
                                       0x9afc (size before relaxing)
 .debug_str     0x0000000000009a78       0x3d Src/BUZZER.o
                                       0x9afc (size before relaxing)
 .debug_str     0x0000000000009ab5       0x55 Src/CAN.o
                                       0x9b14 (size before relaxing)
 .debug_str     0x0000000000009b0a       0x43 Src/I2CS.o
                                       0x9b16 (size before relaxing)
 .debug_str     0x0000000000009b4d       0x7a Src/LED.o
                                       0x9b39 (size before relaxing)
 .debug_str     0x0000000000009bc7       0x33 Src/LEDD.o
                                       0x9af2 (size before relaxing)
 .debug_str     0x0000000000009bfa       0x3c Src/RELOJ.o
                                       0x9afb (size before relaxing)
 .debug_str     0x0000000000009c36      0x126 Src/SERIE.o
                                       0x9c03 (size before relaxing)
 .debug_str     0x0000000000009d5c      0x1fa Src/SWITCH.o
                                       0x9cb9 (size before relaxing)
 .debug_str     0x0000000000009f56       0xce Src/SYSTEM.o
                                       0x9d00 (size before relaxing)
 .debug_str     0x000000000000a024       0x35 Src/main.o
                                       0x2f10 (size before relaxing)
 .debug_str     0x000000000000a059       0x64 Startup/startup_stm32f042k6tx.o

.comment        0x0000000000000000       0x53
 .comment       0x0000000000000000       0x53 Src/ANALOG.o
                                         0x54 (size before relaxing)
 .comment       0x0000000000000053       0x54 Src/BUZZER.o
 .comment       0x0000000000000053       0x54 Src/CAN.o
 .comment       0x0000000000000053       0x54 Src/I2CS.o
 .comment       0x0000000000000053       0x54 Src/LED.o
 .comment       0x0000000000000053       0x54 Src/LEDD.o
 .comment       0x0000000000000053       0x54 Src/RELOJ.o
 .comment       0x0000000000000053       0x54 Src/SERIE.o
 .comment       0x0000000000000053       0x54 Src/SWITCH.o
 .comment       0x0000000000000053       0x54 Src/SYSTEM.o
 .comment       0x0000000000000053       0x54 Src/main.o

.debug_frame    0x0000000000000000      0x59c
 .debug_frame   0x0000000000000000       0x4c Src/ANALOG.o
 .debug_frame   0x000000000000004c       0x4c Src/BUZZER.o
 .debug_frame   0x0000000000000098       0x68 Src/CAN.o
 .debug_frame   0x0000000000000100       0x68 Src/I2CS.o
 .debug_frame   0x0000000000000168       0x70 Src/LED.o
 .debug_frame   0x00000000000001d8       0x4c Src/LEDD.o
 .debug_frame   0x0000000000000224       0x4c Src/RELOJ.o
 .debug_frame   0x0000000000000270      0x144 Src/SERIE.o
 .debug_frame   0x00000000000003b4       0x88 Src/SWITCH.o
 .debug_frame   0x000000000000043c       0xa8 Src/SYSTEM.o
 .debug_frame   0x00000000000004e4       0x6c Src/main.o
 .debug_frame   0x0000000000000550       0x2c c:/st/stm32cubeide_1.6.0/stm32cubeide/plugins/com.st.stm32cube.ide.mcu.externaltools.gnu-tools-for-stm32.9-2020-q2-update.win32_1.5.0.202011040924/tools/bin/../lib/gcc/arm-none-eabi/9.3.1/../../../../arm-none-eabi/lib/thumb/v6-m/nofp\libc_nano.a(lib_a-init.o)
 .debug_frame   0x000000000000057c       0x20 c:/st/stm32cubeide_1.6.0/stm32cubeide/plugins/com.st.stm32cube.ide.mcu.externaltools.gnu-tools-for-stm32.9-2020-q2-update.win32_1.5.0.202011040924/tools/bin/../lib/gcc/arm-none-eabi/9.3.1/thumb/v6-m/nofp\libgcc.a(_udivsi3.o)
