10:47:11 **** Incremental Build of configuration Debug for project Blink-Led ****
make -j4 all 
arm-none-eabi-gcc "../Src/main.c" -mcpu=cortex-m0 -std=gnu11 -g3 -DDEBUG -DSTM32 -DSTM32F0 -DSTM32F042K6Tx -c -I../Inc -O0 -ffunction-sections -fdata-sections -Wall -fstack-usage -MMD -MP -MF"Src/main.d" -MT"Src/main.o" --specs=nano.specs -mfloat-abi=soft -mthumb -o "Src/main.o"
arm-none-eabi-gcc -o "Blink-Led.elf" @"objects.list"   -mcpu=cortex-m0 -T"Q:\06.Cursos y formacion\202104-Curso de Software embebido\3-Carpetas de usuarios\Jose Maria\Blink-Led\STM32F042K6TX_FLASH.ld" --specs=nosys.specs -Wl,-Map="Blink-Led.map" -Wl,--gc-sections -static --specs=nano.specs -mfloat-abi=soft -mthumb -Wl,--start-group -lc -lm -Wl,--end-group
Finished building target: Blink-Led.elf
 
arm-none-eabi-objdump -h -S  Blink-Led.elf  > "Blink-Led.list"
arm-none-eabi-objcopy  -O binary  Blink-Led.elf  "Blink-Led.bin"
arm-none-eabi-size   Blink-Led.elf 
   text	   data	    bss	    dec	    hex	filename
    572	      8	   1568	   2148	    864	Blink-Led.elf
Finished building: default.size.stdout
 
Finished building: Blink-Led.list
Finished building: Blink-Led.bin
 
 

10:47:12 Build Finished. 0 errors, 0 warnings. (took 1s.378ms)

