11:35:36 **** Incremental Build of configuration Debug for project Blink_Led_Interrupts ****
make -j4 all 
arm-none-eabi-gcc "../Src/main.c" -mcpu=cortex-m0 -std=gnu11 -g3 -DDEBUG -DSTM32 -DSTM32F0 -DNUCLEO_F042K6 -DSTM32F042K6Tx -c -I../Inc -O0 -ffunction-sections -fdata-sections -Wall -fstack-usage -MMD -MP -MF"Src/main.d" -MT"Src/main.o" --specs=nano.specs -mfloat-abi=soft -mthumb -o "Src/main.o"
arm-none-eabi-gcc -o "Blink_Led_Interrupts.elf" @"objects.list"   -mcpu=cortex-m0 -T"Q:\06.Cursos y formacion\202104-Curso de Software embebido\3-Carpetas de usuarios\Jose Maria\Blink_Led_Interrupts\STM32F042K6TX_FLASH.ld" --specs=nosys.specs -Wl,-Map="Blink_Led_Interrupts.map" -Wl,--gc-sections -static --specs=nano.specs -mfloat-abi=soft -mthumb -Wl,--start-group -lc -lm -Wl,--end-group
Finished building target: Blink_Led_Interrupts.elf
 
arm-none-eabi-objdump -h -S  Blink_Led_Interrupts.elf  > "Blink_Led_Interrupts.list"
arm-none-eabi-objcopy  -O binary  Blink_Led_Interrupts.elf  "Blink_Led_Interrupts.bin"
arm-none-eabi-size   Blink_Led_Interrupts.elf 
   text	   data	    bss	    dec	    hex	filename
    968	      8	   1576	   2552	    9f8	Blink_Led_Interrupts.elf
Finished building: default.size.stdout
 
Finished building: Blink_Led_Interrupts.bin
Finished building: Blink_Led_Interrupts.list
 
 

11:35:37 Build Finished. 0 errors, 0 warnings. (took 1s.300ms)

